 Get_RE_RhythmCalc_Sig2Mbed_plotdTdAV2_sfun

 Timestamp is 52d98efb (Sat Jan 18 05:13:47 2014)

 Preferred load address is 0000000180000000

 Start         Length     Name                   Class
 0001:00000000 000419f4H .text                   CODE
 0001:00041a00 00000092H .text$x                 CODE
 0002:00000000 000004a0H .idata$5                DATA
 0002:000004a0 00000008H .CRT$XCA                DATA
 0002:000004a8 00000008H .CRT$XCZ                DATA
 0002:000004b0 00000008H .CRT$XIA                DATA
 0002:000004b8 00000008H .CRT$XIAA               DATA
 0002:000004c0 00000008H .CRT$XIZ                DATA
 0002:000004d0 00004b8cH .rdata                  DATA
 0002:00005060 00000008H .rtc$IAA                DATA
 0002:00005068 00000008H .rtc$IZZ                DATA
 0002:00005070 00000008H .rtc$TAA                DATA
 0002:00005078 00000008H .rtc$TZZ                DATA
 0002:00005080 00004464H .xdata                  DATA
 0002:000094e4 000000a0H .idata$2                DATA
 0002:00009584 00000014H .idata$3                DATA
 0002:00009598 000004a0H .idata$4                DATA
 0002:00009a38 00000adcH .idata$6                DATA
 0002:0000a520 00000070H .edata                  DATA
 0003:00000000 00005f58H .data                   DATA
 0003:00005f60 00002458H .bss                    DATA
 0004:00000000 000034f8H .pdata                  DATA

  Address         Publics by Value              Rva+Base               Lib:Object

 0000:00000000       ___safe_se_handler_table   0000000000000000     <absolute>
 0000:00000000       ___safe_se_handler_count   0000000000000000     <absolute>
 0000:00000000       __ImageBase                0000000180000000     <linker-defined>
 0001:00000000       sf_c1_Get_RE_RhythmCalc_Sig2Mbed_plotdTdAV2_get_eml_resolved_functions_info 0000000180001000 f   c1_Get_RE_RhythmCalc_Sig2Mbed_plotdTdAV2.obj
 0001:00000b00       sf_c1_Get_RE_RhythmCalc_Sig2Mbed_plotdTdAV2_get_check_sum 0000000180001b00 f   c1_Get_RE_RhythmCalc_Sig2Mbed_plotdTdAV2.obj
 0001:00000b80       sf_c1_Get_RE_RhythmCalc_Sig2Mbed_plotdTdAV2_get_autoinheritance_info 0000000180001b80 f   c1_Get_RE_RhythmCalc_Sig2Mbed_plotdTdAV2.obj
 0001:00000e20       sf_c1_Get_RE_RhythmCalc_Sig2Mbed_plotdTdAV2_third_party_uses_info 0000000180001e20 f   c1_Get_RE_RhythmCalc_Sig2Mbed_plotdTdAV2.obj
 0001:00000e50       sf_internal_get_sim_state_c1_Get_RE_RhythmCalc_Sig2Mbed_plotdTdAV2 0000000180001e50 f   c1_Get_RE_RhythmCalc_Sig2Mbed_plotdTdAV2.obj
 0001:000010f0       sf_internal_set_sim_state_c1_Get_RE_RhythmCalc_Sig2Mbed_plotdTdAV2 00000001800020f0 f   c1_Get_RE_RhythmCalc_Sig2Mbed_plotdTdAV2.obj
 0001:000013a0       c1_Get_RE_RhythmCalc_Sig2Mbed_plotdTdAV2_method_dispatcher 00000001800023a0 f   c1_Get_RE_RhythmCalc_Sig2Mbed_plotdTdAV2.obj
 0001:00004200       sf_c2_Get_RE_RhythmCalc_Sig2Mbed_plotdTdAV2_get_eml_resolved_functions_info 0000000180005200 f   c2_Get_RE_RhythmCalc_Sig2Mbed_plotdTdAV2.obj
 0001:00005220       sf_c2_Get_RE_RhythmCalc_Sig2Mbed_plotdTdAV2_get_check_sum 0000000180006220 f   c2_Get_RE_RhythmCalc_Sig2Mbed_plotdTdAV2.obj
 0001:000052a0       sf_c2_Get_RE_RhythmCalc_Sig2Mbed_plotdTdAV2_get_autoinheritance_info 00000001800062a0 f   c2_Get_RE_RhythmCalc_Sig2Mbed_plotdTdAV2.obj
 0001:00005960       sf_c2_Get_RE_RhythmCalc_Sig2Mbed_plotdTdAV2_third_party_uses_info 0000000180006960 f   c2_Get_RE_RhythmCalc_Sig2Mbed_plotdTdAV2.obj
 0001:00005990       sf_internal_get_sim_state_c2_Get_RE_RhythmCalc_Sig2Mbed_plotdTdAV2 0000000180006990 f   c2_Get_RE_RhythmCalc_Sig2Mbed_plotdTdAV2.obj
 0001:00005d60       sf_internal_set_sim_state_c2_Get_RE_RhythmCalc_Sig2Mbed_plotdTdAV2 0000000180006d60 f   c2_Get_RE_RhythmCalc_Sig2Mbed_plotdTdAV2.obj
 0001:00006180       c2_Get_RE_RhythmCalc_Sig2Mbed_plotdTdAV2_method_dispatcher 0000000180007180 f   c2_Get_RE_RhythmCalc_Sig2Mbed_plotdTdAV2.obj
 0001:00006f90       sf_c4_Get_RE_RhythmCalc_Sig2Mbed_plotdTdAV2_get_eml_resolved_functions_info 0000000180007f90 f   c4_Get_RE_RhythmCalc_Sig2Mbed_plotdTdAV2.obj
 0001:000087c0       sf_c4_Get_RE_RhythmCalc_Sig2Mbed_plotdTdAV2_get_check_sum 00000001800097c0 f   c4_Get_RE_RhythmCalc_Sig2Mbed_plotdTdAV2.obj
 0001:00008840       sf_c4_Get_RE_RhythmCalc_Sig2Mbed_plotdTdAV2_get_autoinheritance_info 0000000180009840 f   c4_Get_RE_RhythmCalc_Sig2Mbed_plotdTdAV2.obj
 0001:00009270       sf_c4_Get_RE_RhythmCalc_Sig2Mbed_plotdTdAV2_third_party_uses_info 000000018000a270 f   c4_Get_RE_RhythmCalc_Sig2Mbed_plotdTdAV2.obj
 0001:000092a0       sf_internal_get_sim_state_c4_Get_RE_RhythmCalc_Sig2Mbed_plotdTdAV2 000000018000a2a0 f   c4_Get_RE_RhythmCalc_Sig2Mbed_plotdTdAV2.obj
 0001:00009540       sf_internal_set_sim_state_c4_Get_RE_RhythmCalc_Sig2Mbed_plotdTdAV2 000000018000a540 f   c4_Get_RE_RhythmCalc_Sig2Mbed_plotdTdAV2.obj
 0001:000097c0       c4_Get_RE_RhythmCalc_Sig2Mbed_plotdTdAV2_method_dispatcher 000000018000a7c0 f   c4_Get_RE_RhythmCalc_Sig2Mbed_plotdTdAV2.obj
 0001:0000beb0       sf_c5_Get_RE_RhythmCalc_Sig2Mbed_plotdTdAV2_get_eml_resolved_functions_info 000000018000ceb0 f   c5_Get_RE_RhythmCalc_Sig2Mbed_plotdTdAV2.obj
 0001:0000d070       sf_c5_Get_RE_RhythmCalc_Sig2Mbed_plotdTdAV2_get_check_sum 000000018000e070 f   c5_Get_RE_RhythmCalc_Sig2Mbed_plotdTdAV2.obj
 0001:0000d0f0       sf_c5_Get_RE_RhythmCalc_Sig2Mbed_plotdTdAV2_get_autoinheritance_info 000000018000e0f0 f   c5_Get_RE_RhythmCalc_Sig2Mbed_plotdTdAV2.obj
 0001:0000d8f0       sf_c5_Get_RE_RhythmCalc_Sig2Mbed_plotdTdAV2_third_party_uses_info 000000018000e8f0 f   c5_Get_RE_RhythmCalc_Sig2Mbed_plotdTdAV2.obj
 0001:0000d920       sf_internal_get_sim_state_c5_Get_RE_RhythmCalc_Sig2Mbed_plotdTdAV2 000000018000e920 f   c5_Get_RE_RhythmCalc_Sig2Mbed_plotdTdAV2.obj
 0001:0000de40       sf_internal_set_sim_state_c5_Get_RE_RhythmCalc_Sig2Mbed_plotdTdAV2 000000018000ee40 f   c5_Get_RE_RhythmCalc_Sig2Mbed_plotdTdAV2.obj
 0001:0000e420       c5_Get_RE_RhythmCalc_Sig2Mbed_plotdTdAV2_method_dispatcher 000000018000f420 f   c5_Get_RE_RhythmCalc_Sig2Mbed_plotdTdAV2.obj
 0001:0000f580       sf_process_check_sum_call  0000000180010580 f   Get_RE_RhythmCalc_Sig2Mbed_plotdTdAV2_sfun_registry.obj
 0001:0000f5d0       sf_process_autoinheritance_call 00000001800105d0 f   Get_RE_RhythmCalc_Sig2Mbed_plotdTdAV2_sfun_registry.obj
 0001:0000f770       sf_process_get_third_party_uses_info_call 0000000180010770 f   Get_RE_RhythmCalc_Sig2Mbed_plotdTdAV2_sfun_registry.obj
 0001:0000f910       sf_process_get_eml_resolved_functions_info_call 0000000180010910 f   Get_RE_RhythmCalc_Sig2Mbed_plotdTdAV2_sfun_registry.obj
 0001:0000fa90       sf_mex_unlock_call         0000000180010a90 f   Get_RE_RhythmCalc_Sig2Mbed_plotdTdAV2_sfun_registry.obj
 0001:0000fb40       sf_machine_global_initializer_called 0000000180010b40 f   Get_RE_RhythmCalc_Sig2Mbed_plotdTdAV2_sfun_registry.obj
 0001:0000fb70       sf_machine_global_method_dispatcher 0000000180010b70 f   Get_RE_RhythmCalc_Sig2Mbed_plotdTdAV2_sfun_registry.obj
 0001:0000fbd0       sf_machine_global_terminator 0000000180010bd0 f   Get_RE_RhythmCalc_Sig2Mbed_plotdTdAV2_sfun_registry.obj
 0001:0000fc20       sf_register_machine_exported_symbols 0000000180010c20 f   Get_RE_RhythmCalc_Sig2Mbed_plotdTdAV2_sfun_registry.obj
 0001:0000fc40       callCustomFcn              0000000180010c40 f   Get_RE_RhythmCalc_Sig2Mbed_plotdTdAV2_sfun_registry.obj
 0001:0000fc50       sf_machine_global_initializer 0000000180010c50 f   Get_RE_RhythmCalc_Sig2Mbed_plotdTdAV2_sfun_registry.obj
 0001:0000fcd0       _ssSetStateAbsTol          0000000180010cd0 f   Get_RE_RhythmCalc_Sig2Mbed_plotdTdAV2_sfun_registry.obj
 0001:0000fdb0       _ssGetAbsTol               0000000180010db0 f   Get_RE_RhythmCalc_Sig2Mbed_plotdTdAV2_sfun_registry.obj
 0001:0000fe20       _ssSetInputPortMatrixDimensions 0000000180010e20 f   Get_RE_RhythmCalc_Sig2Mbed_plotdTdAV2_sfun_registry.obj
 0001:0000ff30       _ssSetOutputPortMatrixDimensions 0000000180010f30 f   Get_RE_RhythmCalc_Sig2Mbed_plotdTdAV2_sfun_registry.obj
 0001:00010040       _ssSetInputPortVectorDimension 0000000180011040 f   Get_RE_RhythmCalc_Sig2Mbed_plotdTdAV2_sfun_registry.obj
 0001:00010110       _ssSetOutputPortVectorDimension 0000000180011110 f   Get_RE_RhythmCalc_Sig2Mbed_plotdTdAV2_sfun_registry.obj
 0001:000101e0       ssIsRunTimeParamTunable    00000001800111e0 f   Get_RE_RhythmCalc_Sig2Mbed_plotdTdAV2_sfun_registry.obj
 0001:00010250       ssGetSFuncBlockHandle      0000000180011250 f   Get_RE_RhythmCalc_Sig2Mbed_plotdTdAV2_sfun_registry.obj
 0001:000102c0       _ssGetCurrentInputPortWidth 00000001800112c0 f   Get_RE_RhythmCalc_Sig2Mbed_plotdTdAV2_sfun_registry.obj
 0001:000103e0       _ssGetCurrentOutputPortWidth 00000001800113e0 f   Get_RE_RhythmCalc_Sig2Mbed_plotdTdAV2_sfun_registry.obj
 0001:00010500       _ssGetCallSystemNumFcnCallDestinations 0000000180011500 f   Get_RE_RhythmCalc_Sig2Mbed_plotdTdAV2_sfun_registry.obj
 0001:00010570       ssWarning                  0000000180011570 f   Get_RE_RhythmCalc_Sig2Mbed_plotdTdAV2_sfun_registry.obj
 0001:00010680       ssGetIsZeroCrossControlDisabled 0000000180011680 f   Get_RE_RhythmCalc_Sig2Mbed_plotdTdAV2_sfun_registry.obj
 0001:000106f0       ssSetIsInputPortUsedForContZcSignal 00000001800116f0 f   Get_RE_RhythmCalc_Sig2Mbed_plotdTdAV2_sfun_registry.obj
 0001:00010760       ssSetZcSignalIsZcElementDisc 0000000180011760 f   Get_RE_RhythmCalc_Sig2Mbed_plotdTdAV2_sfun_registry.obj
 0001:00010810       ssSetZcSignalName          0000000180011810 f   Get_RE_RhythmCalc_Sig2Mbed_plotdTdAV2_sfun_registry.obj
 0001:00010880       ssSetZcSignalWidth         0000000180011880 f   Get_RE_RhythmCalc_Sig2Mbed_plotdTdAV2_sfun_registry.obj
 0001:000108f0       ssSetZcSignalZcEventType   00000001800118f0 f   Get_RE_RhythmCalc_Sig2Mbed_plotdTdAV2_sfun_registry.obj
 0001:00010960       ssSetZcSignalType          0000000180011960 f   Get_RE_RhythmCalc_Sig2Mbed_plotdTdAV2_sfun_registry.obj
 0001:000109d0       ssSetZcSignalZcTol         00000001800119d0 f   Get_RE_RhythmCalc_Sig2Mbed_plotdTdAV2_sfun_registry.obj
 0001:00010a40       ssSetZcSignalNeedsEventNotification 0000000180011a40 f   Get_RE_RhythmCalc_Sig2Mbed_plotdTdAV2_sfun_registry.obj
 0001:00010ab0       ssCreateAndAddZcSignalInfo 0000000180011ab0 f   Get_RE_RhythmCalc_Sig2Mbed_plotdTdAV2_sfun_registry.obj
 0001:00010b20       ssCloneAndAddZcSignalInfo  0000000180011b20 f   Get_RE_RhythmCalc_Sig2Mbed_plotdTdAV2_sfun_registry.obj
 0001:00010b90       ssGetNumZcSignals          0000000180011b90 f   Get_RE_RhythmCalc_Sig2Mbed_plotdTdAV2_sfun_registry.obj
 0001:00010c00       ssGetZcSignalVector        0000000180011c00 f   Get_RE_RhythmCalc_Sig2Mbed_plotdTdAV2_sfun_registry.obj
 0001:00010c70       ssGetZcSignalZcEvents      0000000180011c70 f   Get_RE_RhythmCalc_Sig2Mbed_plotdTdAV2_sfun_registry.obj
 0001:00010ce0       ssGetZcSignalName          0000000180011ce0 f   Get_RE_RhythmCalc_Sig2Mbed_plotdTdAV2_sfun_registry.obj
 0001:00010d50       ssGetZcSignalWidth         0000000180011d50 f   Get_RE_RhythmCalc_Sig2Mbed_plotdTdAV2_sfun_registry.obj
 0001:00010dc0       ssGetZcSignalZcEventType   0000000180011dc0 f   Get_RE_RhythmCalc_Sig2Mbed_plotdTdAV2_sfun_registry.obj
 0001:00010e30       ssGetZcSignalType          0000000180011e30 f   Get_RE_RhythmCalc_Sig2Mbed_plotdTdAV2_sfun_registry.obj
 0001:00010ea0       ssGetZcSignalZcTol         0000000180011ea0 f   Get_RE_RhythmCalc_Sig2Mbed_plotdTdAV2_sfun_registry.obj
 0001:00010f20       ssGetZcSignalNeedsEventNotification 0000000180011f20 f   Get_RE_RhythmCalc_Sig2Mbed_plotdTdAV2_sfun_registry.obj
 0001:00010f90       ssGetZcSignalIsZcElementDisc 0000000180011f90 f   Get_RE_RhythmCalc_Sig2Mbed_plotdTdAV2_sfun_registry.obj
 0001:00011030       ssGetIsInputPortElementContinuous 0000000180012030 f   Get_RE_RhythmCalc_Sig2Mbed_plotdTdAV2_sfun_registry.obj
 0001:000110d0       _ssGetInputPortSignalPtrsFcn 00000001800120d0 f   Get_RE_RhythmCalc_Sig2Mbed_plotdTdAV2_sfun_registry.obj
 0001:00011390       _ssGetInputPortSignalFcn   0000000180012390 f   Get_RE_RhythmCalc_Sig2Mbed_plotdTdAV2_sfun_registry.obj
 0001:000115b0       _ssSetInputPortDirectFeedThroughFcn 00000001800125b0 f   Get_RE_RhythmCalc_Sig2Mbed_plotdTdAV2_sfun_registry.obj
 0001:00011710       _ssSetInputPortReusableFcn 0000000180012710 f   Get_RE_RhythmCalc_Sig2Mbed_plotdTdAV2_sfun_registry.obj
 0001:00011800       _ssSetOutputPortReusableFcn 0000000180012800 f   Get_RE_RhythmCalc_Sig2Mbed_plotdTdAV2_sfun_registry.obj
 0001:000118e0       ssGetDTypeIdFromMxArray    00000001800128e0 f   Get_RE_RhythmCalc_Sig2Mbed_plotdTdAV2_sfun_registry.obj
 0001:00011a00       ssWriteRTWStr              0000000180012a00 f   Get_RE_RhythmCalc_Sig2Mbed_plotdTdAV2_sfun_registry.obj
 0001:00011a60       ssWriteRTWMxVectParam      0000000180012a60 f   Get_RE_RhythmCalc_Sig2Mbed_plotdTdAV2_sfun_registry.obj
 0001:00011ac0       ssWriteRTWMx2dMatParam     0000000180012ac0 f   Get_RE_RhythmCalc_Sig2Mbed_plotdTdAV2_sfun_registry.obj
 0001:00011b40       ssWriteRTWNameValuePair    0000000180012b40 f   Get_RE_RhythmCalc_Sig2Mbed_plotdTdAV2_sfun_registry.obj
 0001:00012030       ssWriteRTWParameters       0000000180013030 f   Get_RE_RhythmCalc_Sig2Mbed_plotdTdAV2_sfun_registry.obj
 0001:00012630       ssWriteRTWParamSettings    0000000180013630 f   Get_RE_RhythmCalc_Sig2Mbed_plotdTdAV2_sfun_registry.obj
 0001:00012d00       ssWriteRTWWorkVect         0000000180013d00 f   Get_RE_RhythmCalc_Sig2Mbed_plotdTdAV2_sfun_registry.obj
 0001:00013200       mexFunction                0000000180014200 f   Get_RE_RhythmCalc_Sig2Mbed_plotdTdAV2_sfun_registry.obj
 0001:00014f30       ProcessMexSfunctionEveryCall 0000000180015f30 f   Get_RE_RhythmCalc_Sig2Mbed_plotdTdAV2_sfun_registry.obj
 0001:000150a0       Get_RE_RhythmCalc_Sig2Mbed_plotdTdAV2_initializer 00000001800160a0 f   Get_RE_RhythmCalc_Sig2Mbed_plotdTdAV2_sfun.obj
 0001:000150b0       Get_RE_RhythmCalc_Sig2Mbed_plotdTdAV2_terminator 00000001800160b0 f   Get_RE_RhythmCalc_Sig2Mbed_plotdTdAV2_sfun.obj
 0001:000150c0       sf_Get_RE_RhythmCalc_Sig2Mbed_plotdTdAV2_method_dispatcher 00000001800160c0 f   Get_RE_RhythmCalc_Sig2Mbed_plotdTdAV2_sfun.obj
 0001:00015170       sf_Get_RE_RhythmCalc_Sig2Mbed_plotdTdAV2_process_check_sum_call 0000000180016170 f   Get_RE_RhythmCalc_Sig2Mbed_plotdTdAV2_sfun.obj
 0001:000155c0       sf_Get_RE_RhythmCalc_Sig2Mbed_plotdTdAV2_autoinheritance_info 00000001800165c0 f   Get_RE_RhythmCalc_Sig2Mbed_plotdTdAV2_sfun.obj
 0001:00015820       sf_Get_RE_RhythmCalc_Sig2Mbed_plotdTdAV2_get_eml_resolved_functions_info 0000000180016820 f   Get_RE_RhythmCalc_Sig2Mbed_plotdTdAV2_sfun.obj
 0001:00015a10       sf_Get_RE_RhythmCalc_Sig2Mbed_plotdTdAV2_third_party_uses_info 0000000180016a10 f   Get_RE_RhythmCalc_Sig2Mbed_plotdTdAV2_sfun.obj
 0001:00015c00       Get_RE_RhythmCalc_Sig2Mbed_plotdTdAV2_debug_initialize 0000000180016c00 f   Get_RE_RhythmCalc_Sig2Mbed_plotdTdAV2_sfun.obj
 0001:00015c80       Get_RE_RhythmCalc_Sig2Mbed_plotdTdAV2_register_exported_symbols 0000000180016c80 f   Get_RE_RhythmCalc_Sig2Mbed_plotdTdAV2_sfun.obj
 0001:00015c90       load_Get_RE_RhythmCalc_Sig2Mbed_plotdTdAV2_optimization_info 0000000180016c90 f   Get_RE_RhythmCalc_Sig2Mbed_plotdTdAV2_sfun.obj
 0001:00015ce0       unload_Get_RE_RhythmCalc_Sig2Mbed_plotdTdAV2_optimization_info 0000000180016ce0 f   Get_RE_RhythmCalc_Sig2Mbed_plotdTdAV2_sfun.obj
 0001:00015e00       sf_mex_mx_is_numeric       0000000180016e00 f   sfc_mex:sfc_mex.obj
 0001:00015e40       strcmp_ignore_ws           0000000180016e40 f   sfc_mex:sfc_mex.obj
 0001:00015f80       sf_mex_duplicatearraysafe  0000000180016f80 f   sfc_mex:sfc_mex.obj
 0001:000160e0       sf_set_error_debugger_context_message_fcn 00000001800170e0 f   sfc_mex:sfc_mex.obj
 0001:000160f0       sf_set_debugger_matlab_error_fcn 00000001800170f0 f   sfc_mex:sfc_mex.obj
 0001:00016130       sf_set_error_prefix_string 0000000180017130 f   sfc_mex:sfc_mex.obj
 0001:00016160       sf_get_error_prefix_string 0000000180017160 f   sfc_mex:sfc_mex.obj
 0001:00016170       sf_mex_enter_parallel_region 0000000180017170 f   sfc_mex:sfc_mex.obj
 0001:00016180       sf_mex_exit_parallel_region 0000000180017180 f   sfc_mex:sfc_mex.obj
 0001:00016190       sf_get_current_jmp_buf_ptr 0000000180017190 f   sfc_mex:sfc_mex.obj
 0001:000161a0       sf_set_current_jmp_buf_ptr 00000001800171a0 f   sfc_mex:sfc_mex.obj
 0001:000161b0       sf_mex_set_halt_simulation 00000001800171b0 f   sfc_mex:sfc_mex.obj
 0001:000161c0       sf_mex_get_halt_simulation 00000001800171c0 f   sfc_mex:sfc_mex.obj
 0001:000161d0       sf_mex_clear_error_message 00000001800171d0 f   sfc_mex:sfc_mex.obj
 0001:000161f0       sf_mex_get_error_message_for_read 00000001800171f0 f   sfc_mex:sfc_mex.obj
 0001:00016200       sf_mex_get_error_message_buffer_length 0000000180017200 f   sfc_mex:sfc_mex.obj
 0001:000162e0       sf_mex_warning_message     00000001800172e0 f   sfc_mex:sfc_mex.obj
 0001:00016350       sf_mex_v_errbuf_createf    0000000180017350 f   sfc_mex:sfc_mex.obj
 0001:00016360       sf_mex_errbuf_createf      0000000180017360 f   sfc_mex:sfc_mex.obj
 0001:00016390       sf_mex_v_errbuf_catf       0000000180017390 f   sfc_mex:sfc_mex.obj
 0001:000163d0       sf_mex_errbuf_catf         00000001800173d0 f   sfc_mex:sfc_mex.obj
 0001:00016420       sf_mex_errbuf_copy         0000000180017420 f   sfc_mex:sfc_mex.obj
 0001:00016430       sf_mex_errbuf_clear        0000000180017430 f   sfc_mex:sfc_mex.obj
 0001:00016440       sf_mex_errbuf_isempty      0000000180017440 f   sfc_mex:sfc_mex.obj
 0001:00016540       sf_mex_set_error_status    0000000180017540 f   sfc_mex:sfc_mex.obj
 0001:00016590       sf_mex_error_direct_call   0000000180017590 f   sfc_mex:sfc_mex.obj
 0001:000165b0       sf_mex_error_message_no_long_jump 00000001800175b0 f   sfc_mex:sfc_mex.obj
 0001:000165d0       sf_mex_long_jump_on_error  00000001800175d0 f   sfc_mex:sfc_mex.obj
 0001:00016600       sf_mex_call_matlab         0000000180017600 f   sfc_mex:sfc_mex.obj
 0001:00016720       sf_mex_check_builtin       0000000180017720 f   sfc_mex:sfc_mex.obj
 0001:000167c0       sf_mex_check_builtin_vs    00000001800177c0 f   sfc_mex:sfc_mex.obj
 0001:00016880       sf_mex_check_enum          0000000180017880 f   sfc_mex:sfc_mex.obj
 0001:00016900       sf_mex_create_enum         0000000180017900 f   sfc_mex:sfc_mex.obj
 0001:00016970       sf_mex_get_enum_element    0000000180017970 f   sfc_mex:sfc_mex.obj
 0001:00016980       sf_mex_createcellarray     0000000180017980 f   sfc_mex:sfc_mex.obj
 0001:00016990       sf_mex_setcell             0000000180017990 f   sfc_mex:sfc_mex.obj
 0001:000169a0       sf_mex_getcell             00000001800179a0 f   sfc_mex:sfc_mex.obj
 0001:000169b0       sf_mex_dup                 00000001800179b0 f   sfc_mex:sfc_mex.obj
 0001:000169d0       sf_mex_assign              00000001800179d0 f   sfc_mex:sfc_mex.obj
 0001:00016a50       sf_mex_destroy             0000000180017a50 f   sfc_mex:sfc_mex.obj
 0001:00016a80       mx_array_has_fi_type       0000000180017a80 f   sfc_mex:sfc_mex.obj
 0001:00016ab0       sf_mex_convert_from_fi     0000000180017ab0 f   sfc_mex:sfc_mex.obj
 0001:00016be0       sf_mex_convert_to_double   0000000180017be0 f   sfc_mex:sfc_mex.obj
 0001:00016d00       sf_mex_import_fi_vs        0000000180017d00 f   sfc_mex:sfc_mex.obj
 0001:00016f30       sf_matrix_matrix_index_ok  0000000180017f30 f   sfc_mex:sfc_mex.obj
 0001:00016fc0       sf_vector_vector_index_ok  0000000180017fc0 f   sfc_mex:sfc_mex.obj
 0001:00016ff0       ssGetCurrentInputPortDimensions_wrapper 0000000180017ff0 f   sfc_mex:sfc_mex.obj
 0001:00017010       ssGetCurrentOutputPortDimensions_wrapper 0000000180018010 f   sfc_mex:sfc_mex.obj
 0001:00017030       sf_mex_emlrt_context_is_debug_mode 0000000180018030 f   sfc_mex:sfc_mex.obj
 0001:00017040       sf_mex_emlrt_context_set_debug_mode 0000000180018040 f   sfc_mex:sfc_mex.obj
 0001:00017050       sf_mex_emlrtNameCapturePostProcessR2012a 0000000180018050 f   sfc_mex:sfc_mex.obj
 0001:000170c0       sf_clear_error_manager_info 00000001800180c0 f   sfc_mex:sfc_mex.obj
 0001:00017120       sf_mex_stop_simulation_abruptly_wo_error 0000000180018120 f   sfc_mex:sfc_mex.obj
 0001:00017160       sf_mex_error_message       0000000180018160 f   sfc_mex:sfc_mex.obj
 0001:000171d0       sf_react_to_error_in_matlab_call 00000001800181d0 f   sfc_mex:sfc_mex.obj
 0001:00017200       sf_mex_addfield            0000000180018200 f   sfc_mex:sfc_mex.obj
 0001:000172a0       sf_mex_getfield            00000001800182a0 f   sfc_mex:sfc_mex.obj
 0001:000175a0       sf_mex_check_class         00000001800185a0 f   sfc_mex:sfc_mex.obj
 0001:00017640       sf_mex_is_real             0000000180018640 f   sfc_mex:sfc_mex.obj
 0001:00017ab0       sf_mex_decode_encoded_mx_struct_array 0000000180018ab0 f   sfc_mex:sfc_mex.obj
 0001:00017da0       sf_mex_lw_bounds_check     0000000180018da0 f   sfc_mex:sfc_mex.obj
 0001:00017dd0       sf_mex_lw_size_eq_check_1d 0000000180018dd0 f   sfc_mex:sfc_mex.obj
 0001:00017df0       sf_mex_lw_size_eq_check_nd 0000000180018df0 f   sfc_mex:sfc_mex.obj
 0001:00017fd0       sf_mex_lw_dim_size_eq_check 0000000180018fd0 f   sfc_mex:sfc_mex.obj
 0001:00018000       sf_mex_lw_dim_size_geq_check 0000000180019000 f   sfc_mex:sfc_mex.obj
 0001:00018030       sf_mex_lw_sub_assign_size_check_nd 0000000180019030 f   sfc_mex:sfc_mex.obj
 0001:00018200       sf_mex_lw_runtime_error_msgid 0000000180019200 f   sfc_mex:sfc_mex.obj
 0001:000182f0       sf_mex_lw_matrix_matrix_index_check 00000001800192f0 f   sfc_mex:sfc_mex.obj
 0001:00018310       sf_mex_lw_vector_vector_index_check 0000000180019310 f   sfc_mex:sfc_mex.obj
 0001:00018350       sf_mex_lw_for_loop_vector_check 0000000180019350 f   sfc_mex:sfc_mex.obj
 0001:000183e0       sf_mex_lw_non_negative_check 00000001800193e0 f   sfc_mex:sfc_mex.obj
 0001:00018420       sf_mex_overflow_error      0000000180019420 f   sfc_mex:sfc_mex.obj
 0001:00018430       sf_mex_dividebyzero_error  0000000180019430 f   sfc_mex:sfc_mex.obj
 0001:00018440       sf_mex_unsafe_enum_error   0000000180019440 f   sfc_mex:sfc_mex.obj
 0001:00018450       sf_emlrtErrHandler         0000000180019450 f   sfc_mex:sfc_mex.obj
 0001:00018530       sf_mex_size_one_check      0000000180019530 f   sfc_mex:sfc_mex.obj
 0001:00018550       sf_mex_printf              0000000180019550 f   sfc_mex:sfc_mex.obj
 0001:00018720       sf_mex_check_size          0000000180019720 f   sfc_mex:sfc_mex.obj
 0001:000189c0       sf_mex_check_struct        00000001800199c0 f   sfc_mex:sfc_mex.obj
 0001:00018c20       sf_mex_check_struct_vs     0000000180019c20 f   sfc_mex:sfc_mex.obj
 0001:00018cb0       sf_mex_check_fi            0000000180019cb0 f   sfc_mex:sfc_mex.obj
 0001:00018db0       sf_mex_check_fi_vs         0000000180019db0 f   sfc_mex:sfc_mex.obj
 0001:00018e50       sf_echo_expression         0000000180019e50 f   sfc_mex:sfc_mex.obj
 0001:00018eb0       sf_assertion_failed        0000000180019eb0 f   sfc_mex:sfc_mex.obj
 0001:00019190       sf_mex_evalin              000000018001a190 f   sfc_mex:sfc_mex.obj
 0001:00019400       sf_mex_export              000000018001a400 f   sfc_mex:sfc_mex.obj
 0001:000194c0       sf_mex_get_ml_var_no_error 000000018001a4c0 f   sfc_mex:sfc_mex.obj
 0001:00019660       sf_mex_get_ml_var          000000018001a660 f   sfc_mex:sfc_mex.obj
 0001:00019af0       ml_set_element_value_in_array 000000018001aaf0 f   sfc_mex:sfc_mex.obj
 0001:0001abb0       sf_mex_call_impl           000000018001bbb0 f   sfc_mex:sfc_mex.obj
 0001:0001afd0       sf_mex_call_debug          000000018001bfd0 f   sfc_mex:sfc_mex.obj
 0001:0001b000       sf_mex_call                000000018001c000 f   sfc_mex:sfc_mex.obj
 0001:0001b650       sf_mex_createstruct        000000018001c650 f   sfc_mex:sfc_mex.obj
 0001:0001b760       sf_mex_createstructarray   000000018001c760 f   sfc_mex:sfc_mex.obj
 0001:0001b7e0       sf_mex_get_mx_datatype_from_sf_datatype 000000018001c7e0 f   sfc_mex:sfc_mex.obj
 0001:0001baf0       sf_mex_ml_var_sub          000000018001caf0 f   sfc_mex:sfc_mex.obj
 0001:0001bcd0       sf_mex_ml_var_subsasgn     000000018001ccd0 f   sfc_mex:sfc_mex.obj
 0001:0001c0d0       sf_mex_sub                 000000018001d0d0 f   sfc_mex:sfc_mex.obj
 0001:0001c2e0       sf_mex_subsasgn            000000018001d2e0 f   sfc_mex:sfc_mex.obj
 0001:0001c7f0       sf_mex_create              000000018001d7f0 f   sfc_mex:sfc_mex.obj
 0001:0001d190       sf_mex_import_named        000000018001e190 f   sfc_mex:sfc_mex.obj
 0001:0001d1f0       sf_mex_import              000000018001e1f0 f   sfc_mex:sfc_mex.obj
 0001:0001d240       sf_mex_import_vs           000000018001e240 f   sfc_mex:sfc_mex.obj
 0001:0001d350       sf_mex_lower_fixpt_mx_array 000000018001e350 f   sfc_mex:sfc_mex.obj
 0001:0001d650       sf_send_message_wrapper    000000018001e650 f   sfc_mex:sfc_sf.obj
 0001:0001d680       sf_receive_message_wrapper 000000018001e680 f   sfc_mex:sfc_sf.obj
 0001:0001d6c0       sf_check_out_message_wrapper 000000018001e6c0 f   sfc_mex:sfc_sf.obj
 0001:0001d700       sf_check_in_message_wrapper 000000018001e700 f   sfc_mex:sfc_sf.obj
 0001:0001d740       sf_no_message_wrapper      000000018001e740 f   sfc_mex:sfc_sf.obj
 0001:0001dad0       sim_mode_is_rtw_gen        000000018001ead0 f   sfc_mex:sfc_sf.obj
 0001:0001db00       sim_mode_is_external       000000018001eb00 f   sfc_mex:sfc_sf.obj
 0001:0001db10       sim_mode_is_modelref_sim   000000018001eb10 f   sfc_mex:sfc_sf.obj
 0001:0001db30       mdlInitializeSizes         000000018001eb30 f   sfc_mex:sfc_sf.obj
 0001:0001db50       mdlInitializeSampleTimes   000000018001eb50 f   sfc_mex:sfc_sf.obj
 0001:0001db90       mdlZeroCrossings           000000018001eb90 f   sfc_mex:sfc_sf.obj
 0001:0001dc80       mdlDerivatives             000000018001ec80 f   sfc_mex:sfc_sf.obj
 0001:0001dd40       mdl_initialize_conditions_processing 000000018001ed40 f   sfc_mex:sfc_sf.obj
 0001:0001dd70       mdlInitializeConditions    000000018001ed70 f   sfc_mex:sfc_sf.obj
 0001:0001de30       mdlGetSimState             000000018001ee30 f   sfc_mex:sfc_sf.obj
 0001:0001de40       mdlSetSimState             000000018001ee40 f   sfc_mex:sfc_sf.obj
 0001:0001de50       mdl_ext_mode_exec_processing 000000018001ee50 f   sfc_mex:sfc_sf.obj
 0001:0001de70       mdlExtModeExec             000000018001ee70 f   sfc_mex:sfc_sf.obj
 0001:0001e010       mdlTerminate               000000018001f010 f   sfc_mex:sfc_sf.obj
 0001:0001e080       mdlRTW                     000000018001f080 f   sfc_mex:sfc_sf.obj
 0001:0001e0b0       mdlSetWorkWidths           000000018001f0b0 f   sfc_mex:sfc_sf.obj
 0001:0001e0c0       mdlProcessParameters       000000018001f0c0 f   sfc_mex:sfc_sf.obj
 0001:0001e0d0       mdl_start_processing       000000018001f0d0 f   sfc_mex:sfc_sf.obj
 0001:0001e130       mdlStart                   000000018001f130 f   sfc_mex:sfc_sf.obj
 0001:0001e240       mdlEnable                  000000018001f240 f   sfc_mex:sfc_sf.obj
 0001:0001e320       mdlDisable                 000000018001f320 f   sfc_mex:sfc_sf.obj
 0001:0001e3e0       sf_get_chart_instance_ptr  000000018001f3e0 f   sfc_mex:sfc_sf.obj
 0001:0001e400       sf_load_rtw_optimization_info 000000018001f400 f   sfc_mex:sfc_sf.obj
 0001:0001e4d0       sf_update_buildInfo        000000018001f4d0 f   sfc_mex:sfc_sf.obj
 0001:0001e5d0       sf_rtw_info_uint_prop      000000018001f5d0 f   sfc_mex:sfc_sf.obj
 0001:0001e710       sf_is_chart_inlinable      000000018001f710 f   sfc_mex:sfc_sf.obj
 0001:0001e730       sf_mark_output_events_with_multiple_callers 000000018001f730 f   sfc_mex:sfc_sf.obj
 0001:0001e8c0       sf_mark_chart_reusable_outputs 000000018001f8c0 f   sfc_mex:sfc_sf.obj
 0001:0001eb20       sf_mark_chart_expressionable_inputs 000000018001fb20 f   sfc_mex:sfc_sf.obj
 0001:0001ed80       sf_get_subchart_simstruct  000000018001fd80 f   sfc_mex:sfc_sf.obj
 0001:0001edd0       sf_get_fixpt_data_type_id  000000018001fdd0 f   sfc_mex:sfc_sf.obj
 0001:0001ee10       sf_get_enum_data_type_id   000000018001fe10 f   sfc_mex:sfc_sf.obj
 0001:0001ee50       sf_get_param_data_type_id  000000018001fe50 f   sfc_mex:sfc_sf.obj
 0001:0001ee80       sf_mex_listen_for_ctrl_c_force 000000018001fe80 f   sfc_mex:sfc_sf.obj
 0001:0001ef90       sf_mex_draw_now            000000018001ff90 f   sfc_mex:sfc_sf.obj
 0001:0001efd0       sf_mex_set_debugger_sim_status_listener_fcn 000000018001ffd0 f   sfc_mex:sfc_sf.obj
 0001:0001efe0       sf_mex_listen_for_ctrl_c   000000018001ffe0 f   sfc_mex:sfc_sf.obj
 0001:0001f080       sf_mex_get_sfun_param      0000000180020080 f   sfc_mex:sfc_sf.obj
 0001:0001f0d0       sf_get_runtime_param_data  00000001800200d0 f   sfc_mex:sfc_sf.obj
 0001:0001f110       sf_call_output_fcn_call    0000000180020110 f   sfc_mex:sfc_sf.obj
 0001:0001f250       sf_call_output_fcn_enable  0000000180020250 f   sfc_mex:sfc_sf.obj
 0001:0001f2e0       sf_call_output_fcn_disable 00000001800202e0 f   sfc_mex:sfc_sf.obj
 0001:0001f370       sf_clear_rtw_identifier    0000000180020370 f   sfc_mex:sfc_sf.obj
 0001:0001fb90       sf_set_encoded_dwork_info  0000000180020b90 f   sfc_mex:sfc_sf.obj
 0001:0001fbe0       sf_get_dwork_info_from_mat_file 0000000180020be0 f   sfc_mex:sfc_sf.obj
 0001:0001fda0       sf_set_rtw_dwork_info      0000000180020da0 f   sfc_mex:sfc_sf.obj
 0001:0001ff10       mdlOutputs                 0000000180020f10 f   sfc_mex:sfc_sf.obj
 0001:00020030       sf_debug_chart_instance_initialized_quick 0000000180021030 f   sfc_debug:sfcdebug.obj
 0001:000200b0       sf_debug_disp              00000001800210b0 f   sfc_debug:sfcdebug.obj
 0001:00020380       sf_debug_data_runtime_size_mismatch_error_check 0000000180021380 f   sfc_debug:sfcdebug.obj
 0001:00020430       sf_debug_try_loading_machine 0000000180021430 f   sfc_debug:sfcdebug.obj
 0001:00020530       sf_debug_reset_current_state_configuration 0000000180021530 f   sfc_debug:sfcdebug.obj
 0001:000205b0       sf_debug_store_current_state_configuration 00000001800215b0 f   sfc_debug:sfcdebug.obj
 0001:00020630       sf_debug_restore_previous_state_configuration 0000000180021630 f   sfc_debug:sfcdebug.obj
 0001:000206b0       sf_debug_restore_previous_state_configuration2 00000001800216b0 f   sfc_debug:sfcdebug.obj
 0001:00020730       sf_debug_get_event_scope   0000000180021730 f   sfc_debug:sfcdebug.obj
 0001:000208a0       use_debugger_step_animation 00000001800218a0 f   sfc_debug:sfcdebug.obj
 0001:000208c0       sf_debug_get_script_id     00000001800218c0 f   sfc_debug:sfcdebug.obj
 0001:00020950       sf_debug_set_script_translation 0000000180021950 f   sfc_debug:sfcdebug.obj
 0001:00020ad0       sf_debug_extract_message_post_receive_info 0000000180021ad0 f   sfc_debug:sfcdebug.obj
 0001:00020c90       sf_debug_get_current_machine_id 0000000180021c90 f   sfc_debug:sfcdebug.obj
 0001:00020cb0       sf_debug_get_current_optional_integer 0000000180021cb0 f   sfc_debug:sfcdebug.obj
 0001:00020cc0       sf_debug_get_current_machine_number 0000000180021cc0 f   sfc_debug:sfcdebug.obj
 0001:00020ce0       sf_debug_get_current_machine_name 0000000180021ce0 f   sfc_debug:sfcdebug.obj
 0001:00020d00       sf_debug_get_current_chart_id 0000000180021d00 f   sfc_debug:sfcdebug.obj
 0001:00020d40       sf_debug_get_current_chart_number 0000000180021d40 f   sfc_debug:sfcdebug.obj
 0001:00020d50       sf_debug_get_current_instance_number 0000000180021d50 f   sfc_debug:sfcdebug.obj
 0001:00020d60       sf_debug_get_current_is_minor_time_step 0000000180021d60 f   sfc_debug:sfcdebug.obj
 0001:00020de0       sf_debug_get_current_object_type 0000000180021de0 f   sfc_debug:sfcdebug.obj
 0001:00020df0       sf_debug_get_current_instance_handle 0000000180021df0 f   sfc_debug:sfcdebug.obj
 0001:00020e50       sf_debug_get_current_event_type 0000000180021e50 f   sfc_debug:sfcdebug.obj
 0001:00020e60       sf_debug_get_current_object_id 0000000180021e60 f   sfc_debug:sfcdebug.obj
 0001:00020ea0       sf_debug_get_current_active_event_type 0000000180021ea0 f   sfc_debug:sfcdebug.obj
 0001:00020eb0       sf_debug_get_current_active_event_id 0000000180021eb0 f   sfc_debug:sfcdebug.obj
 0001:00020ef0       sf_debug_get_current_tag_type 0000000180021ef0 f   sfc_debug:sfcdebug.obj
 0001:00020f00       sf_debug_get_current_simulation_time 0000000180021f00 f   sfc_debug:sfcdebug.obj
 0001:00020f10       sf_debug_get_current_coverage_percentage 0000000180021f10 f   sfc_debug:sfcdebug.obj
 0001:00020f20       sf_debug_current_statement_context 0000000180021f20 f   sfc_debug:sfcdebug.obj
 0001:00020fa0       sf_debug_get_current_statement_info 0000000180021fa0 f   sfc_debug:sfcdebug.obj
 0001:00021140       sf_debug_terminate_instance 0000000180022140 f   sfc_debug:sfcdebug.obj
 0001:00021460       sf_debug_assertion_failed  0000000180022460 f   sfc_debug:sfcdebug.obj
 0001:00021630       sf_debug_create_debug_instance_struct 0000000180022630 f   sfc_debug:sfcdebug.obj
 0001:00021680       sf_debug_set_number_of_data_with_change_event_for_machine 0000000180022680 f   sfc_debug:sfcdebug.obj
 0001:000216d0       sf_debug_set_machine_event_thresholds 00000001800226d0 f   sfc_debug:sfcdebug.obj
 0001:000216f0       sf_debug_set_machine_event_scope 00000001800226f0 f   sfc_debug:sfcdebug.obj
 0001:00021740       sf_debug_set_machine_data_thresholds 0000000180022740 f   sfc_debug:sfcdebug.obj
 0001:00021790       sf_debug_set_machine_data_scope 0000000180022790 f   sfc_debug:sfcdebug.obj
 0001:00021830       sf_debug_set_machine_data_name 0000000180022830 f   sfc_debug:sfcdebug.obj
 0001:000218e0       sf_debug_set_machine_data_size 00000001800228e0 f   sfc_debug:sfcdebug.obj
 0001:00021a30       sf_debug_set_machine_data_type 0000000180022a30 f   sfc_debug:sfcdebug.obj
 0001:00021ba0       sf_debug_get_chart_data_number 0000000180022ba0 f   sfc_debug:sfcdebug.obj
 0001:00021bc0       sf_debug_get_chart_event_number 0000000180022bc0 f   sfc_debug:sfcdebug.obj
 0001:00021be0       sf_debug_set_chart_state_info 0000000180022be0 f   sfc_debug:sfcdebug.obj
 0001:00021c70       sf_debug_set_chart_decomposition 0000000180022c70 f   sfc_debug:sfcdebug.obj
 0001:00021ce0       sf_debug_set_chart_substate_count 0000000180022ce0 f   sfc_debug:sfcdebug.obj
 0001:00021dc0       sf_debug_set_chart_substate_index 0000000180022dc0 f   sfc_debug:sfcdebug.obj
 0001:00021e40       sf_debug_set_chart_state_substate_count 0000000180022e40 f   sfc_debug:sfcdebug.obj
 0001:00021f60       sf_debug_set_chart_state_substate_index 0000000180022f60 f   sfc_debug:sfcdebug.obj
 0001:00021ff0       sf_debug_set_number_of_data_with_change_event_for_chart 0000000180022ff0 f   sfc_debug:sfcdebug.obj
 0001:00022080       sf_debug_set_number_of_states_with_entry_event_for_chart 0000000180023080 f   sfc_debug:sfcdebug.obj
 0001:00022100       sf_debug_set_number_of_states_with_exit_event_for_chart 0000000180023100 f   sfc_debug:sfcdebug.obj
 0001:00022180       sf_debug_set_chart_disable_implicit_casting 0000000180023180 f   sfc_debug:sfcdebug.obj
 0001:000221f0       sf_debug_set_chart_event_thresholds 00000001800231f0 f   sfc_debug:sfcdebug.obj
 0001:00022270       sf_debug_set_chart_data_compiled_props 0000000180023270 f   sfc_debug:sfcdebug.obj
 0001:000225b0       sf_debug_set_chart_data_props 00000001800235b0 f   sfc_debug:sfcdebug.obj
 0001:000228d0       sf_debug_check_fi_license  00000001800238d0 f   sfc_debug:sfcdebug.obj
 0001:00022a90       sf_debug_symbol_scope_push 0000000180023a90 f   sfc_debug:sfcdebug.obj
 0001:00022ad0       sf_debug_symbol_scope_push_eml 0000000180023ad0 f   sfc_debug:sfcdebug.obj
 0001:00022b20       sf_debug_symbol_scope_pop  0000000180023b20 f   sfc_debug:sfcdebug.obj
 0001:00022b60       sf_debug_symbol_scope_add_importable 0000000180023b60 f   sfc_debug:sfcdebug.obj
 0001:00022be0       sf_debug_symbol_scope_add  0000000180023be0 f   sfc_debug:sfcdebug.obj
 0001:00022c60       sf_debug_symbol_scope_add_dyn_importable 0000000180023c60 f   sfc_debug:sfcdebug.obj
 0001:00022d20       sf_debug_symbol_scope_add_dyn 0000000180023d20 f   sfc_debug:sfcdebug.obj
 0001:00022d60       sf_debug_symbol_scope_add_eml_importable 0000000180023d60 f   sfc_debug:sfcdebug.obj
 0001:00022da0       sf_debug_symbol_scope_add_eml 0000000180023da0 f   sfc_debug:sfcdebug.obj
 0001:00022de0       sf_debug_symbol_scope_add_eml_dyn_importable 0000000180023de0 f   sfc_debug:sfcdebug.obj
 0001:00022e40       sf_debug_symbol_scope_add_eml_dyn 0000000180023e40 f   sfc_debug:sfcdebug.obj
 0001:00022ea0       sf_debug_symbol_switch     0000000180023ea0 f   sfc_debug:sfcdebug.obj
 0001:00022ec0       sf_debug_symbol_scope_add_verbose 0000000180023ec0 f   sfc_debug:sfcdebug.obj
 0001:00022f90       sf_debug_set_machine_data_value_ptr 0000000180023f90 f   sfc_debug:sfcdebug.obj
 0001:00022fd0       sf_debug_set_instance_data_value_ptr 0000000180023fd0 f   sfc_debug:sfcdebug.obj
 0001:000230a0       sf_debug_unset_instance_data_value_ptr 00000001800240a0 f   sfc_debug:sfcdebug.obj
 0001:00023150       sf_debug_set_chart_event_scope 0000000180024150 f   sfc_debug:sfcdebug.obj
 0001:000231d0       sf_debug_set_chart_transition_coverage_maps 00000001800241d0 f   sfc_debug:sfcdebug.obj
 0001:000232d0       sf_debug_set_chart_state_coverage_maps 00000001800242d0 f   sfc_debug:sfcdebug.obj
 0001:000233a0       sf_debug_set_instance_transition_coverage_weights 00000001800243a0 f   sfc_debug:sfcdebug.obj
 0001:00023430       sf_debug_set_instance_state_coverage_weights 0000000180024430 f   sfc_debug:sfcdebug.obj
 0001:00023680       sf_debug_unload_machine    0000000180024680 f   sfc_debug:sfcdebug.obj
 0001:000236d0       sf_debug_load_machine      00000001800246d0 f   sfc_debug:sfcdebug.obj
 0001:000237e0       sf_debug_set_active_instance_in_data_dictionary 00000001800247e0 f   sfc_debug:sfcdebug.obj
 0001:000239c0       sf_debug_set_active_instance 00000001800249c0 f   sfc_debug:sfcdebug.obj
 0001:00023b20       sf_debug_chart_visiblity_change 0000000180024b20 f   sfc_debug:sfcdebug.obj
 0001:00023c10       sf_debug_select_chart      0000000180024c10 f   sfc_debug:sfcdebug.obj
 0001:00023d70       sf_debug_set_instance_cv_ids 0000000180024d70 f   sfc_debug:sfcdebug.obj
 0001:000240a0       sf_debug_select_charts     00000001800250a0 f   sfc_debug:sfcdebug.obj
 0001:00024250       sf_debug_initialized       0000000180025250 f   sfc_debug:sfcdebug.obj
 0001:00024270       sf_debug_is_uninterruptible 0000000180025270 f   sfc_debug:sfcdebug.obj
 0001:000242a0       sf_debug_initialize_debugger_gui 00000001800252a0 f   sfc_debug:sfcdebug.obj
 0001:00024680       sf_debug_resume            0000000180025680 f   sfc_debug:sfcdebug.obj
 0001:000246a0       sf_debug_go                00000001800256a0 f   sfc_debug:sfcdebug.obj
 0001:000246b0       sf_debug_break             00000001800256b0 f   sfc_debug:sfcdebug.obj
 0001:000246c0       sf_debug_step_over         00000001800256c0 f   sfc_debug:sfcdebug.obj
 0001:000246d0       sf_debug_step_out          00000001800256d0 f   sfc_debug:sfcdebug.obj
 0001:000246e0       sf_debug_set_disable_all_breakpoints 00000001800256e0 f   sfc_debug:sfcdebug.obj
 0001:000246f0       sf_debug_disable_all_breakpoints_and_go 00000001800256f0 f   sfc_debug:sfcdebug.obj
 0001:00024700       sf_debug_break_on_chart_entry 0000000180025700 f   sfc_debug:sfcdebug.obj
 0001:00024710       sf_debug_break_on_event_broadcast 0000000180025710 f   sfc_debug:sfcdebug.obj
 0001:00024720       sf_debug_break_on_state_entry 0000000180025720 f   sfc_debug:sfcdebug.obj
 0001:00024730       sf_debug_break_between_times 0000000180025730 f   sfc_debug:sfcdebug.obj
 0001:00024750       sf_debug_browse_data       0000000180025750 f   sfc_debug:sfcdebug.obj
 0001:00024760       sf_debug_watch_data        0000000180025760 f   sfc_debug:sfcdebug.obj
 0001:00024790       sf_debug_assign_data       0000000180025790 f   sfc_debug:sfcdebug.obj
 0001:000247a0       sf_debug_whos              00000001800257a0 f   sfc_debug:sfcdebug.obj
 0001:000247c0       sf_debug_get_consistency_info 00000001800257c0 f   sfc_debug:sfcdebug.obj
 0001:000247d0       sf_debug_browse_trace      00000001800257d0 f   sfc_debug:sfcdebug.obj
 0001:000247e0       sf_debug_set_breakpoints   00000001800257e0 f   sfc_debug:sfcdebug.obj
 0001:00024950       sf_debug_set_eml_breakpoints 0000000180025950 f   sfc_debug:sfcdebug.obj
 0001:00024ab0       sf_debug_set_script_breakpoints 0000000180025ab0 f   sfc_debug:sfcdebug.obj
 0001:00024b30       sf_debug_add_script_breakpoints 0000000180025b30 f   sfc_debug:sfcdebug.obj
 0001:00024ba0       sf_debug_clear_script_breakpoints 0000000180025ba0 f   sfc_debug:sfcdebug.obj
 0001:00024c10       sf_debug_query_script_breakpoints 0000000180025c10 f   sfc_debug:sfcdebug.obj
 0001:00024cc0       sf_debug_get_eml_script_id 0000000180025cc0 f   sfc_debug:sfcdebug.obj
 0001:00024d10       sf_debug_set_watch         0000000180025d10 f   sfc_debug:sfcdebug.obj
 0001:00024f30       sf_debug_get_instance_handle 0000000180025f30 f   sfc_debug:sfcdebug.obj
 0001:00024fc0       sf_debug_get_active_states 0000000180025fc0 f   sfc_debug:sfcdebug.obj
 0001:00024fd0       sf_debug_set_honor_breakpoints 0000000180025fd0 f   sfc_debug:sfcdebug.obj
 0001:00024fe0       sf_debug_get_animation     0000000180025fe0 f   sfc_debug:sfcdebug.obj
 0001:00024ff0       sf_debug_set_animation     0000000180025ff0 f   sfc_debug:sfcdebug.obj
 0001:00025000       sf_debug_animate           0000000180026000 f   sfc_debug:sfcdebug.obj
 0001:00025020       sf_debug_cycle_detection_check 0000000180026020 f   sfc_debug:sfcdebug.obj
 0001:00025030       sf_debug_data_range_check  0000000180026030 f   sfc_debug:sfcdebug.obj
 0001:00025040       sf_debug_transition_conflict_check 0000000180026040 f   sfc_debug:sfcdebug.obj
 0001:00025050       sf_debug_state_consistency_check 0000000180026050 f   sfc_debug:sfcdebug.obj
 0001:00025060       sf_debug_data_range_check_enabled 0000000180026060 f   sfc_debug:sfcdebug.obj
 0001:00025080       sf_debug_transition_conflict_check_enabled 0000000180026080 f   sfc_debug:sfcdebug.obj
 0001:000250a0       sf_debug_transition_conflict_check_begin 00000001800260a0 f   sfc_debug:sfcdebug.obj
 0001:000250c0       sf_debug_transition_conflict_check_end 00000001800260c0 f   sfc_debug:sfcdebug.obj
 0001:000250e0       sf_debug_stop_debugging    00000001800260e0 f   sfc_debug:sfcdebug.obj
 0001:00025110       sf_debug_is_cycle_detected 0000000180026110 f   sfc_debug:sfcdebug.obj
 0001:00025120       sf_debug_is_array_bounds_detected 0000000180026120 f   sfc_debug:sfcdebug.obj
 0001:00025130       sf_debug_get_state_vectors_data_size 0000000180026130 f   sfc_debug:sfcdebug.obj
 0001:00025170       sf_debug_get_state_vectors_data 0000000180026170 f   sfc_debug:sfcdebug.obj
 0001:00025280       sf_debug_set_state_vectors_data 0000000180026280 f   sfc_debug:sfcdebug.obj
 0001:00025510       sf_debug_get_script_index  0000000180026510 f   sfc_debug:sfcdebug.obj
 0001:000256a0       sf_debug_add_script        00000001800266a0 f   sfc_debug:sfcdebug.obj
 0001:00025830       cv_eval_point              0000000180026830 f   sfc_debug:sfcdebug.obj
 0001:000259a0       cv_eval_testobjective      00000001800269a0 f   sfc_debug:sfcdebug.obj
 0001:00025ab0       sf_debug_cv_init_state     0000000180026ab0 f   sfc_debug:sfcdebug.obj
 0001:00025be0       sf_debug_cv_init_chart     0000000180026be0 f   sfc_debug:sfcdebug.obj
 0001:00025cd0       sf_debug_cv_init_trans     0000000180026cd0 f   sfc_debug:sfcdebug.obj
 0001:00025de0       sf_debug_cv_init_saturation 0000000180026de0 f   sfc_debug:sfcdebug.obj
 0001:00025ee0       sf_debug_cv_init_testobjectives 0000000180026ee0 f   sfc_debug:sfcdebug.obj
 0001:000260c0       cv_eml_init_script         00000001800270c0 f   sfc_debug:sfcdebug.obj
 0001:000261e0       cv_eml_init_fcn            00000001800271e0 f   sfc_debug:sfcdebug.obj
 0001:000262f0       cv_eml_init_testobjective  00000001800272f0 f   sfc_debug:sfcdebug.obj
 0001:000263d0       cv_eml_init_saturation     00000001800273d0 f   sfc_debug:sfcdebug.obj
 0001:000264a0       cv_eml_init_if             00000001800274a0 f   sfc_debug:sfcdebug.obj
 0001:00026580       cv_eml_init_for            0000000180027580 f   sfc_debug:sfcdebug.obj
 0001:00026650       cv_eml_init_while          0000000180027650 f   sfc_debug:sfcdebug.obj
 0001:00026720       cv_eml_init_mcdc           0000000180027720 f   sfc_debug:sfcdebug.obj
 0001:00026840       cv_eml_init_switch         0000000180027840 f   sfc_debug:sfcdebug.obj
 0001:00026940       cv_eml_eval                0000000180027940 f   sfc_debug:sfcdebug.obj
 0001:00026a30       sf_debug_bm_is_a_eml_breakpoint 0000000180027a30 f   sfc_debug:sfcdebug.obj
 0001:00026b80       sf_debug_temporal_threshold 0000000180027b80 f   sfc_debug:sfcdebug.obj
 0001:00026ef0       sf_debug_transition_conflict_error 0000000180027ef0 f   sfc_debug:sfcdebug.obj
 0001:00027250       sf_debug_state_inconsistency_error 0000000180028250 f   sfc_debug:sfcdebug.obj
 0001:00027370       sf_debug_check_for_state_inconsistency 0000000180028370 f   sfc_debug:sfcdebug.obj
 0001:000273b0       sf_debug_cycle_detecton_error 00000001800283b0 f   sfc_debug:sfcdebug.obj
 0001:00027b00       sf_debug_size_eq_check_1d  0000000180028b00 f   sfc_debug:sfcdebug.obj
 0001:00027b20       sf_debug_size_eq_check_nd  0000000180028b20 f   sfc_debug:sfcdebug.obj
 0001:00027d20       sf_debug_dim_size_eq_check 0000000180028d20 f   sfc_debug:sfcdebug.obj
 0001:00027d50       sf_debug_dim_size_geq_check 0000000180028d50 f   sfc_debug:sfcdebug.obj
 0001:00027d80       sf_debug_sub_assign_size_check_nd 0000000180028d80 f   sfc_debug:sfcdebug.obj
 0001:00027f60       sf_debug_matrix_matrix_index_check 0000000180028f60 f   sfc_debug:sfcdebug.obj
 0001:00027fb0       sf_debug_vector_vector_index_check 0000000180028fb0 f   sfc_debug:sfcdebug.obj
 0001:00028000       sf_debug_for_loop_vector_check 0000000180029000 f   sfc_debug:sfcdebug.obj
 0001:000280a0       sf_debug_runtime_error_msgid 00000001800290a0 f   sfc_debug:sfcdebug.obj
 0001:00028140       sf_debug_data_array_bounds_error_check 0000000180029140 f   sfc_debug:sfcdebug.obj
 0001:00028250       sf_debug_eml_data_array_bounds_error_check 0000000180029250 f   sfc_debug:sfcdebug.obj
 0001:00028710       sf_debug_integer_check     0000000180029710 f   sfc_debug:sfcdebug.obj
 0001:00028800       sf_debug_not_nan_check     0000000180029800 f   sfc_debug:sfcdebug.obj
 0001:000288d0       sf_debug_non_negative_check 00000001800298d0 f   sfc_debug:sfcdebug.obj
 0001:000289a0       sf_debug_overflow_detection 00000001800299a0 f   sfc_debug:sfcdebug.obj
 0001:00029000       sf_debug_cast_to_real32_T  000000018002a000 f   sfc_debug:sfcdebug.obj
 0001:000290d0       sf_debug_cast_to_int8_T    000000018002a0d0 f   sfc_debug:sfcdebug.obj
 0001:000291a0       sf_debug_cast_to_uint8_T   000000018002a1a0 f   sfc_debug:sfcdebug.obj
 0001:00029270       sf_debug_cast_to_int16_T   000000018002a270 f   sfc_debug:sfcdebug.obj
 0001:00029340       sf_debug_cast_to_uint16_T  000000018002a340 f   sfc_debug:sfcdebug.obj
 0001:00029410       sf_debug_cast_to_int32_T   000000018002a410 f   sfc_debug:sfcdebug.obj
 0001:000294e0       sf_debug_cast_to_uint32_T  000000018002a4e0 f   sfc_debug:sfcdebug.obj
 0001:000295b0       sf_debug_data_range_error  000000018002a5b0 f   sfc_debug:sfcdebug.obj
 0001:000298c0       sf_debug_read_before_write_check 000000018002a8c0 f   sfc_debug:sfcdebug.obj
 0001:00029cf0       sf_debug_data_range_error_wrapper_min_max 000000018002acf0 f   sfc_debug:sfcdebug.obj
 0001:00029e10       sf_debug_data_range_error_wrapper_min 000000018002ae10 f   sfc_debug:sfcdebug.obj
 0001:00029f20       sf_debug_data_range_error_wrapper_max 000000018002af20 f   sfc_debug:sfcdebug.obj
 0001:0002a030       sf_debug_data_range_wrapper 000000018002b030 f   sfc_debug:sfcdebug.obj
 0001:0002a0f0       sf_debug_set_current_status_info 000000018002b0f0 f   sfc_debug:sfcdebug.obj
 0001:0002a490       sf_debug_register_message_post_receive_info 000000018002b490 f   sfc_debug:sfcdebug.obj
 0001:0002a6e0       sf_debug_call              000000018002b6e0 f   sfc_debug:sfcdebug.obj
 0001:0002b040       sf_debug_initialize_machine 000000018002c040 f   sfc_debug:sfcdebug.obj
 0001:0002b2f0       sf_debug_initialize_chart  000000018002c2f0 f   sfc_debug:sfcdebug.obj
 0001:0002b740       sf_debug_ensure_script     000000018002c740 f   sfc_debug:sfcdebug.obj
 0001:0002b7f0       cv_eval_saturation         000000018002c7f0 f   sfc_debug:sfcdebug.obj
 0001:0002b970       cv_saturation_accum        000000018002c970 f   sfc_debug:sfcdebug.obj
 0001:0002bab0       cv_script_init_script      000000018002cab0 f   sfc_debug:sfcdebug.obj
 0001:0002bba0       cv_script_init_fcn         000000018002cba0 f   sfc_debug:sfcdebug.obj
 0001:0002bc60       cv_script_init_testobjective 000000018002cc60 f   sfc_debug:sfcdebug.obj
 0001:0002bd20       cv_script_init_saturation  000000018002cd20 f   sfc_debug:sfcdebug.obj
 0001:0002bdd0       cv_script_init_if          000000018002cdd0 f   sfc_debug:sfcdebug.obj
 0001:0002be90       cv_script_init_for         000000018002ce90 f   sfc_debug:sfcdebug.obj
 0001:0002bf40       cv_script_init_while       000000018002cf40 f   sfc_debug:sfcdebug.obj
 0001:0002bff0       cv_script_init_mcdc        000000018002cff0 f   sfc_debug:sfcdebug.obj
 0001:0002c0f0       cv_script_init_switch      000000018002d0f0 f   sfc_debug:sfcdebug.obj
 0001:0002c1d0       cv_script_eval             000000018002d1d0 f   sfc_debug:sfcdebug.obj
 0001:0002c2a0       eml_debug_line_call        000000018002d2a0 f   sfc_debug:sfcdebug.obj
 0001:0002c470       sf_debug_terminate         000000018002d470 f   sfc_debug:sfcdebug.obj
 0001:0002c680       sf_debug_set_script_cv_ids 000000018002d680 f   sfc_debug:sfcdebug.obj
 0001:0002c7b0       sf_debug_api               000000018002d7b0 f   sfc_debug:sfc_api.obj
 0001:0002e0a0       sf_debug_sm_terminate      000000018002f0a0 f   sfc_debug:sfdb_animation.obj
 0001:0002e250       sf_debug_reset_path_objects 000000018002f250 f   sfc_debug:sfdb_animation.obj
 0001:0002e2d0       sf_debug_sm_reset_object_selection_status 000000018002f2d0 f   sfc_debug:sfdb_animation.obj
 0001:0002e370       sf_debug_sm_reset_state_buffer 000000018002f370 f   sfc_debug:sfdb_animation.obj
 0001:0002e440       sf_debug_sm_store_state_buffer 000000018002f440 f   sfc_debug:sfdb_animation.obj
 0001:0002e4c0       sf_debug_sm_restore_state_buffer1 000000018002f4c0 f   sfc_debug:sfdb_animation.obj
 0001:0002e530       sf_debug_sm_restore_state_buffer2 000000018002f530 f   sfc_debug:sfdb_animation.obj
 0001:0002e5a0       sf_debug_sm_chart_active   000000018002f5a0 f   sfc_debug:sfdb_animation.obj
 0001:0002e5f0       sf_debug_sm_select_active_objects 000000018002f5f0 f   sfc_debug:sfdb_animation.obj
 0001:0002eac0       sf_debug_sm_is_chart_active 000000018002fac0 f   sfc_debug:sfdb_animation.obj
 0001:0002eb00       sf_debug_sm_is_state_active 000000018002fb00 f   sfc_debug:sfdb_animation.obj
 0001:0002ed40       sf_debug_sm_get_active_states 000000018002fd40 f   sfc_debug:sfdb_animation.obj
 0001:0002f2f0       sf_debug_sm_initialize_instance 00000001800302f0 f   sfc_debug:sfdb_animation.obj
 0001:0002f500       sf_debug_sm_change_object_selection_status 0000000180030500 f   sfc_debug:sfdb_animation.obj
 0001:0002f7d0       cv_create_interface        00000001800307d0 f   sfc_debug:cv_sfinterface.obj
 0001:0002fae0       cv_init_trans              0000000180030ae0 f   sfc_debug:cv_sfinterface.obj
 0001:0002fb30       cv_init_saturation         0000000180030b30 f   sfc_debug:cv_sfinterface.obj
 0001:0002fb70       cv_init_testobjective      0000000180030b70 f   sfc_debug:cv_sfinterface.obj
 0001:0002fbb0       cv_init_state              0000000180030bb0 f   sfc_debug:cv_sfinterface.obj
 0001:0002fc20       cv_init_chart              0000000180030c20 f   sfc_debug:cv_sfinterface.obj
 0001:0002fc70       cv_dec_update_call         0000000180030c70 f   sfc_debug:cv_sfinterface.obj
 0001:0002fcb0       cv_cond_update_call        0000000180030cb0 f   sfc_debug:cv_sfinterface.obj
 0001:0002fcf0       cv_saturation_update_call  0000000180030cf0 f   sfc_debug:cv_sfinterface.obj
 0001:0002fd30       cv_saturation_update_accum 0000000180030d30 f   sfc_debug:cv_sfinterface.obj
 0001:0002fd70       cv_testobjective_update_call 0000000180030d70 f   sfc_debug:cv_sfinterface.obj
 0001:0002fdb0       cv_sigrange_update         0000000180030db0 f   sfc_debug:cv_sfinterface.obj
 0001:0002fdf0       cvsf_eml_eval              0000000180030df0 f   sfc_debug:cv_sfinterface.obj
 0001:0002fed0       cvsf_eml_init_script       0000000180030ed0 f   sfc_debug:cv_sfinterface.obj
 0001:0002ff60       cvsf_eml_init_fcn          0000000180030f60 f   sfc_debug:cv_sfinterface.obj
 0001:0002ffc0       cvsf_eml_init_testobjective 0000000180030fc0 f   sfc_debug:cv_sfinterface.obj
 0001:00030020       cvsf_eml_init_saturation   0000000180031020 f   sfc_debug:cv_sfinterface.obj
 0001:00030070       cvsf_eml_init_if           0000000180031070 f   sfc_debug:cv_sfinterface.obj
 0001:000300d0       cvsf_eml_init_for          00000001800310d0 f   sfc_debug:cv_sfinterface.obj
 0001:00030120       cvsf_eml_init_while        0000000180031120 f   sfc_debug:cv_sfinterface.obj
 0001:00030170       cvsf_eml_init_mcdc         0000000180031170 f   sfc_debug:cv_sfinterface.obj
 0001:00030200       cvsf_eml_init_switch       0000000180031200 f   sfc_debug:cv_sfinterface.obj
 0001:00030270       cvsf_script_eval           0000000180031270 f   sfc_debug:cv_sfinterface.obj
 0001:00030350       cvsf_script_init_script    0000000180031350 f   sfc_debug:cv_sfinterface.obj
 0001:000303e0       cvsf_script_init_fcn       00000001800313e0 f   sfc_debug:cv_sfinterface.obj
 0001:00030440       cvsf_script_init_testobjective 0000000180031440 f   sfc_debug:cv_sfinterface.obj
 0001:000304a0       cvsf_script_init_saturation 00000001800314a0 f   sfc_debug:cv_sfinterface.obj
 0001:000304f0       cvsf_script_init_if        00000001800314f0 f   sfc_debug:cv_sfinterface.obj
 0001:00030550       cvsf_script_init_for       0000000180031550 f   sfc_debug:cv_sfinterface.obj
 0001:000305a0       cvsf_script_init_while     00000001800315a0 f   sfc_debug:cv_sfinterface.obj
 0001:000305f0       cvsf_script_init_mcdc      00000001800315f0 f   sfc_debug:cv_sfinterface.obj
 0001:00030680       cvsf_script_init_switch    0000000180031680 f   sfc_debug:cv_sfinterface.obj
 0001:000306f0       cv_destroy_interface       00000001800316f0 f   sfc_debug:cv_sfinterface.obj
 0001:00030710       cv_create_instance_objects 0000000180031710 f   sfc_debug:cv_sfinterface.obj
 0001:00030b80       cv_is_enabled              0000000180031b80 f   sfc_debug:cv_sfinterface.obj
 0001:00030b90       sf_debug_cv_initialize_script 0000000180031b90 f   sfc_debug:cv_sfinterface.obj
 0001:00030d20       sf_debug_cv_initialize_instance 0000000180031d20 f   sfc_debug:cv_sfinterface.obj
 0001:000310b0       sf_debug_cv_terminate_chart 00000001800320b0 f   sfc_debug:cv_sfinterface.obj
 0001:000311d0       cv_call_trans_test         00000001800321d0 f   sfc_debug:cv_sfinterface.obj
 0001:000311e0       cv_call_sub_cond_test      00000001800321e0 f   sfc_debug:cv_sfinterface.obj
 0001:00031220       sf_debug_st_initialize_machine 0000000180032220 f   sfc_debug:sfdb_data_browse.obj
 0001:000312d0       sf_debug_st_initialize_instance 00000001800322d0 f   sfc_debug:sfdb_data_browse.obj
 0001:000314e0       sf_debug_st_terminate      00000001800324e0 f   sfc_debug:sfdb_data_browse.obj
 0001:00031880       sf_debug_st_set_data_value_ptr_in_machine 0000000180032880 f   sfc_debug:sfdb_data_browse.obj
 0001:00031910       sf_debug_st_set_data_value_ptr_in_instance 0000000180032910 f   sfc_debug:sfdb_data_browse.obj
 0001:000319f0       sf_debug_st_unset_data_value_ptr_in_machine 00000001800329f0 f   sfc_debug:sfdb_data_browse.obj
 0001:00031a60       sf_debug_st_unset_data_value_ptr_in_instance 0000000180032a60 f   sfc_debug:sfdb_data_browse.obj
 0001:00031d20       sf_debug_mx_value          0000000180032d20 f   sfc_debug:sfdb_data_browse.obj
 0001:00031d80       sf_debug_mx_packed_vector  0000000180032d80 f   sfc_debug:sfdb_data_browse.obj
 0001:00031e60       sf_debug_mx_uint_vector    0000000180032e60 f   sfc_debug:sfdb_data_browse.obj
 0001:00031f10       sf_debug_st_get_double_value_from_void_ptr_vector 0000000180032f10 f   sfc_debug:sfdb_data_browse.obj
 0001:000329f0       sf_debug_st_browse_data    00000001800339f0 f   sfc_debug:sfdb_data_browse.obj
 0001:00033230       sf_debug_hm_initialize_instance 0000000180034230 f   sfc_debug:sfdb_handle_management.obj
 0001:00033710       sf_debug_hm_get_object_id  0000000180034710 f   sfc_debug:sfdb_handle_management.obj
 0001:000342c0       sf_debug_hm_update_chart_visibility 00000001800352c0 f   sfc_debug:sfdb_handle_management.obj
 0001:000354b0       sf_debug_object_is_eml_function 00000001800364b0 f   sfc_debug:sfdb_handle_management.obj
 0001:00035520       sf_debug_hm_initialize_ids_in_machine 0000000180036520 f   sfc_debug:sfdb_handle_management.obj
 0001:00035690       sf_debug_hm_initialize_ids_in_chart 0000000180036690 f   sfc_debug:sfdb_handle_management.obj
 0001:00035790       sf_debug_hm_initialize_chart 0000000180036790 f   sfc_debug:sfdb_handle_management.obj
 0001:00035e90       sf_debug_hm_terminate      0000000180036e90 f   sfc_debug:sfdb_handle_management.obj
 0001:00035ef0       sf_debug_hm_initialize_machine 0000000180036ef0 f   sfc_debug:sfdb_handle_management.obj
 0001:00036610       sf_debug_ss_initialize     0000000180037610 f   sfc_debug:sfdb_symbol_scope.obj
 0001:00036630       sf_debug_ss_terminate      0000000180037630 f   sfc_debug:sfdb_symbol_scope.obj
 0001:000366c0       sf_debug_ss_push_symbol_scope 00000001800376c0 f   sfc_debug:sfdb_symbol_scope.obj
 0001:000367c0       sf_debug_ss_push_symbol_scope_eml 00000001800377c0 f   sfc_debug:sfdb_symbol_scope.obj
 0001:00036820       sf_debug_ss_pop_symbol_scope 0000000180037820 f   sfc_debug:sfdb_symbol_scope.obj
 0001:000368d0       sf_debug_ss_add_symbol     00000001800378d0 f   sfc_debug:sfdb_symbol_scope.obj
 0001:00036a40       sf_debug_ss_add_symbol_eml 0000000180037a40 f   sfc_debug:sfdb_symbol_scope.obj
 0001:00037940       sf_debug_ss_set_data_value 0000000180038940 f   sfc_debug:sfdb_symbol_scope.obj
 0001:00037d90       getInstanceNumber          0000000180038d90 f   sfc_debug:sfdb_symbol_scope.obj
 0001:00037e60       sf_debug_ss_watch_data     0000000180038e60 f   sfc_debug:sfdb_symbol_scope.obj
 0001:00038050       sf_debug_ss_assign_data    0000000180039050 f   sfc_debug:sfdb_symbol_scope.obj
 0001:00038a60       get_data_entry_name        0000000180039a60 f   sfc_debug:sfdb_symbol_scope.obj
 0001:00038ab0       sf_debug_ss_whos           0000000180039ab0 f   sfc_debug:sfdb_symbol_scope.obj
 0001:00039100       sf_debug_cc_initialize_chart 000000018003a100 f   sfc_debug:sfdb_coverage.obj
 0001:00039af0       sf_debug_cc_initialize_instance 000000018003aaf0 f   sfc_debug:sfdb_coverage.obj
 0001:0003a830       sf_debug_cc_terminate      000000018003b830 f   sfc_debug:sfdb_coverage.obj
 0001:0003a920       sf_debug_cc_set_transition_maps 000000018003b920 f   sfc_debug:sfdb_coverage.obj
 0001:0003aa50       sf_debug_cc_set_state_maps 000000018003ba50 f   sfc_debug:sfdb_coverage.obj
 0001:0003ab30       sf_debug_cc_set_transition_weights 000000018003bb30 f   sfc_debug:sfdb_coverage.obj
 0001:0003adf0       sf_debug_cc_set_state_weights 000000018003bdf0 f   sfc_debug:sfdb_coverage.obj
 0001:0003b0c0       sf_debug_cc_mark_transition_guard 000000018003c0c0 f   sfc_debug:sfdb_coverage.obj
 0001:0003b150       sf_debug_cc_mark_transition_trigger 000000018003c150 f   sfc_debug:sfdb_coverage.obj
 0001:0003b1e0       sf_debug_cc_mark_transition_decision 000000018003c1e0 f   sfc_debug:sfdb_coverage.obj
 0001:0003b250       sf_debug_cc_mark_transition_condition_action 000000018003c250 f   sfc_debug:sfdb_coverage.obj
 0001:0003b2a0       sf_debug_cc_mark_transition_transition_action 000000018003c2a0 f   sfc_debug:sfdb_coverage.obj
 0001:0003b2f0       sf_debug_cc_mark_state_entry 000000018003c2f0 f   sfc_debug:sfdb_coverage.obj
 0001:0003b340       sf_debug_cc_mark_state_during 000000018003c340 f   sfc_debug:sfdb_coverage.obj
 0001:0003b390       sf_debug_cc_mark_state_exit 000000018003c390 f   sfc_debug:sfdb_coverage.obj
 0001:0003b3e0       sf_debug_bm_clear_script_breakpoints 000000018003c3e0 f   sfc_debug:sfdb_breakpoints.obj
 0001:0003b410       sf_debug_bm_set_script_breakpoint 000000018003c410 f   sfc_debug:sfdb_breakpoints.obj
 0001:0003b490       sf_debug_bm_clear_single_script_breakpoint 000000018003c490 f   sfc_debug:sfdb_breakpoints.obj
 0001:0003b510       sf_debug_bm_query_script_breakpoint 000000018003c510 f   sfc_debug:sfdb_breakpoints.obj
 0001:0003b560       sf_debug_bm_initialize_scripts 000000018003c560 f   sfc_debug:sfdb_breakpoints.obj
 0001:0003bbf0       sf_debug_bm_terminate      000000018003cbf0 f   sfc_debug:sfdb_breakpoints.obj
 0001:0003bed0       sf_debug_bm_remove_all_breakpoints_in_machine 000000018003ced0 f   sfc_debug:sfdb_breakpoints.obj
 0001:0003bf30       sf_debug_bm_remove_all_breakpoints_in_chart 000000018003cf30 f   sfc_debug:sfdb_breakpoints.obj
 0001:0003c080       sf_debug_bm_initialize_global_breakpoints 000000018003d080 f   sfc_debug:sfdb_breakpoints.obj
 0001:0003c200       sf_debug_bm_set_breakpoint 000000018003d200 f   sfc_debug:sfdb_breakpoints.obj
 0001:0003c7c0       sf_debug_bm_set_eml_breakpoint 000000018003d7c0 f   sfc_debug:sfdb_breakpoints.obj
 0001:0003c850       sf_debug_bm_initialize_machine_breakpoint_map 000000018003d850 f   sfc_debug:sfdb_breakpoints.obj
 0001:0003cc70       sf_debug_bm_is_a_breakpoint 000000018003dc70 f   sfc_debug:sfdb_breakpoints.obj
 0001:0003d190       sf_debug_bm_get_all_breakpoints_in_machine 000000018003e190 f   sfc_debug:sfdb_breakpoints.obj
 0001:0003d490       sf_debug_bm_get_all_breakpoints_in_chart 000000018003e490 f   sfc_debug:sfdb_breakpoints.obj
 0001:0003e020       sf_debug_bm_initialize_machine 000000018003f020 f   sfc_debug:sfdb_breakpoints.obj
 0001:0003e0f0       sf_debug_bm_initialize_chart 000000018003f0f0 f   sfc_debug:sfdb_breakpoints.obj
 0001:0003e4e0       sf_debug_sc_terminate      000000018003f4e0 f   sfc_debug:sfdb_state_consistency.obj
 0001:0003e800       sf_debug_sc_is_chart_consistent 000000018003f800 f   sfc_debug:sfdb_state_consistency.obj
 0001:0003eab0       sf_debug_sc_get_consistency_error_info 000000018003fab0 f   sfc_debug:sfdb_state_consistency.obj
 0001:0003eec0       sf_debug_tm_terminate      000000018003fec0 f   sfc_debug:sfdb_call_stack.obj
 0001:0003ef70       sf_debug_tm_push_chart_instance 000000018003ff70 f   sfc_debug:sfdb_call_stack.obj
 0001:0003f0b0       sf_debug_tm_pop_chart_instance 00000001800400b0 f   sfc_debug:sfdb_call_stack.obj
 0001:0003f110       sf_debug_tm_push_trace_node 0000000180040110 f   sfc_debug:sfdb_call_stack.obj
 0001:0003f290       sf_debug_tm_pop_trace_node 0000000180040290 f   sfc_debug:sfdb_call_stack.obj
 0001:0003f310       sf_debug_tm_get_current_global_trace_index 0000000180040310 f   sfc_debug:sfdb_call_stack.obj
 0001:0003f320       sf_debug_tm_get_current_local_trace_index 0000000180040320 f   sfc_debug:sfdb_call_stack.obj
 0001:0003f350       sf_debug_tm_set_cycle_detected_flag 0000000180040350 f   sfc_debug:sfdb_call_stack.obj
 0001:0003f390       sf_debug_tm_set_cycle_started_flag 0000000180040390 f   sfc_debug:sfdb_call_stack.obj
 0001:0003f3d0       sf_debug_tm_get_chart_number_from_stack 00000001800403d0 f   sfc_debug:sfdb_call_stack.obj
 0001:0003f5d0       sf_debug_tm_browse_trace   00000001800405d0 f   sfc_debug:sfdb_call_stack.obj
 0001:0003f8e0       sf_debug_cd_initialize_instance 00000001800408e0 f   sfc_debug:sfdb_cycle_detection.obj
 0001:0003fb90       sf_debug_cd_mark_processed_transition_in_instance 0000000180040b90 f   sfc_debug:sfdb_cycle_detection.obj
 0001:0003fc30       sf_debug_cd_checksum_push  0000000180040c30 f   sfc_debug:sfdb_cycle_detection.obj
 0001:0003fee0       sf_debug_cd_checksum_pop   0000000180040ee0 f   sfc_debug:sfdb_cycle_detection.obj
 0001:0003ff50       sf_debug_cd_turn_off_cycle_detection 0000000180040f50 f   sfc_debug:sfdb_cycle_detection.obj
 0001:0003ffa0       sf_debug_cd_terminate      0000000180040fa0 f   sfc_debug:sfdb_cycle_detection.obj
 0001:000401d0       md5_initialize_state       00000001800411d0 f   sfc_debug:ckmd5.obj
 0001:00040c60       md5_update_state           0000000180041c60 f   sfc_debug:ckmd5.obj
 0001:00040c80       md5_get_hash               0000000180041c80 f   sfc_debug:ckmd5.obj
 0001:00040cb0       md5_get_hash_for_a_single_string 0000000180041cb0 f   sfc_debug:ckmd5.obj
 0001:00040d10       mxGetPr                    0000000180041d10 f   libmx:libmx.dll
 0001:00040d16       mxCreateDoubleScalar       0000000180041d16 f   libmx:libmx.dll
 0001:00040d1c       mxCreateDoubleMatrix_730   0000000180041d1c f   libmx:libmx.dll
 0001:00040d22       mxSetField_730             0000000180041d22 f   libmx:libmx.dll
 0001:00040d28       mxCreateString             0000000180041d28 f   libmx:libmx.dll
 0001:00040d2e       mxCreateStructMatrix_730   0000000180041d2e f   libmx:libmx.dll
 0001:00040d34       mxCreateCellMatrix_730     0000000180041d34 f   libmx:libmx.dll
 0001:00040d3a       mxDestroyArray             0000000180041d3a f   libmx:libmx.dll
 0001:00040d40       mxDuplicateArray           0000000180041d40 f   libmx:libmx.dll
 0001:00040d46       mxGetString_730            0000000180041d46 f   libmx:libmx.dll
 0001:00040d4c       mxIsChar                   0000000180041d4c f   libmx:libmx.dll
 0001:00040d52       mxGetClassID               0000000180041d52 f   libmx:libmx.dll
 0001:00040d58       mxIsNumeric                0000000180041d58 f   libmx:libmx.dll
 0001:00040d5e       mxIsComplex                0000000180041d5e f   libmx:libmx.dll
 0001:00040d64       mxGetN                     0000000180041d64 f   libmx:libmx.dll
 0001:00040d6a       mxGetM                     0000000180041d6a f   libmx:libmx.dll
 0001:00040d70       mxCalloc                   0000000180041d70 f   libmx:libmx.dll
 0001:00040d76       mxGetScalar                0000000180041d76 f   libmx:libmx.dll
 0001:00040d7c       mxIsLogical                0000000180041d7c f   libmx:libmx.dll
 0001:00040d82       mxCreateDoubleMatrix_700   0000000180041d82 f   libmx:libmx.dll
 0001:00040d88       mxFree                     0000000180041d88 f   libmx:libmx.dll
 0001:00040d8e       mxArrayToString            0000000180041d8e f   libmx:libmx.dll
 0001:00040d94       mxCreateCellMatrix_700     0000000180041d94 f   libmx:libmx.dll
 0001:00040d9a       mxSetCell_700              0000000180041d9a f   libmx:libmx.dll
 0001:00040da0       mxGetCell_700              0000000180041da0 f   libmx:libmx.dll
 0001:00040da6       mxGetClassName             0000000180041da6 f   libmx:libmx.dll
 0001:00040dac       mxSetField_700             0000000180041dac f   libmx:libmx.dll
 0001:00040db2       mxAddField                 0000000180041db2 f   libmx:libmx.dll
 0001:00040db8       mxGetField_700             0000000180041db8 f   libmx:libmx.dll
 0001:00040dbe       mxGetNumberOfElements      0000000180041dbe f   libmx:libmx.dll
 0001:00040dc4       mxIsStruct                 0000000180041dc4 f   libmx:libmx.dll
 0001:00040dca       mxIsA                      0000000180041dca f   libmx:libmx.dll
 0001:00040dd0       mxIsClass                  0000000180041dd0 f   libmx:libmx.dll
 0001:00040dd6       mxGetLogicals              0000000180041dd6 f   libmx:libmx.dll
 0001:00040ddc       mxIsSparse                 0000000180041ddc f   libmx:libmx.dll
 0001:00040de2       mxSetFieldByNumber_700     0000000180041de2 f   libmx:libmx.dll
 0001:00040de8       mxGetFieldByNumber_700     0000000180041de8 f   libmx:libmx.dll
 0001:00040dee       mxGetFieldNameByNumber     0000000180041dee f   libmx:libmx.dll
 0001:00040df4       mxGetNumberOfFields        0000000180041df4 f   libmx:libmx.dll
 0001:00040dfa       mxCreateStructMatrix_700   0000000180041dfa f   libmx:libmx.dll
 0001:00040e00       mxGetFieldNumber           0000000180041e00 f   libmx:libmx.dll
 0001:00040e06       mxIsNaN                    0000000180041e06 f   libmx:libmx.dll
 0001:00040e0c       mxIsEmpty                  0000000180041e0c f   libmx:libmx.dll
 0001:00040e12       mxGetData                  0000000180041e12 f   libmx:libmx.dll
 0001:00040e18       mxGetImagData              0000000180041e18 f   libmx:libmx.dll
 0001:00040e1e       mxArrayClassIDName         0000000180041e1e f   libmx:libmx.dll
 0001:00040e24       mxCreateNumericMatrix_700  0000000180041e24 f   libmx:libmx.dll
 0001:00040e2a       mxCreateStructArray_700    0000000180041e2a f   libmx:libmx.dll
 0001:00040e30       mxCalcSingleSubscript_700  0000000180041e30 f   libmx:libmx.dll
 0001:00040e36       mxGetDimensions_700        0000000180041e36 f   libmx:libmx.dll
 0001:00040e3c       mxGetNumberOfDimensions_700 0000000180041e3c f   libmx:libmx.dll
 0001:00040e42       mxCreateNumericArray_700   0000000180041e42 f   libmx:libmx.dll
 0001:00040e48       mxGetElementSize           0000000180041e48 f   libmx:libmx.dll
 0001:00040e4e       mxCreateStringFromNChars_700 0000000180041e4e f   libmx:libmx.dll
 0001:00040e54       mxGetString_700            0000000180041e54 f   libmx:libmx.dll
 0001:00040e5a       mxIsLogicalScalarTrue      0000000180041e5a f   libmx:libmx.dll
 0001:00040e60       mxCreateLogicalScalar      0000000180041e60 f   libmx:libmx.dll
 0001:00040e66       mexUnlock                  0000000180041e66 f   libmex:libmex.dll
 0001:00040e6c       mexIsLocked                0000000180041e6c f   libmex:libmex.dll
 0001:00040e72       mexWarnMsgTxt              0000000180041e72 f   libmex:libmex.dll
 0001:00040e78       mexCallMATLAB              0000000180041e78 f   libmex:libmex.dll
 0001:00040e7e       mexErrMsgTxt               0000000180041e7e f   libmex:libmex.dll
 0001:00040e84       mexMakeArrayPersistent     0000000180041e84 f   libmex:libmex.dll
 0001:00040e8a       mexSetTrapFlag             0000000180041e8a f   libmex:libmex.dll
 0001:00040e90       mexPutVariable             0000000180041e90 f   libmex:libmex.dll
 0001:00040e96       mexGetVariable             0000000180041e96 f   libmex:libmex.dll
 0001:00040e9c       mexLock                    0000000180041e9c f   libmex:libmex.dll
 0001:00040ea2       mexMakeMemoryPersistent    0000000180041ea2 f   libmex:libmex.dll
 0001:00040ea8       mexFunctionName            0000000180041ea8 f   libmex:libmex.dll
 0001:00040eae       ssRegisterDataTypeFxpFSlopeFixExpBias 0000000180041eae f   libfixedpoint:libfixedpoint.dll
 0001:00040eb4       ssRegisterDataTypeFxpScaledDouble 0000000180041eb4 f   libfixedpoint:libfixedpoint.dll
 0001:00040eba       utMalloc                   0000000180041eba f   libut:libut.dll
 0001:00040ec0       utFree                     0000000180041ec0 f   libut:libut.dll
 0001:00040ec6       utVSNprintf                0000000180041ec6 f   libut:libut.dll
 0001:00040ecc       utCPUtime                  0000000180041ecc f   libut:libut.dll
 0001:00040ed2       utCalloc                   0000000180041ed2 f   libut:libut.dll
 0001:00040ed8       utRealloc                  0000000180041ed8 f   libut:libut.dll
 0001:00040ede       muDoubleScalarIsNaN        0000000180041ede f   libmwmathutil:libmwmathutil.dll
 0001:00040ee4       muDoubleScalarSqrt         0000000180041ee4 f   libmwmathutil:libmwmathutil.dll
 0001:00040eea       emlrtCreateRootTLS         0000000180041eea f   libemlrt:libemlrt.dll
 0001:00040ef0       emlrtDestroyRootTLS        0000000180041ef0 f   libemlrt:libemlrt.dll
 0001:00040ef6       emlrtCheckBuiltInR2012b    0000000180041ef6 f   libemlrt:libemlrt.dll
 0001:00040efc       emlrtCheckVsBuiltInR2012b  0000000180041efc f   libemlrt:libemlrt.dll
 0001:00040f02       emlrtCheckEnumR2012b       0000000180041f02 f   libemlrt:libemlrt.dll
 0001:00040f08       emlrtCreateEnumR2012b      0000000180041f08 f   libemlrt:libemlrt.dll
 0001:00040f0e       emlrtGetEnumElementR2009a  0000000180041f0e f   libemlrt:libemlrt.dll
 0001:00040f14       emlrtCreateReference       0000000180041f14 f   libemlrt:libemlrt.dll
 0001:00040f1a       emlrtImportVsFiArrayR2009b 0000000180041f1a f   libemlrt:libemlrt.dll
 0001:00040f20       emlrtNameCapturePostProcessR2012a 0000000180041f20 f   libemlrt:libemlrt.dll
 0001:00040f26       emlrtExtractMessageId      0000000180041f26 f   libemlrt:libemlrt.dll
 0001:00040f2c       emlrtTranslateMessageIDtoLCPstring 0000000180041f2c f   libemlrt:libemlrt.dll
 0001:00040f32       emlrtForLoopVectorIsValidR2011b 0000000180041f32 f   libemlrt:libemlrt.dll
 0001:00040f38       emlrtTranslateUTF16MessagetoLCPstring 0000000180041f38 f   libemlrt:libemlrt.dll
 0001:00040f3e       emlrtGetEnumUnderlyingArrayR2009a 0000000180041f3e f   libemlrt:libemlrt.dll
 0001:00040f44       emlrtIsEnumR2009a          0000000180041f44 f   libemlrt:libemlrt.dll
 0001:00040f4c       __GSHandlerCheckCommon     0000000180041f4c f   MSVCRT:gshandler.obj
 0001:00040fb0       __GSHandlerCheck           0000000180041fb0 f   MSVCRT:gshandler.obj
 0001:00040fce       strlen                     0000000180041fce f   MSVCRT:MSVCR100.dll
 0001:00040ff0       __security_check_cookie    0000000180041ff0 f   MSVCRT:amdsecgs.obj
 0001:00041010       memset                     0000000180042010 f   MSVCRT:MSVCR100.dll
 0001:00041016       strcmp                     0000000180042016 f   MSVCRT:MSVCR100.dll
 0001:0004101c       free                       000000018004201c f   MSVCRT:MSVCR100.dll
 0001:00041022       sprintf                    0000000180042022 f   MSVCRT:MSVCR100.dll
 0001:00041028       malloc                     0000000180042028 f   MSVCRT:MSVCR100.dll
 0001:0004102e       strcat                     000000018004202e f   MSVCRT:MSVCR100.dll
 0001:00041034       memcpy                     0000000180042034 f   MSVCRT:MSVCR100.dll
 0001:0004103c       NtCurrentTeb               000000018004203c f i MSVCRT:crtdll.obj
 0001:000410a8       _CRT_INIT                  00000001800420a8 f   MSVCRT:crtdll.obj
 0001:00041440       _DllMainCRTStartup         0000000180042440 f   MSVCRT:crtdll.obj
 0001:0004147e       strncpy                    000000018004247e f   MSVCRT:MSVCR100.dll
 0001:000414a0       __chkstk                   00000001800424a0 f   MSVCRT:chkstk.obj
 0001:000414a0       _alloca_probe              00000001800424a0     MSVCRT:chkstk.obj
 0001:000414ee       longjmp                    00000001800424ee f   MSVCRT:MSVCR100.dll
 0001:000414f4       strncmp                    00000001800424f4 f   MSVCRT:MSVCR100.dll
 0001:000414fa       ceil                       00000001800424fa f   MSVCRT:MSVCR100.dll
 0001:00041500       strrchr                    0000000180042500 f   MSVCRT:MSVCR100.dll
 0001:00041506       _setjmp                    0000000180042506 f   MSVCRT:MSVCR100.dll
 0001:0004150c       ldexp                      000000018004250c f   MSVCRT:MSVCR100.dll
 0001:00041514       __report_gsfailure         0000000180042514 f   MSVCRT:gs_report.obj
 0001:00041660       __clean_type_info_names    0000000180042660 f   MSVCRT:tncleanup.obj
 0001:0004166c       _onexit                    000000018004266c f   MSVCRT:atonexit.obj
 0001:0004171c       atexit                     000000018004271c f   MSVCRT:atonexit.obj
 0001:00041734       _RTC_Initialize            0000000180042734 f   MSVCRT:_initsect_.obj
 0001:0004176c       _RTC_Terminate             000000018004276c f   MSVCRT:_initsect_.obj
 0001:000417a4       _malloc_crt                00000001800427a4 f   MSVCRT:MSVCR100.dll
 0001:000417b0       _ValidateImageBase         00000001800427b0 f   MSVCRT:pesect.obj
 0001:000417e0       _FindPESection             00000001800427e0 f   MSVCRT:pesect.obj
 0001:00041830       _IsNonwritableInCurrentImage 0000000180042830 f   MSVCRT:pesect.obj
 0001:00041872       _initterm                  0000000180042872 f   MSVCRT:MSVCR100.dll
 0001:00041878       _initterm_e                0000000180042878 f   MSVCRT:MSVCR100.dll
 0001:0004187e       _encoded_null              000000018004287e f   MSVCRT:MSVCR100.dll
 0001:00041884       _amsg_exit                 0000000180042884 f   MSVCRT:MSVCR100.dll
 0001:0004188a       __C_specific_handler       000000018004288a f   MSVCRT:MSVCR100.dll
 0001:00041890       __CppXcptFilter            0000000180042890 f   MSVCRT:MSVCR100.dll
 0001:00041898       DllMain                    0000000180042898 f   MSVCRT:dllmain.obj
 0001:000418bc       __security_init_cookie     00000001800428bc f   MSVCRT:gs_support.obj
 0001:00041970       __crt_debugger_hook        0000000180042970 f   MSVCRT:MSVCR100.dll
 0001:00041976       __clean_type_info_names_internal 0000000180042976 f   MSVCRT:MSVCR100.dll
 0001:0004197c       _unlock                    000000018004297c f   MSVCRT:MSVCR100.dll
 0001:00041982       __dllonexit                0000000180042982 f   MSVCRT:MSVCR100.dll
 0001:00041988       _lock                      0000000180042988 f   MSVCRT:MSVCR100.dll
 0001:0004198e       EncodePointer              000000018004298e f   kernel32:KERNEL32.dll
 0001:00041994       DecodePointer              0000000180042994 f   kernel32:KERNEL32.dll
 0001:0004199a       Sleep                      000000018004299a f   kernel32:KERNEL32.dll
 0001:000419a0       TerminateProcess           00000001800429a0 f   kernel32:KERNEL32.dll
 0001:000419a6       GetCurrentProcess          00000001800429a6 f   kernel32:KERNEL32.dll
 0001:000419ac       UnhandledExceptionFilter   00000001800429ac f   kernel32:KERNEL32.dll
 0001:000419b2       SetUnhandledExceptionFilter 00000001800429b2 f   kernel32:KERNEL32.dll
 0001:000419b8       IsDebuggerPresent          00000001800429b8 f   kernel32:KERNEL32.dll
 0001:000419be       RtlVirtualUnwind           00000001800429be f   kernel32:KERNEL32.dll
 0001:000419c4       RtlLookupFunctionEntry     00000001800429c4 f   kernel32:KERNEL32.dll
 0001:000419ca       RtlCaptureContext          00000001800429ca f   kernel32:KERNEL32.dll
 0001:000419d0       DisableThreadLibraryCalls  00000001800429d0 f   kernel32:KERNEL32.dll
 0001:000419d6       QueryPerformanceCounter    00000001800429d6 f   kernel32:KERNEL32.dll
 0001:000419dc       GetTickCount               00000001800429dc f   kernel32:KERNEL32.dll
 0001:000419e2       GetCurrentThreadId         00000001800429e2 f   kernel32:KERNEL32.dll
 0001:000419e8       GetCurrentProcessId        00000001800429e8 f   kernel32:KERNEL32.dll
 0001:000419ee       GetSystemTimeAsFileTime    00000001800429ee f   kernel32:KERNEL32.dll
 0002:00000000       __imp_RtlLookupFunctionEntry 0000000180043000     kernel32:KERNEL32.dll
 0002:00000008       __imp_RtlVirtualUnwind     0000000180043008     kernel32:KERNEL32.dll
 0002:00000010       __imp_IsDebuggerPresent    0000000180043010     kernel32:KERNEL32.dll
[...]
 0001:00017920       sf_mex_check_fimath        0000000180018920 f   sfc_mex:sfc_mex.obj
 0001:00018480       size_mismatch_error        0000000180019480 f   sfc_mex:sfc_mex.obj
 0001:00018ef0       check_array_dimensions     0000000180019ef0 f   sfc_mex:sfc_mex.obj
 0001:00018f60       check_input_mxarray        0000000180019f60 f   sfc_mex:sfc_mex.obj
 0001:000196a0       sf_numeric_value_to_double 000000018001a6a0 f   sfc_mex:sfc_mex.obj
 0001:000196f0       ml_generic_out_of_bounds_check 000000018001a6f0 f   sfc_mex:sfc_mex.obj
 0001:000198b0       ml_get_element_value_from_array 000000018001a8b0 f   sfc_mex:sfc_mex.obj
 0001:00019c50       _ml_generic_castability_check 000000018001ac50 f   sfc_mex:sfc_mex.obj
 0001:0001a3a0       ml_generic_castability_check 000000018001b3a0 f   sfc_mex:sfc_mex.obj
 0001:0001a440       ml_check_mx_array_for_single_castability 000000018001b440 f   sfc_mex:sfc_mex.obj
 0001:0001a4e0       ml_check_mx_array_for_logical_castability 000000018001b4e0 f   sfc_mex:sfc_mex.obj
 0001:0001a580       ml_check_mx_array_for_int8_castability 000000018001b580 f   sfc_mex:sfc_mex.obj
 0001:0001a630       ml_check_mx_array_for_uint8_castability 000000018001b630 f   sfc_mex:sfc_mex.obj
 0001:0001a690       ml_check_mx_array_for_int16_castability 000000018001b690 f   sfc_mex:sfc_mex.obj
 0001:0001a6f0       ml_check_mx_array_for_uint16_castability 000000018001b6f0 f   sfc_mex:sfc_mex.obj
 0001:0001a750       ml_check_mx_array_for_int32_castability 000000018001b750 f   sfc_mex:sfc_mex.obj
 0001:0001a7b0       ml_check_mx_array_for_uint32_castability 000000018001b7b0 f   sfc_mex:sfc_mex.obj
 0001:0001a810       ml_check_mx_array_for_castability 000000018001b810 f   sfc_mex:sfc_mex.obj
 0001:0001b030       set_data_value             000000018001c030 f   sfc_mex:sfc_mex.obj
 0001:0001b3a0       get_data_value             000000018001c3a0 f   sfc_mex:sfc_mex.obj
 0001:0001b4b0       get_next_element_address   000000018001c4b0 f   sfc_mex:sfc_mex.obj
 0001:0001b580       sf_normalize_index         000000018001c580 f   sfc_mex:sfc_mex.obj
 0001:0001b930       ml_array_index_bound_check 000000018001c930 f   sfc_mex:sfc_mex.obj
 0001:0001c4b0       mx_value                   000000018001d4b0 f   sfc_mex:sfc_mex.obj
 0001:0001c500       sf_create_numeric_array    000000018001d500 f   sfc_mex:sfc_mex.obj
 0001:0001c5a0       sf_mex_assign_to_mx_array  000000018001d5a0 f   sfc_mex:sfc_mex.obj
 0001:0001c910       assign_from_mx_array       000000018001d910 f   sfc_mex:sfc_mex.obj
 0001:0001d070       sf_mex_import_v            000000018001e070 f   sfc_mex:sfc_mex.obj
 0001:0001d780       get_machine_and_chart_file_number 000000018001e780 f   sfc_mex:sfc_sf.obj
 0001:0001d870       get_sfun_block_specialization 000000018001e870 f   sfc_mex:sfc_sf.obj
 0001:0001d920       call_sf_machine_global_method_dispatcher 000000018001e920 f   sfc_mex:sfc_sf.obj
 0001:0001db70       mdl_zeroCrossings_processing 000000018001eb70 f   sfc_mex:sfc_sf.obj
 0001:0001dc50       mdl_derivatives_processing 000000018001ec50 f   sfc_mex:sfc_sf.obj
 0001:0001df30       mdl_outputs_continuous_legacy 000000018001ef30 f   sfc_mex:sfc_sf.obj
 0001:0001dfb0       mdl_outputs_processing     000000018001efb0 f   sfc_mex:sfc_sf.obj
 0001:0001e220       mdl_enable_processing      000000018001f220 f   sfc_mex:sfc_sf.obj
 0001:0001e300       mdl_disable_processing     000000018001f300 f   sfc_mex:sfc_sf.obj
 0001:0001f190       sf_call_output_fcn_enable_disable 0000000180020190 f   sfc_mex:sfc_sf.obj
 0001:0001f410       set_dwork_information_from_mx_array 0000000180020410 f   sfc_mex:sfc_sf.obj
 0001:0001fd00       ptr2mxStruct               0000000180020d00 f   sfc_mex:sfc_sf.obj
 0001:00020010       SNPRINTF_WRAPPER           0000000180021010 f   sfc_debug:sfcdebug.obj
 0001:00020040       sf_debug_chart_instance_initialized 0000000180021040 f   sfc_debug:sfcdebug.obj
 0001:000201e0       sfrtAddSize                00000001800211e0 f   sfc_debug:sfcdebug.obj
 0001:000202a0       sfrtGenSizeString          00000001800212a0 f   sfc_debug:sfcdebug.obj
 0001:000209f0       fill_single_message_info   00000001800219f0 f   sfc_debug:sfcdebug.obj
 0001:00020c70       sf_debug_sim_status_listener 0000000180021c70 f   sfc_debug:sfcdebug.obj
 0001:00021200       sf_debug_form_mask_bits    0000000180022200 f   sfc_debug:sfcdebug.obj
 0001:00021220       sf_debug_form_sf_data_type_offsets 0000000180022220 f   sfc_debug:sfcdebug.obj
 0001:000212e0       sf_debug_free_all          00000001800222e0 f   sfc_debug:sfcdebug.obj
 0001:00021470       sf_debug_append_debugger_context 0000000180022470 f   sfc_debug:sfcdebug.obj
 0001:000217e0       local_strdup               00000001800227e0 f   sfc_debug:sfcdebug.obj
 0001:00022760       sf_debug_em_terminate      0000000180023760 f   sfc_debug:sfcdebug.obj
 0001:000227a0       sf_debug_push_eml_function 00000001800237a0 f   sfc_debug:sfcdebug.obj
 0001:00022840       sf_debug_pop_eml_function  0000000180023840 f   sfc_debug:sfcdebug.obj
 0001:000234e0       sf_debug_get_machine_number_from_id_or_name 00000001800244e0 f   sfc_debug:sfcdebug.obj
 0001:00023630       sf_debug_get_chart_number_from_id 0000000180024630 f   sfc_debug:sfcdebug.obj
 0001:00024410       sf_debug_transfer_control_to_debugger_GUI 0000000180025410 f   sfc_debug:sfcdebug.obj
 0001:00025380       sf_debug_scripts_rehash    0000000180026380 f   sfc_debug:sfcdebug.obj
 0001:00025590       sf_debug_get_script_line_count 0000000180026590 f   sfc_debug:sfcdebug.obj
 0001:00025fe0       cv_eml_state_cvId          0000000180026fe0 f   sfc_debug:sfcdebug.obj
 0001:00026050       cv_eml_trans_cvId          0000000180027050 f   sfc_debug:sfcdebug.obj
 0001:000274d0       sf_debug_data_array_bounds_error 00000001800284d0 f   sfc_debug:sfcdebug.obj
 0001:00027880       eml_debug_runtime_error_doclink 0000000180028880 f   sfc_debug:sfcdebug.obj
 0001:000279f0       sf_debug_runtime_error     00000001800289f0 f   sfc_debug:sfcdebug.obj
 0001:00027a60       sf_debug_matlab_error      0000000180028a60 f   sfc_debug:sfcdebug.obj
 0001:000283d0       sf_debug_data_value_error  00000001800293d0 f   sfc_debug:sfcdebug.obj
 0001:00028ca0       sf_debug_data_loss_error   0000000180029ca0 f   sfc_debug:sfcdebug.obj
 0001:00029bc0       call_cv_range_check        000000018002abc0 f   sfc_debug:sfcdebug.obj
 0001:0002a420       sf_debug_invoke_cycle_detection_code 000000018002b420 f   sfc_debug:sfcdebug.obj
 0001:0002af90       sf_reset_debug_info_struct 000000018002bf90 f   sfc_debug:sfcdebug.obj
 0001:0002b780       cv_script_cvId             000000018002c780 f   sfc_debug:sfcdebug.obj
 0001:0002c940       sfc_api_chart_visible      000000018002d940 f   sfc_debug:sfc_api.obj
 0001:0002c9d0       sfc_api_active_instance    000000018002d9d0 f   sfc_debug:sfc_api.obj
 0001:0002ca60       sfc_api_machine_load       000000018002da60 f   sfc_debug:sfc_api.obj
 0001:0002cb50       sfc_api_debugger_alive     000000018002db50 f   sfc_debug:sfc_api.obj
 0001:0002cb60       sfc_api_go                 000000018002db60 f   sfc_debug:sfc_api.obj
 0001:0002cb70       sfc_api_step_over          000000018002db70 f   sfc_debug:sfc_api.obj
 0001:0002cb80       sfc_api_step_out           000000018002db80 f   sfc_debug:sfc_api.obj
 0001:0002cb90       sfc_api_resume             000000018002db90 f   sfc_debug:sfc_api.obj
 0001:0002cba0       sfc_api_break              000000018002dba0 f   sfc_debug:sfc_api.obj
 0001:0002cbb0       sfc_api_stop_debugging     000000018002dbb0 f   sfc_debug:sfc_api.obj
 0001:0002cc10       sfc_api_is_cycle_detected  000000018002dc10 f   sfc_debug:sfc_api.obj
 0001:0002cc70       sfc_api_is_array_bounds_detected 000000018002dc70 f   sfc_debug:sfc_api.obj
 0001:0002ccd0       sfc_api_set_disable_all_breakpoints 000000018002dcd0 f   sfc_debug:sfc_api.obj
 0001:0002cd50       sfc_api_disable_all_breakpoints_and_go 000000018002dd50 f   sfc_debug:sfc_api.obj
 0001:0002cd60       sfc_api_close              000000018002dd60 f   sfc_debug:sfc_api.obj
 0001:0002cd70       sfc_api_browse_data        000000018002dd70 f   sfc_debug:sfc_api.obj
 0001:0002cdf0       sfc_api_watch_data         000000018002ddf0 f   sfc_debug:sfc_api.obj
 0001:0002cf00       sfc_api_extract_message_post_receive_info 000000018002df00 f   sfc_debug:sfc_api.obj
 0001:0002cf20       sfc_api_assign_data        000000018002df20 f   sfc_debug:sfc_api.obj
 0001:0002cfd0       sfc_api_whos               000000018002dfd0 f   sfc_debug:sfc_api.obj
 0001:0002d060       sfc_api_get_consistency_info 000000018002e060 f   sfc_debug:sfc_api.obj
 0001:0002d070       sfc_api_browse_trace       000000018002e070 f   sfc_debug:sfc_api.obj
 0001:0002d080       sfc_api_break_on_chart_entry 000000018002e080 f   sfc_debug:sfc_api.obj
 0001:0002d0b0       sfc_api_break_on_event_broadcast 000000018002e0b0 f   sfc_debug:sfc_api.obj
 0001:0002d0e0       sfc_api_break_on_state_entry 000000018002e0e0 f   sfc_debug:sfc_api.obj
 0001:0002d110       sfc_api_set_watch          000000018002e110 f   sfc_debug:sfc_api.obj
 0001:0002d1c0       sfc_api_set_breakpoints    000000018002e1c0 f   sfc_debug:sfc_api.obj
 0001:0002d280       sfc_api_set_eml_breakpoints 000000018002e280 f   sfc_debug:sfc_api.obj
 0001:0002d320       sfc_api_set_script_breakpoints 000000018002e320 f   sfc_debug:sfc_api.obj
 0001:0002d380       sfc_api_add_script_breakpoints 000000018002e380 f   sfc_debug:sfc_api.obj
 0001:0002d3e0       sfc_api_clear_script_breakpoints 000000018002e3e0 f   sfc_debug:sfc_api.obj
 0001:0002d440       sfc_api_query_script_breakpoints 000000018002e440 f   sfc_debug:sfc_api.obj
 0001:0002d4b0       sfc_api_get_script_id      000000018002e4b0 f   sfc_debug:sfc_api.obj
 0001:0002d570       sfc_api_get_active_states  000000018002e570 f   sfc_debug:sfc_api.obj
 0001:0002d600       sfc_api_break_between_times 000000018002e600 f   sfc_debug:sfc_api.obj
 0001:0002d670       sfc_api_get_instance_handle 000000018002e670 f   sfc_debug:sfc_api.obj
 0001:0002d740       sfc_api_set_animation      000000018002e740 f   sfc_debug:sfc_api.obj
 0001:0002d790       sfc_api_select_chart       000000018002e790 f   sfc_debug:sfc_api.obj
 0001:0002d800       sfc_api_select_charts      000000018002e800 f   sfc_debug:sfc_api.obj
 0001:0002d830       sfc_api_cycle_detection_check 000000018002e830 f   sfc_debug:sfc_api.obj
 0001:0002d880       sfc_api_data_range_check   000000018002e880 f   sfc_debug:sfc_api.obj
 0001:0002d8d0       sfc_api_transition_conflict_check 000000018002e8d0 f   sfc_debug:sfc_api.obj
 0001:0002d920       sfc_api_state_consistency_check 000000018002e920 f   sfc_debug:sfc_api.obj
 0001:0002d970       sfc_api_set_instance_cv_ids 000000018002e970 f   sfc_debug:sfc_api.obj
 0001:0002daa0       sfc_api_set_script_cv_ids  000000018002eaa0 f   sfc_debug:sfc_api.obj
 0001:0002db70       sfc_api_get_current_machine_id 000000018002eb70 f   sfc_debug:sfc_api.obj
 0001:0002dba0       sfc_api_get_current_machine_number 000000018002eba0 f   sfc_debug:sfc_api.obj
 0001:0002dbd0       sfc_api_get_current_chart_number 000000018002ebd0 f   sfc_debug:sfc_api.obj
 0001:0002dc00       sfc_api_get_current_instance_number 000000018002ec00 f   sfc_debug:sfc_api.obj
 0001:0002dc30       sfc_api_get_current_instance_handle 000000018002ec30 f   sfc_debug:sfc_api.obj
 0001:0002dc50       sfc_api_get_current_is_minor_time_step 000000018002ec50 f   sfc_debug:sfc_api.obj
 0001:0002dc80       sfc_api_get_current_machine_name 000000018002ec80 f   sfc_debug:sfc_api.obj
 0001:0002dca0       sfc_api_get_current_chart_id 000000018002eca0 f   sfc_debug:sfc_api.obj
 0001:0002dcd0       sfc_api_get_current_object_type 000000018002ecd0 f   sfc_debug:sfc_api.obj
 0001:0002dd00       sfc_api_get_current_event_type 000000018002ed00 f   sfc_debug:sfc_api.obj
 0001:0002dd30       sfc_api_get_current_object_id 000000018002ed30 f   sfc_debug:sfc_api.obj
 0001:0002dd60       sfc_get_current_active_event_type 000000018002ed60 f   sfc_debug:sfc_api.obj
 0001:0002dd90       sfc_api_get_current_active_event_id 000000018002ed90 f   sfc_debug:sfc_api.obj
 0001:0002ddc0       sfc_api_get_current_simulation_time 000000018002edc0 f   sfc_debug:sfc_api.obj
 0001:0002dde0       sfc_get_current_tag_type   000000018002ede0 f   sfc_debug:sfc_api.obj
 0001:0002de10       sfc_get_current_coverage_percentage 000000018002ee10 f   sfc_debug:sfc_api.obj
 0001:0002de30       sfc_get_current_statement_context 000000018002ee30 f   sfc_debug:sfc_api.obj
 0001:0002de50       sfc_get_current_optional_integer 000000018002ee50 f   sfc_debug:sfc_api.obj
 0001:0002de80       sfc_get_current_statement_info 000000018002ee80 f   sfc_debug:sfc_api.obj
 0001:0002df20       sfc_api_get                000000018002ef20 f   sfc_debug:sfc_api.obj
 0001:0002eb80       sf_debug_sm_fill_state_activity_data 000000018002fb80 f   sfc_debug:sfdb_animation.obj
 0001:000313c0       void_ptr_stack_vector_free_total 00000001800323c0 f   sfc_debug:sfdb_data_browse.obj
 0001:00031440       sf_debug_st_terminate_machine 0000000180032440 f   sfc_debug:sfdb_data_browse.obj
 0001:00031480       sf_debug_st_terminate_instance 0000000180032480 f   sfc_debug:sfdb_data_browse.obj
 0001:00031830       push_on_to_void_ptr_stack  0000000180032830 f   sfc_debug:sfdb_data_browse.obj
 0001:000319c0       pop_from_void_ptr_stack    00000001800329c0 f   sfc_debug:sfdb_data_browse.obj
 0001:00031af0       sf_debug_st_get_data_value 0000000180032af0 f   sfc_debug:sfdb_data_browse.obj
 0001:00032020       mx_value                   0000000180033020 f   sfc_debug:sfdb_data_browse.obj
 0001:00032060       sf_debug_st_fill_data_struct 0000000180033060 f   sfc_debug:sfdb_data_browse.obj
 0001:000323a0       data_type_format_strings   00000001800333a0 f   sfc_debug:sfdb_data_browse.obj
 0001:00032450       sf_debug_st_fill_data      0000000180033450 f   sfc_debug:sfdb_data_browse.obj
 0001:00033140       sf_debug_hm_get_simulink_handle 0000000180034140 f   sfc_debug:sfdb_handle_management.obj
 0001:00033bf0       sf_debug_hm_initialize_globals 0000000180034bf0 f   sfc_debug:sfdb_handle_management.obj
 0001:00033cf0       sf_debug_hm_get_machine_debug_flag 0000000180034cf0 f   sfc_debug:sfdb_handle_management.obj
 0001:00033e60       sf_debug_hm_get_machine_id 0000000180034e60 f   sfc_debug:sfdb_handle_management.obj
 0001:00033f80       sf_debug_hm_get_chart_id   0000000180034f80 f   sfc_debug:sfdb_handle_management.obj
 0001:00034120       sf_debug_hm_register_executing_SFunction 0000000180035120 f   sfc_debug:sfdb_handle_management.obj
 0001:000344b0       sf_debug_hm_form_object_boolean_properties 00000001800354b0 f   sfc_debug:sfdb_handle_management.obj
 0001:00034780       sf_debug_hm_form_object_properties 0000000180035780 f   sfc_debug:sfdb_handle_management.obj
 0001:000349c0       sf_debug_hm_terminate_charts 00000001800359c0 f   sfc_debug:sfdb_handle_management.obj
 0001:000350a0       sf_debug_hm_terminate_machines 00000001800360a0 f   sfc_debug:sfdb_handle_management.obj
 0001:00036b10       sf_debug_ss_copy_dimension 0000000180037b10 f   sfc_debug:sfdb_symbol_scope.obj
 0001:00036bd0       sf_debug_ss_get_number_elements 0000000180037bd0 f   sfc_debug:sfdb_symbol_scope.obj
 0001:00036bf0       sf_debug_ss_fill_data_struct 0000000180037bf0 f   sfc_debug:sfdb_symbol_scope.obj
 0001:00036f40       sf_debug_ss_reset_data_info 0000000180037f40 f   sfc_debug:sfdb_symbol_scope.obj
 0001:00036fa0       sf_debug_fill_data_info_by_symbol_scope_entry 0000000180037fa0 f   sfc_debug:sfdb_symbol_scope.obj
 0001:00037060       sf_debug_fill_data_info_by_data_vector 0000000180038060 f   sfc_debug:sfdb_symbol_scope.obj
 0001:000372b0       get_data_info_helper       00000001800382b0 f   sfc_debug:sfdb_symbol_scope.obj
 0001:000375a0       sf_debug_ss_get_data_info  00000001800385a0 f   sfc_debug:sfdb_symbol_scope.obj
 0001:000377c0       sf_debug_select_mex_function 00000001800387c0 f   sfc_debug:sfdb_symbol_scope.obj
 0001:000377f0       sf_debug_is_dyn_matrix_initialized 00000001800387f0 f   sfc_debug:sfdb_symbol_scope.obj
 0001:00037810       sf_debug_ss_set_data_value_try 0000000180038810 f   sfc_debug:sfdb_symbol_scope.obj
 0001:00037a00       sf_debug_ss_get_data_value 0000000180038a00 f   sfc_debug:sfdb_symbol_scope.obj
 0001:00038160       sf_debug_ss_data_bytes_string 0000000180039160 f   sfc_debug:sfdb_symbol_scope.obj
 0001:000381f0       sf_debug_ss_data_class_string 00000001800391f0 f   sfc_debug:sfdb_symbol_scope.obj
 0001:00038570       sf_debug_ss_data_size_string 0000000180039570 f   sfc_debug:sfdb_symbol_scope.obj
 0001:00038650       sf_debug_ss_data_create_data_info_struct 0000000180039650 f   sfc_debug:sfdb_symbol_scope.obj
 0001:00038900       sf_debug_ss_data_create_name_value_pair 0000000180039900 f   sfc_debug:sfdb_symbol_scope.obj
 0001:000389a0       sf_debug_ss_data_get_whos_info 00000001800399a0 f   sfc_debug:sfdb_symbol_scope.obj
 0001:000389b0       same_named_data_in_data_array 00000001800399b0 f   sfc_debug:sfdb_symbol_scope.obj
 0001:0003a140       sf_debug_cc_terminate_chart 000000018003b140 f   sfc_debug:sfdb_coverage.obj
 0001:0003a450       sf_debug_cc_terminate_instance 000000018003b450 f   sfc_debug:sfdb_coverage.obj
 0001:0003b020       sf_debug_cc_mark_object_if_needed 000000018003c020 f   sfc_debug:sfdb_coverage.obj
 0001:0003b8a0       sf_debug_bm_initialize_eml 000000018003c8a0 f   sfc_debug:sfdb_breakpoints.obj
 0001:0003c960       sf_debug_bm_map_debug_tag_to_breakpoint_tag 000000018003d960 f   sfc_debug:sfdb_breakpoints.obj
 0001:0003ca40       sf_debug_bm_is_a_eml_breakpoint_impl 000000018003da40 f   sfc_debug:sfdb_breakpoints.obj
 0001:0003e370       sf_debug_sc_push_on_error_stack 000000018003f370 f   sfc_debug:sfdb_state_consistency.obj
 0001:0003e490       sf_debug_sc_reset_error_stack 000000018003f490 f   sfc_debug:sfdb_state_consistency.obj
 0001:0003e620       sf_debug_sc_is_state_inconsistent 000000018003f620 f   sfc_debug:sfdb_state_consistency.obj
 0001:0003e910       sf_debug_sc_fill_consistency_info 000000018003f910 f   sfc_debug:sfdb_state_consistency.obj
 0001:0003eeb0       void_assertion_fcn         000000018003feb0 f   sfc_debug:sfdb_call_stack.obj
 0001:0003f400       sf_debug_tm_fill_local_trace 0000000180040400 f   sfc_debug:sfdb_call_stack.obj
 0001:0003f9a0       sf_debug_cd_terminate_instance 00000001800409a0 f   sfc_debug:sfdb_cycle_detection.obj
 0001:0003fa00       sf_debug_cd_free_checksum_stack 0000000180040a00 f   sfc_debug:sfdb_cycle_detection.obj
 0001:0003fa50       sf_debug_cd_reset_pack_strings 0000000180040a50 f   sfc_debug:sfdb_cycle_detection.obj
 0001:000400f0       md5file_clear              00000001800410f0 f   sfc_debug:ckmd5.obj
 0001:00040120       Encode                     0000000180041120 f   sfc_debug:ckmd5.obj
 0001:00040170       Decode                     0000000180041170 f   sfc_debug:ckmd5.obj
 0001:00040210       MD5Transform               0000000180041210 f   sfc_debug:ckmd5.obj
 0001:00040a70       md5file_addn               0000000180041a70 f   sfc_debug:ckmd5.obj
 0001:00040b40       md5file_hash               0000000180041b40 f   sfc_debug:ckmd5.obj
 0001:00041048       pre_c_init                 0000000180042048 f   MSVCRT:crtdll.obj
 0001:00041304       __DllMainCRTStartup        0000000180042304 f   MSVCRT:crtdll.obj
 0001:00041a00       __DllMainCRTStartup$filt$0 0000000180042a00 f   MSVCRT:crtdll.obj
 0001:00041a30       __DllMainCRTStartup$fin$1  0000000180042a30 f   MSVCRT:crtdll.obj
 0001:00041a4a       _onexit$fin$0              0000000180042a4a f   MSVCRT:atonexit.obj
 0001:00041a70       _IsNonwritableInCurrentImage$filt$0 0000000180042a70 f   MSVCRT:pesect.obj
