 Get_RE_RhythmCalc_Sig2Mbed_plotdTdAV_sfun

 Timestamp is 52d87075 (Fri Jan 17 08:51:17 2014)

 Preferred load address is 0000000180000000

 Start         Length     Name                   Class
 0001:00000000 000395c4H .text                   CODE
 0001:000395d0 00000092H .text$x                 CODE
 0002:00000000 00000488H .idata$5                DATA
 0002:00000488 00000008H .CRT$XCA                DATA
 0002:00000490 00000008H .CRT$XCZ                DATA
 0002:00000498 00000008H .CRT$XIA                DATA
 0002:000004a0 00000008H .CRT$XIAA               DATA
 0002:000004a8 00000008H .CRT$XIZ                DATA
 0002:000004b0 00004b3cH .rdata                  DATA
 0002:00004ff0 00000008H .rtc$IAA                DATA
 0002:00004ff8 00000008H .rtc$IZZ                DATA
 0002:00005000 00000008H .rtc$TAA                DATA
 0002:00005008 00000008H .rtc$TZZ                DATA
 0002:00005010 00004274H .xdata                  DATA
 0002:00009284 0000008cH .idata$2                DATA
 0002:00009310 00000014H .idata$3                DATA
 0002:00009328 00000488H .idata$4                DATA
 0002:000097b0 00000a9eH .idata$6                DATA
 0002:0000a250 0000006fH .edata                  DATA
 0003:00000000 000021d8H .data                   DATA
 0003:000021e0 00002418H .bss                    DATA
 0004:00000000 0000327cH .pdata                  DATA

  Address         Publics by Value              Rva+Base               Lib:Object

 0000:00000000       ___safe_se_handler_count   0000000000000000     <absolute>
 0000:00000000       ___safe_se_handler_table   0000000000000000     <absolute>
 0000:00000000       __ImageBase                0000000180000000     <linker-defined>
 0001:00000000       sf_c1_Get_RE_RhythmCalc_Sig2Mbed_plotdTdAV_get_eml_resolved_functions_info 0000000180001000 f   c1_Get_RE_RhythmCalc_Sig2Mbed_plotdTdAV.obj
 0001:000008c0       sf_c1_Get_RE_RhythmCalc_Sig2Mbed_plotdTdAV_get_check_sum 00000001800018c0 f   c1_Get_RE_RhythmCalc_Sig2Mbed_plotdTdAV.obj
 0001:00000940       sf_c1_Get_RE_RhythmCalc_Sig2Mbed_plotdTdAV_get_autoinheritance_info 0000000180001940 f   c1_Get_RE_RhythmCalc_Sig2Mbed_plotdTdAV.obj
 0001:00000d60       sf_c1_Get_RE_RhythmCalc_Sig2Mbed_plotdTdAV_third_party_uses_info 0000000180001d60 f   c1_Get_RE_RhythmCalc_Sig2Mbed_plotdTdAV.obj
 0001:00000d90       sf_internal_get_sim_state_c1_Get_RE_RhythmCalc_Sig2Mbed_plotdTdAV 0000000180001d90 f   c1_Get_RE_RhythmCalc_Sig2Mbed_plotdTdAV.obj
 0001:000010e0       sf_internal_set_sim_state_c1_Get_RE_RhythmCalc_Sig2Mbed_plotdTdAV 00000001800020e0 f   c1_Get_RE_RhythmCalc_Sig2Mbed_plotdTdAV.obj
 0001:000014e0       c1_Get_RE_RhythmCalc_Sig2Mbed_plotdTdAV_method_dispatcher 00000001800024e0 f   c1_Get_RE_RhythmCalc_Sig2Mbed_plotdTdAV.obj
 0001:00004160       sf_c2_Get_RE_RhythmCalc_Sig2Mbed_plotdTdAV_get_eml_resolved_functions_info 0000000180005160 f   c2_Get_RE_RhythmCalc_Sig2Mbed_plotdTdAV.obj
 0001:000046d0       sf_c2_Get_RE_RhythmCalc_Sig2Mbed_plotdTdAV_get_check_sum 00000001800056d0 f   c2_Get_RE_RhythmCalc_Sig2Mbed_plotdTdAV.obj
 0001:00004750       sf_c2_Get_RE_RhythmCalc_Sig2Mbed_plotdTdAV_get_autoinheritance_info 0000000180005750 f   c2_Get_RE_RhythmCalc_Sig2Mbed_plotdTdAV.obj
 0001:00004c70       sf_c2_Get_RE_RhythmCalc_Sig2Mbed_plotdTdAV_third_party_uses_info 0000000180005c70 f   c2_Get_RE_RhythmCalc_Sig2Mbed_plotdTdAV.obj
 0001:00004ca0       sf_internal_get_sim_state_c2_Get_RE_RhythmCalc_Sig2Mbed_plotdTdAV 0000000180005ca0 f   c2_Get_RE_RhythmCalc_Sig2Mbed_plotdTdAV.obj
 0001:00004f40       sf_internal_set_sim_state_c2_Get_RE_RhythmCalc_Sig2Mbed_plotdTdAV 0000000180005f40 f   c2_Get_RE_RhythmCalc_Sig2Mbed_plotdTdAV.obj
 0001:000051f0       c2_Get_RE_RhythmCalc_Sig2Mbed_plotdTdAV_method_dispatcher 00000001800061f0 f   c2_Get_RE_RhythmCalc_Sig2Mbed_plotdTdAV.obj
 0001:00007360       sf_process_check_sum_call  0000000180008360 f   Get_RE_RhythmCalc_Sig2Mbed_plotdTdAV_sfun_registry.obj
 0001:000073b0       sf_process_autoinheritance_call 00000001800083b0 f   Get_RE_RhythmCalc_Sig2Mbed_plotdTdAV_sfun_registry.obj
 0001:00007550       sf_process_get_third_party_uses_info_call 0000000180008550 f   Get_RE_RhythmCalc_Sig2Mbed_plotdTdAV_sfun_registry.obj
 0001:000076f0       sf_process_get_eml_resolved_functions_info_call 00000001800086f0 f   Get_RE_RhythmCalc_Sig2Mbed_plotdTdAV_sfun_registry.obj
 0001:00007870       sf_mex_unlock_call         0000000180008870 f   Get_RE_RhythmCalc_Sig2Mbed_plotdTdAV_sfun_registry.obj
 0001:00007920       sf_machine_global_initializer_called 0000000180008920 f   Get_RE_RhythmCalc_Sig2Mbed_plotdTdAV_sfun_registry.obj
 0001:00007950       sf_machine_global_method_dispatcher 0000000180008950 f   Get_RE_RhythmCalc_Sig2Mbed_plotdTdAV_sfun_registry.obj
 0001:000079b0       sf_machine_global_terminator 00000001800089b0 f   Get_RE_RhythmCalc_Sig2Mbed_plotdTdAV_sfun_registry.obj
 0001:00007a00       sf_register_machine_exported_symbols 0000000180008a00 f   Get_RE_RhythmCalc_Sig2Mbed_plotdTdAV_sfun_registry.obj
 0001:00007a20       callCustomFcn              0000000180008a20 f   Get_RE_RhythmCalc_Sig2Mbed_plotdTdAV_sfun_registry.obj
 0001:00007a30       sf_machine_global_initializer 0000000180008a30 f   Get_RE_RhythmCalc_Sig2Mbed_plotdTdAV_sfun_registry.obj
 0001:00007ab0       _ssSetStateAbsTol          0000000180008ab0 f   Get_RE_RhythmCalc_Sig2Mbed_plotdTdAV_sfun_registry.obj
 0001:00007b90       _ssGetAbsTol               0000000180008b90 f   Get_RE_RhythmCalc_Sig2Mbed_plotdTdAV_sfun_registry.obj
 0001:00007c00       _ssSetInputPortMatrixDimensions 0000000180008c00 f   Get_RE_RhythmCalc_Sig2Mbed_plotdTdAV_sfun_registry.obj
 0001:00007d10       _ssSetOutputPortMatrixDimensions 0000000180008d10 f   Get_RE_RhythmCalc_Sig2Mbed_plotdTdAV_sfun_registry.obj
 0001:00007e20       _ssSetInputPortVectorDimension 0000000180008e20 f   Get_RE_RhythmCalc_Sig2Mbed_plotdTdAV_sfun_registry.obj
 0001:00007ef0       _ssSetOutputPortVectorDimension 0000000180008ef0 f   Get_RE_RhythmCalc_Sig2Mbed_plotdTdAV_sfun_registry.obj
 0001:00007fc0       ssIsRunTimeParamTunable    0000000180008fc0 f   Get_RE_RhythmCalc_Sig2Mbed_plotdTdAV_sfun_registry.obj
 0001:00008030       ssGetSFuncBlockHandle      0000000180009030 f   Get_RE_RhythmCalc_Sig2Mbed_plotdTdAV_sfun_registry.obj
 0001:000080a0       _ssGetCurrentInputPortWidth 00000001800090a0 f   Get_RE_RhythmCalc_Sig2Mbed_plotdTdAV_sfun_registry.obj
 0001:000081c0       _ssGetCurrentOutputPortWidth 00000001800091c0 f   Get_RE_RhythmCalc_Sig2Mbed_plotdTdAV_sfun_registry.obj
 0001:000082e0       _ssGetCallSystemNumFcnCallDestinations 00000001800092e0 f   Get_RE_RhythmCalc_Sig2Mbed_plotdTdAV_sfun_registry.obj
 0001:00008350       ssWarning                  0000000180009350 f   Get_RE_RhythmCalc_Sig2Mbed_plotdTdAV_sfun_registry.obj
 0001:00008460       ssGetIsZeroCrossControlDisabled 0000000180009460 f   Get_RE_RhythmCalc_Sig2Mbed_plotdTdAV_sfun_registry.obj
 0001:000084d0       ssSetIsInputPortUsedForContZcSignal 00000001800094d0 f   Get_RE_RhythmCalc_Sig2Mbed_plotdTdAV_sfun_registry.obj
 0001:00008540       ssSetZcSignalIsZcElementDisc 0000000180009540 f   Get_RE_RhythmCalc_Sig2Mbed_plotdTdAV_sfun_registry.obj
 0001:000085f0       ssSetZcSignalName          00000001800095f0 f   Get_RE_RhythmCalc_Sig2Mbed_plotdTdAV_sfun_registry.obj
 0001:00008660       ssSetZcSignalWidth         0000000180009660 f   Get_RE_RhythmCalc_Sig2Mbed_plotdTdAV_sfun_registry.obj
 0001:000086d0       ssSetZcSignalZcEventType   00000001800096d0 f   Get_RE_RhythmCalc_Sig2Mbed_plotdTdAV_sfun_registry.obj
 0001:00008740       ssSetZcSignalType          0000000180009740 f   Get_RE_RhythmCalc_Sig2Mbed_plotdTdAV_sfun_registry.obj
 0001:000087b0       ssSetZcSignalZcTol         00000001800097b0 f   Get_RE_RhythmCalc_Sig2Mbed_plotdTdAV_sfun_registry.obj
 0001:00008820       ssSetZcSignalNeedsEventNotification 0000000180009820 f   Get_RE_RhythmCalc_Sig2Mbed_plotdTdAV_sfun_registry.obj
 0001:00008890       ssCreateAndAddZcSignalInfo 0000000180009890 f   Get_RE_RhythmCalc_Sig2Mbed_plotdTdAV_sfun_registry.obj
 0001:00008900       ssCloneAndAddZcSignalInfo  0000000180009900 f   Get_RE_RhythmCalc_Sig2Mbed_plotdTdAV_sfun_registry.obj
 0001:00008970       ssGetNumZcSignals          0000000180009970 f   Get_RE_RhythmCalc_Sig2Mbed_plotdTdAV_sfun_registry.obj
 0001:000089e0       ssGetZcSignalVector        00000001800099e0 f   Get_RE_RhythmCalc_Sig2Mbed_plotdTdAV_sfun_registry.obj
 0001:00008a50       ssGetZcSignalZcEvents      0000000180009a50 f   Get_RE_RhythmCalc_Sig2Mbed_plotdTdAV_sfun_registry.obj
 0001:00008ac0       ssGetZcSignalName          0000000180009ac0 f   Get_RE_RhythmCalc_Sig2Mbed_plotdTdAV_sfun_registry.obj
 0001:00008b30       ssGetZcSignalWidth         0000000180009b30 f   Get_RE_RhythmCalc_Sig2Mbed_plotdTdAV_sfun_registry.obj
 0001:00008ba0       ssGetZcSignalZcEventType   0000000180009ba0 f   Get_RE_RhythmCalc_Sig2Mbed_plotdTdAV_sfun_registry.obj
 0001:00008c10       ssGetZcSignalType          0000000180009c10 f   Get_RE_RhythmCalc_Sig2Mbed_plotdTdAV_sfun_registry.obj
 0001:00008c80       ssGetZcSignalZcTol         0000000180009c80 f   Get_RE_RhythmCalc_Sig2Mbed_plotdTdAV_sfun_registry.obj
 0001:00008d00       ssGetZcSignalNeedsEventNotification 0000000180009d00 f   Get_RE_RhythmCalc_Sig2Mbed_plotdTdAV_sfun_registry.obj
 0001:00008d70       ssGetZcSignalIsZcElementDisc 0000000180009d70 f   Get_RE_RhythmCalc_Sig2Mbed_plotdTdAV_sfun_registry.obj
 0001:00008e10       ssGetIsInputPortElementContinuous 0000000180009e10 f   Get_RE_RhythmCalc_Sig2Mbed_plotdTdAV_sfun_registry.obj
 0001:00008eb0       _ssGetInputPortSignalPtrsFcn 0000000180009eb0 f   Get_RE_RhythmCalc_Sig2Mbed_plotdTdAV_sfun_registry.obj
 0001:00009170       _ssGetInputPortSignalFcn   000000018000a170 f   Get_RE_RhythmCalc_Sig2Mbed_plotdTdAV_sfun_registry.obj
 0001:00009390       _ssSetInputPortDirectFeedThroughFcn 000000018000a390 f   Get_RE_RhythmCalc_Sig2Mbed_plotdTdAV_sfun_registry.obj
 0001:000094f0       _ssSetInputPortReusableFcn 000000018000a4f0 f   Get_RE_RhythmCalc_Sig2Mbed_plotdTdAV_sfun_registry.obj
 0001:000095e0       _ssSetOutputPortReusableFcn 000000018000a5e0 f   Get_RE_RhythmCalc_Sig2Mbed_plotdTdAV_sfun_registry.obj
 0001:000096c0       ssGetDTypeIdFromMxArray    000000018000a6c0 f   Get_RE_RhythmCalc_Sig2Mbed_plotdTdAV_sfun_registry.obj
 0001:000097e0       ssWriteRTWStr              000000018000a7e0 f   Get_RE_RhythmCalc_Sig2Mbed_plotdTdAV_sfun_registry.obj
 0001:00009840       ssWriteRTWMxVectParam      000000018000a840 f   Get_RE_RhythmCalc_Sig2Mbed_plotdTdAV_sfun_registry.obj
 0001:000098a0       ssWriteRTWMx2dMatParam     000000018000a8a0 f   Get_RE_RhythmCalc_Sig2Mbed_plotdTdAV_sfun_registry.obj
 0001:00009920       ssWriteRTWNameValuePair    000000018000a920 f   Get_RE_RhythmCalc_Sig2Mbed_plotdTdAV_sfun_registry.obj
 0001:00009e10       ssWriteRTWParameters       000000018000ae10 f   Get_RE_RhythmCalc_Sig2Mbed_plotdTdAV_sfun_registry.obj
 0001:0000a410       ssWriteRTWParamSettings    000000018000b410 f   Get_RE_RhythmCalc_Sig2Mbed_plotdTdAV_sfun_registry.obj
 0001:0000aae0       ssWriteRTWWorkVect         000000018000bae0 f   Get_RE_RhythmCalc_Sig2Mbed_plotdTdAV_sfun_registry.obj
 0001:0000afe0       mexFunction                000000018000bfe0 f   Get_RE_RhythmCalc_Sig2Mbed_plotdTdAV_sfun_registry.obj
 0001:0000cd10       ProcessMexSfunctionEveryCall 000000018000dd10 f   Get_RE_RhythmCalc_Sig2Mbed_plotdTdAV_sfun_registry.obj
 0001:0000ce80       Get_RE_RhythmCalc_Sig2Mbed_plotdTdAV_initializer 000000018000de80 f   Get_RE_RhythmCalc_Sig2Mbed_plotdTdAV_sfun.obj
 0001:0000ce90       Get_RE_RhythmCalc_Sig2Mbed_plotdTdAV_terminator 000000018000de90 f   Get_RE_RhythmCalc_Sig2Mbed_plotdTdAV_sfun.obj
 0001:0000cea0       sf_Get_RE_RhythmCalc_Sig2Mbed_plotdTdAV_method_dispatcher 000000018000dea0 f   Get_RE_RhythmCalc_Sig2Mbed_plotdTdAV_sfun.obj
 0001:0000cf10       sf_Get_RE_RhythmCalc_Sig2Mbed_plotdTdAV_process_check_sum_call 000000018000df10 f   Get_RE_RhythmCalc_Sig2Mbed_plotdTdAV_sfun.obj
 0001:0000d330       sf_Get_RE_RhythmCalc_Sig2Mbed_plotdTdAV_autoinheritance_info 000000018000e330 f   Get_RE_RhythmCalc_Sig2Mbed_plotdTdAV_sfun.obj
 0001:0000d4f0       sf_Get_RE_RhythmCalc_Sig2Mbed_plotdTdAV_get_eml_resolved_functions_info 000000018000e4f0 f   Get_RE_RhythmCalc_Sig2Mbed_plotdTdAV_sfun.obj
 0001:0000d660       sf_Get_RE_RhythmCalc_Sig2Mbed_plotdTdAV_third_party_uses_info 000000018000e660 f   Get_RE_RhythmCalc_Sig2Mbed_plotdTdAV_sfun.obj
 0001:0000d7e0       Get_RE_RhythmCalc_Sig2Mbed_plotdTdAV_debug_initialize 000000018000e7e0 f   Get_RE_RhythmCalc_Sig2Mbed_plotdTdAV_sfun.obj
 0001:0000d860       Get_RE_RhythmCalc_Sig2Mbed_plotdTdAV_register_exported_symbols 000000018000e860 f   Get_RE_RhythmCalc_Sig2Mbed_plotdTdAV_sfun.obj
 0001:0000d870       load_Get_RE_RhythmCalc_Sig2Mbed_plotdTdAV_optimization_info 000000018000e870 f   Get_RE_RhythmCalc_Sig2Mbed_plotdTdAV_sfun.obj
 0001:0000d8c0       unload_Get_RE_RhythmCalc_Sig2Mbed_plotdTdAV_optimization_info 000000018000e8c0 f   Get_RE_RhythmCalc_Sig2Mbed_plotdTdAV_sfun.obj
 0001:0000d9e0       sf_mex_mx_is_numeric       000000018000e9e0 f   sfc_mex:sfc_mex.obj
 0001:0000da20       strcmp_ignore_ws           000000018000ea20 f   sfc_mex:sfc_mex.obj
 0001:0000db60       sf_mex_duplicatearraysafe  000000018000eb60 f   sfc_mex:sfc_mex.obj
 0001:0000dcc0       sf_set_error_debugger_context_message_fcn 000000018000ecc0 f   sfc_mex:sfc_mex.obj
 0001:0000dcd0       sf_set_debugger_matlab_error_fcn 000000018000ecd0 f   sfc_mex:sfc_mex.obj
 0001:0000dd10       sf_set_error_prefix_string 000000018000ed10 f   sfc_mex:sfc_mex.obj
 0001:0000dd40       sf_get_error_prefix_string 000000018000ed40 f   sfc_mex:sfc_mex.obj
 0001:0000dd50       sf_mex_enter_parallel_region 000000018000ed50 f   sfc_mex:sfc_mex.obj
 0001:0000dd60       sf_mex_exit_parallel_region 000000018000ed60 f   sfc_mex:sfc_mex.obj
 0001:0000dd70       sf_get_current_jmp_buf_ptr 000000018000ed70 f   sfc_mex:sfc_mex.obj
 0001:0000dd80       sf_set_current_jmp_buf_ptr 000000018000ed80 f   sfc_mex:sfc_mex.obj
 0001:0000dd90       sf_mex_set_halt_simulation 000000018000ed90 f   sfc_mex:sfc_mex.obj
 0001:0000dda0       sf_mex_get_halt_simulation 000000018000eda0 f   sfc_mex:sfc_mex.obj
 0001:0000ddb0       sf_mex_clear_error_message 000000018000edb0 f   sfc_mex:sfc_mex.obj
 0001:0000ddd0       sf_mex_get_error_message_for_read 000000018000edd0 f   sfc_mex:sfc_mex.obj
 0001:0000dde0       sf_mex_get_error_message_buffer_length 000000018000ede0 f   sfc_mex:sfc_mex.obj
 0001:0000dec0       sf_mex_warning_message     000000018000eec0 f   sfc_mex:sfc_mex.obj
 0001:0000df30       sf_mex_v_errbuf_createf    000000018000ef30 f   sfc_mex:sfc_mex.obj
 0001:0000df40       sf_mex_errbuf_createf      000000018000ef40 f   sfc_mex:sfc_mex.obj
 0001:0000df70       sf_mex_v_errbuf_catf       000000018000ef70 f   sfc_mex:sfc_mex.obj
 0001:0000dfb0       sf_mex_errbuf_catf         000000018000efb0 f   sfc_mex:sfc_mex.obj
 0001:0000e000       sf_mex_errbuf_copy         000000018000f000 f   sfc_mex:sfc_mex.obj
 0001:0000e010       sf_mex_errbuf_clear        000000018000f010 f   sfc_mex:sfc_mex.obj
 0001:0000e020       sf_mex_errbuf_isempty      000000018000f020 f   sfc_mex:sfc_mex.obj
 0001:0000e120       sf_mex_set_error_status    000000018000f120 f   sfc_mex:sfc_mex.obj
 0001:0000e170       sf_mex_error_direct_call   000000018000f170 f   sfc_mex:sfc_mex.obj
 0001:0000e190       sf_mex_error_message_no_long_jump 000000018000f190 f   sfc_mex:sfc_mex.obj
 0001:0000e1b0       sf_mex_long_jump_on_error  000000018000f1b0 f   sfc_mex:sfc_mex.obj
 0001:0000e1e0       sf_mex_call_matlab         000000018000f1e0 f   sfc_mex:sfc_mex.obj
 0001:0000e300       sf_mex_check_builtin       000000018000f300 f   sfc_mex:sfc_mex.obj
 0001:0000e3a0       sf_mex_check_builtin_vs    000000018000f3a0 f   sfc_mex:sfc_mex.obj
 0001:0000e460       sf_mex_check_enum          000000018000f460 f   sfc_mex:sfc_mex.obj
 0001:0000e4e0       sf_mex_create_enum         000000018000f4e0 f   sfc_mex:sfc_mex.obj
 0001:0000e550       sf_mex_get_enum_element    000000018000f550 f   sfc_mex:sfc_mex.obj
 0001:0000e560       sf_mex_createcellarray     000000018000f560 f   sfc_mex:sfc_mex.obj
 0001:0000e570       sf_mex_setcell             000000018000f570 f   sfc_mex:sfc_mex.obj
 0001:0000e580       sf_mex_getcell             000000018000f580 f   sfc_mex:sfc_mex.obj
 0001:0000e590       sf_mex_dup                 000000018000f590 f   sfc_mex:sfc_mex.obj
 0001:0000e5b0       sf_mex_assign              000000018000f5b0 f   sfc_mex:sfc_mex.obj
 0001:0000e630       sf_mex_destroy             000000018000f630 f   sfc_mex:sfc_mex.obj
 0001:0000e660       mx_array_has_fi_type       000000018000f660 f   sfc_mex:sfc_mex.obj
 0001:0000e690       sf_mex_convert_from_fi     000000018000f690 f   sfc_mex:sfc_mex.obj
 0001:0000e7c0       sf_mex_convert_to_double   000000018000f7c0 f   sfc_mex:sfc_mex.obj
 0001:0000e8e0       sf_mex_import_fi_vs        000000018000f8e0 f   sfc_mex:sfc_mex.obj
 0001:0000eb10       sf_matrix_matrix_index_ok  000000018000fb10 f   sfc_mex:sfc_mex.obj
 0001:0000eba0       sf_vector_vector_index_ok  000000018000fba0 f   sfc_mex:sfc_mex.obj
 0001:0000ebd0       ssGetCurrentInputPortDimensions_wrapper 000000018000fbd0 f   sfc_mex:sfc_mex.obj
 0001:0000ebf0       ssGetCurrentOutputPortDimensions_wrapper 000000018000fbf0 f   sfc_mex:sfc_mex.obj
 0001:0000ec10       sf_mex_emlrt_context_is_debug_mode 000000018000fc10 f   sfc_mex:sfc_mex.obj
 0001:0000ec20       sf_mex_emlrt_context_set_debug_mode 000000018000fc20 f   sfc_mex:sfc_mex.obj
 0001:0000ec30       sf_mex_emlrtNameCapturePostProcessR2012a 000000018000fc30 f   sfc_mex:sfc_mex.obj
 0001:0000eca0       sf_clear_error_manager_info 000000018000fca0 f   sfc_mex:sfc_mex.obj
 0001:0000ed00       sf_mex_stop_simulation_abruptly_wo_error 000000018000fd00 f   sfc_mex:sfc_mex.obj
 0001:0000ed40       sf_mex_error_message       000000018000fd40 f   sfc_mex:sfc_mex.obj
 0001:0000edb0       sf_react_to_error_in_matlab_call 000000018000fdb0 f   sfc_mex:sfc_mex.obj
 0001:0000ede0       sf_mex_addfield            000000018000fde0 f   sfc_mex:sfc_mex.obj
 0001:0000ee80       sf_mex_getfield            000000018000fe80 f   sfc_mex:sfc_mex.obj
 0001:0000f180       sf_mex_check_class         0000000180010180 f   sfc_mex:sfc_mex.obj
 0001:0000f220       sf_mex_is_real             0000000180010220 f   sfc_mex:sfc_mex.obj
 0001:0000f690       sf_mex_decode_encoded_mx_struct_array 0000000180010690 f   sfc_mex:sfc_mex.obj
 0001:0000f980       sf_mex_lw_bounds_check     0000000180010980 f   sfc_mex:sfc_mex.obj
 0001:0000f9b0       sf_mex_lw_size_eq_check_1d 00000001800109b0 f   sfc_mex:sfc_mex.obj
 0001:0000f9d0       sf_mex_lw_size_eq_check_nd 00000001800109d0 f   sfc_mex:sfc_mex.obj
 0001:0000fbb0       sf_mex_lw_dim_size_eq_check 0000000180010bb0 f   sfc_mex:sfc_mex.obj
 0001:0000fbe0       sf_mex_lw_dim_size_geq_check 0000000180010be0 f   sfc_mex:sfc_mex.obj
 0001:0000fc10       sf_mex_lw_sub_assign_size_check_nd 0000000180010c10 f   sfc_mex:sfc_mex.obj
 0001:0000fde0       sf_mex_lw_runtime_error_msgid 0000000180010de0 f   sfc_mex:sfc_mex.obj
 0001:0000fed0       sf_mex_lw_matrix_matrix_index_check 0000000180010ed0 f   sfc_mex:sfc_mex.obj
 0001:0000fef0       sf_mex_lw_vector_vector_index_check 0000000180010ef0 f   sfc_mex:sfc_mex.obj
 0001:0000ff30       sf_mex_lw_for_loop_vector_check 0000000180010f30 f   sfc_mex:sfc_mex.obj
 0001:0000ffc0       sf_mex_lw_non_negative_check 0000000180010fc0 f   sfc_mex:sfc_mex.obj
 0001:00010000       sf_mex_overflow_error      0000000180011000 f   sfc_mex:sfc_mex.obj
 0001:00010010       sf_mex_dividebyzero_error  0000000180011010 f   sfc_mex:sfc_mex.obj
 0001:00010020       sf_mex_unsafe_enum_error   0000000180011020 f   sfc_mex:sfc_mex.obj
 0001:00010030       sf_emlrtErrHandler         0000000180011030 f   sfc_mex:sfc_mex.obj
 0001:00010110       sf_mex_size_one_check      0000000180011110 f   sfc_mex:sfc_mex.obj
 0001:00010130       sf_mex_printf              0000000180011130 f   sfc_mex:sfc_mex.obj
 0001:00010300       sf_mex_check_size          0000000180011300 f   sfc_mex:sfc_mex.obj
 0001:000105a0       sf_mex_check_struct        00000001800115a0 f   sfc_mex:sfc_mex.obj
 0001:00010800       sf_mex_check_struct_vs     0000000180011800 f   sfc_mex:sfc_mex.obj
 0001:00010890       sf_mex_check_fi            0000000180011890 f   sfc_mex:sfc_mex.obj
 0001:00010990       sf_mex_check_fi_vs         0000000180011990 f   sfc_mex:sfc_mex.obj
 0001:00010a30       sf_echo_expression         0000000180011a30 f   sfc_mex:sfc_mex.obj
 0001:00010a90       sf_assertion_failed        0000000180011a90 f   sfc_mex:sfc_mex.obj
 0001:00010d70       sf_mex_evalin              0000000180011d70 f   sfc_mex:sfc_mex.obj
 0001:00010fe0       sf_mex_export              0000000180011fe0 f   sfc_mex:sfc_mex.obj
 0001:000110a0       sf_mex_get_ml_var_no_error 00000001800120a0 f   sfc_mex:sfc_mex.obj
 0001:00011240       sf_mex_get_ml_var          0000000180012240 f   sfc_mex:sfc_mex.obj
 0001:000116d0       ml_set_element_value_in_array 00000001800126d0 f   sfc_mex:sfc_mex.obj
 0001:00012790       sf_mex_call_impl           0000000180013790 f   sfc_mex:sfc_mex.obj
 0001:00012bb0       sf_mex_call_debug          0000000180013bb0 f   sfc_mex:sfc_mex.obj
 0001:00012be0       sf_mex_call                0000000180013be0 f   sfc_mex:sfc_mex.obj
 0001:00013230       sf_mex_createstruct        0000000180014230 f   sfc_mex:sfc_mex.obj
 0001:00013340       sf_mex_createstructarray   0000000180014340 f   sfc_mex:sfc_mex.obj
 0001:000133c0       sf_mex_get_mx_datatype_from_sf_datatype 00000001800143c0 f   sfc_mex:sfc_mex.obj
 0001:000136d0       sf_mex_ml_var_sub          00000001800146d0 f   sfc_mex:sfc_mex.obj
 0001:000138b0       sf_mex_ml_var_subsasgn     00000001800148b0 f   sfc_mex:sfc_mex.obj
 0001:00013cb0       sf_mex_sub                 0000000180014cb0 f   sfc_mex:sfc_mex.obj
 0001:00013ec0       sf_mex_subsasgn            0000000180014ec0 f   sfc_mex:sfc_mex.obj
 0001:000143d0       sf_mex_create              00000001800153d0 f   sfc_mex:sfc_mex.obj
 0001:00014d70       sf_mex_import_named        0000000180015d70 f   sfc_mex:sfc_mex.obj
 0001:00014dd0       sf_mex_import              0000000180015dd0 f   sfc_mex:sfc_mex.obj
 0001:00014e20       sf_mex_import_vs           0000000180015e20 f   sfc_mex:sfc_mex.obj
 0001:00014f30       sf_mex_lower_fixpt_mx_array 0000000180015f30 f   sfc_mex:sfc_mex.obj
 0001:00015230       sf_send_message_wrapper    0000000180016230 f   sfc_mex:sfc_sf.obj
 0001:00015260       sf_receive_message_wrapper 0000000180016260 f   sfc_mex:sfc_sf.obj
 0001:000152a0       sf_check_out_message_wrapper 00000001800162a0 f   sfc_mex:sfc_sf.obj
 0001:000152e0       sf_check_in_message_wrapper 00000001800162e0 f   sfc_mex:sfc_sf.obj
 0001:00015320       sf_no_message_wrapper      0000000180016320 f   sfc_mex:sfc_sf.obj
 0001:000156b0       sim_mode_is_rtw_gen        00000001800166b0 f   sfc_mex:sfc_sf.obj
 0001:000156e0       sim_mode_is_external       00000001800166e0 f   sfc_mex:sfc_sf.obj
 0001:000156f0       sim_mode_is_modelref_sim   00000001800166f0 f   sfc_mex:sfc_sf.obj
 0001:00015710       mdlInitializeSizes         0000000180016710 f   sfc_mex:sfc_sf.obj
 0001:00015730       mdlInitializeSampleTimes   0000000180016730 f   sfc_mex:sfc_sf.obj
 0001:00015770       mdlZeroCrossings           0000000180016770 f   sfc_mex:sfc_sf.obj
 0001:00015860       mdlDerivatives             0000000180016860 f   sfc_mex:sfc_sf.obj
 0001:00015920       mdl_initialize_conditions_processing 0000000180016920 f   sfc_mex:sfc_sf.obj
 0001:00015950       mdlInitializeConditions    0000000180016950 f   sfc_mex:sfc_sf.obj
 0001:00015a10       mdlGetSimState             0000000180016a10 f   sfc_mex:sfc_sf.obj
 0001:00015a20       mdlSetSimState             0000000180016a20 f   sfc_mex:sfc_sf.obj
 0001:00015a30       mdl_ext_mode_exec_processing 0000000180016a30 f   sfc_mex:sfc_sf.obj
 0001:00015a50       mdlExtModeExec             0000000180016a50 f   sfc_mex:sfc_sf.obj
 0001:00015bf0       mdlTerminate               0000000180016bf0 f   sfc_mex:sfc_sf.obj
 0001:00015c60       mdlRTW                     0000000180016c60 f   sfc_mex:sfc_sf.obj
 0001:00015c90       mdlSetWorkWidths           0000000180016c90 f   sfc_mex:sfc_sf.obj
 0001:00015ca0       mdlProcessParameters       0000000180016ca0 f   sfc_mex:sfc_sf.obj
 0001:00015cb0       mdl_start_processing       0000000180016cb0 f   sfc_mex:sfc_sf.obj
 0001:00015d10       mdlStart                   0000000180016d10 f   sfc_mex:sfc_sf.obj
 0001:00015e20       mdlEnable                  0000000180016e20 f   sfc_mex:sfc_sf.obj
 0001:00015f00       mdlDisable                 0000000180016f00 f   sfc_mex:sfc_sf.obj
 0001:00015fc0       sf_get_chart_instance_ptr  0000000180016fc0 f   sfc_mex:sfc_sf.obj
 0001:00015fe0       sf_load_rtw_optimization_info 0000000180016fe0 f   sfc_mex:sfc_sf.obj
 0001:000160b0       sf_update_buildInfo        00000001800170b0 f   sfc_mex:sfc_sf.obj
 0001:000161b0       sf_rtw_info_uint_prop      00000001800171b0 f   sfc_mex:sfc_sf.obj
 0001:000162f0       sf_is_chart_inlinable      00000001800172f0 f   sfc_mex:sfc_sf.obj
 0001:00016310       sf_mark_output_events_with_multiple_callers 0000000180017310 f   sfc_mex:sfc_sf.obj
 0001:000164a0       sf_mark_chart_reusable_outputs 00000001800174a0 f   sfc_mex:sfc_sf.obj
 0001:00016700       sf_mark_chart_expressionable_inputs 0000000180017700 f   sfc_mex:sfc_sf.obj
 0001:00016960       sf_get_subchart_simstruct  0000000180017960 f   sfc_mex:sfc_sf.obj
 0001:000169b0       sf_get_fixpt_data_type_id  00000001800179b0 f   sfc_mex:sfc_sf.obj
 0001:000169f0       sf_get_enum_data_type_id   00000001800179f0 f   sfc_mex:sfc_sf.obj
 0001:00016a30       sf_get_param_data_type_id  0000000180017a30 f   sfc_mex:sfc_sf.obj
 0001:00016a60       sf_mex_listen_for_ctrl_c_force 0000000180017a60 f   sfc_mex:sfc_sf.obj
 0001:00016b70       sf_mex_draw_now            0000000180017b70 f   sfc_mex:sfc_sf.obj
 0001:00016bb0       sf_mex_set_debugger_sim_status_listener_fcn 0000000180017bb0 f   sfc_mex:sfc_sf.obj
 0001:00016bc0       sf_mex_listen_for_ctrl_c   0000000180017bc0 f   sfc_mex:sfc_sf.obj
 0001:00016c60       sf_mex_get_sfun_param      0000000180017c60 f   sfc_mex:sfc_sf.obj
 0001:00016cb0       sf_get_runtime_param_data  0000000180017cb0 f   sfc_mex:sfc_sf.obj
 0001:00016cf0       sf_call_output_fcn_call    0000000180017cf0 f   sfc_mex:sfc_sf.obj
 0001:00016e30       sf_call_output_fcn_enable  0000000180017e30 f   sfc_mex:sfc_sf.obj
 0001:00016ec0       sf_call_output_fcn_disable 0000000180017ec0 f   sfc_mex:sfc_sf.obj
 0001:00016f50       sf_clear_rtw_identifier    0000000180017f50 f   sfc_mex:sfc_sf.obj
 0001:00017770       sf_set_encoded_dwork_info  0000000180018770 f   sfc_mex:sfc_sf.obj
 0001:000177c0       sf_get_dwork_info_from_mat_file 00000001800187c0 f   sfc_mex:sfc_sf.obj
 0001:00017980       sf_set_rtw_dwork_info      0000000180018980 f   sfc_mex:sfc_sf.obj
 0001:00017af0       mdlOutputs                 0000000180018af0 f   sfc_mex:sfc_sf.obj
 0001:00017c10       sf_debug_chart_instance_initialized_quick 0000000180018c10 f   sfc_debug:sfcdebug.obj
 0001:00017c90       sf_debug_disp              0000000180018c90 f   sfc_debug:sfcdebug.obj
 0001:00017f60       sf_debug_data_runtime_size_mismatch_error_check 0000000180018f60 f   sfc_debug:sfcdebug.obj
 0001:00018010       sf_debug_try_loading_machine 0000000180019010 f   sfc_debug:sfcdebug.obj
 0001:00018110       sf_debug_reset_current_state_configuration 0000000180019110 f   sfc_debug:sfcdebug.obj
 0001:00018190       sf_debug_store_current_state_configuration 0000000180019190 f   sfc_debug:sfcdebug.obj
 0001:00018210       sf_debug_restore_previous_state_configuration 0000000180019210 f   sfc_debug:sfcdebug.obj
 0001:00018290       sf_debug_restore_previous_state_configuration2 0000000180019290 f   sfc_debug:sfcdebug.obj
 0001:00018310       sf_debug_get_event_scope   0000000180019310 f   sfc_debug:sfcdebug.obj
 0001:00018480       use_debugger_step_animation 0000000180019480 f   sfc_debug:sfcdebug.obj
 0001:000184a0       sf_debug_get_script_id     00000001800194a0 f   sfc_debug:sfcdebug.obj
 0001:00018530       sf_debug_set_script_translation 0000000180019530 f   sfc_debug:sfcdebug.obj
 0001:000186b0       sf_debug_extract_message_post_receive_info 00000001800196b0 f   sfc_debug:sfcdebug.obj
 0001:00018870       sf_debug_get_current_machine_id 0000000180019870 f   sfc_debug:sfcdebug.obj
 0001:00018890       sf_debug_get_current_optional_integer 0000000180019890 f   sfc_debug:sfcdebug.obj
 0001:000188a0       sf_debug_get_current_machine_number 00000001800198a0 f   sfc_debug:sfcdebug.obj
 0001:000188c0       sf_debug_get_current_machine_name 00000001800198c0 f   sfc_debug:sfcdebug.obj
 0001:000188e0       sf_debug_get_current_chart_id 00000001800198e0 f   sfc_debug:sfcdebug.obj
 0001:00018920       sf_debug_get_current_chart_number 0000000180019920 f   sfc_debug:sfcdebug.obj
 0001:00018930       sf_debug_get_current_instance_number 0000000180019930 f   sfc_debug:sfcdebug.obj
 0001:00018940       sf_debug_get_current_is_minor_time_step 0000000180019940 f   sfc_debug:sfcdebug.obj
 0001:000189c0       sf_debug_get_current_object_type 00000001800199c0 f   sfc_debug:sfcdebug.obj
 0001:000189d0       sf_debug_get_current_instance_handle 00000001800199d0 f   sfc_debug:sfcdebug.obj
 0001:00018a30       sf_debug_get_current_event_type 0000000180019a30 f   sfc_debug:sfcdebug.obj
 0001:00018a40       sf_debug_get_current_object_id 0000000180019a40 f   sfc_debug:sfcdebug.obj
 0001:00018a80       sf_debug_get_current_active_event_type 0000000180019a80 f   sfc_debug:sfcdebug.obj
 0001:00018a90       sf_debug_get_current_active_event_id 0000000180019a90 f   sfc_debug:sfcdebug.obj
 0001:00018ad0       sf_debug_get_current_tag_type 0000000180019ad0 f   sfc_debug:sfcdebug.obj
 0001:00018ae0       sf_debug_get_current_simulation_time 0000000180019ae0 f   sfc_debug:sfcdebug.obj
 0001:00018af0       sf_debug_get_current_coverage_percentage 0000000180019af0 f   sfc_debug:sfcdebug.obj
 0001:00018b00       sf_debug_current_statement_context 0000000180019b00 f   sfc_debug:sfcdebug.obj
 0001:00018b80       sf_debug_get_current_statement_info 0000000180019b80 f   sfc_debug:sfcdebug.obj
 0001:00018d20       sf_debug_terminate_instance 0000000180019d20 f   sfc_debug:sfcdebug.obj
 0001:00019040       sf_debug_assertion_failed  000000018001a040 f   sfc_debug:sfcdebug.obj
 0001:00019210       sf_debug_create_debug_instance_struct 000000018001a210 f   sfc_debug:sfcdebug.obj
 0001:00019260       sf_debug_set_number_of_data_with_change_event_for_machine 000000018001a260 f   sfc_debug:sfcdebug.obj
 0001:000192b0       sf_debug_set_machine_event_thresholds 000000018001a2b0 f   sfc_debug:sfcdebug.obj
 0001:000192d0       sf_debug_set_machine_event_scope 000000018001a2d0 f   sfc_debug:sfcdebug.obj
 0001:00019320       sf_debug_set_machine_data_thresholds 000000018001a320 f   sfc_debug:sfcdebug.obj
 0001:00019370       sf_debug_set_machine_data_scope 000000018001a370 f   sfc_debug:sfcdebug.obj
 0001:00019410       sf_debug_set_machine_data_name 000000018001a410 f   sfc_debug:sfcdebug.obj
 0001:000194c0       sf_debug_set_machine_data_size 000000018001a4c0 f   sfc_debug:sfcdebug.obj
 0001:00019610       sf_debug_set_machine_data_type 000000018001a610 f   sfc_debug:sfcdebug.obj
 0001:00019780       sf_debug_get_chart_data_number 000000018001a780 f   sfc_debug:sfcdebug.obj
 0001:000197a0       sf_debug_get_chart_event_number 000000018001a7a0 f   sfc_debug:sfcdebug.obj
 0001:000197c0       sf_debug_set_chart_state_info 000000018001a7c0 f   sfc_debug:sfcdebug.obj
 0001:00019850       sf_debug_set_chart_decomposition 000000018001a850 f   sfc_debug:sfcdebug.obj
 0001:000198c0       sf_debug_set_chart_substate_count 000000018001a8c0 f   sfc_debug:sfcdebug.obj
 0001:000199a0       sf_debug_set_chart_substate_index 000000018001a9a0 f   sfc_debug:sfcdebug.obj
 0001:00019a20       sf_debug_set_chart_state_substate_count 000000018001aa20 f   sfc_debug:sfcdebug.obj
 0001:00019b40       sf_debug_set_chart_state_substate_index 000000018001ab40 f   sfc_debug:sfcdebug.obj
 0001:00019bd0       sf_debug_set_number_of_data_with_change_event_for_chart 000000018001abd0 f   sfc_debug:sfcdebug.obj
 0001:00019c60       sf_debug_set_number_of_states_with_entry_event_for_chart 000000018001ac60 f   sfc_debug:sfcdebug.obj
 0001:00019ce0       sf_debug_set_number_of_states_with_exit_event_for_chart 000000018001ace0 f   sfc_debug:sfcdebug.obj
 0001:00019d60       sf_debug_set_chart_disable_implicit_casting 000000018001ad60 f   sfc_debug:sfcdebug.obj
 0001:00019dd0       sf_debug_set_chart_event_thresholds 000000018001add0 f   sfc_debug:sfcdebug.obj
 0001:00019e50       sf_debug_set_chart_data_compiled_props 000000018001ae50 f   sfc_debug:sfcdebug.obj
 0001:0001a190       sf_debug_set_chart_data_props 000000018001b190 f   sfc_debug:sfcdebug.obj
 0001:0001a4b0       sf_debug_check_fi_license  000000018001b4b0 f   sfc_debug:sfcdebug.obj
 0001:0001a670       sf_debug_symbol_scope_push 000000018001b670 f   sfc_debug:sfcdebug.obj
 0001:0001a6b0       sf_debug_symbol_scope_push_eml 000000018001b6b0 f   sfc_debug:sfcdebug.obj
 0001:0001a700       sf_debug_symbol_scope_pop  000000018001b700 f   sfc_debug:sfcdebug.obj
 0001:0001a740       sf_debug_symbol_scope_add_importable 000000018001b740 f   sfc_debug:sfcdebug.obj
 0001:0001a7c0       sf_debug_symbol_scope_add  000000018001b7c0 f   sfc_debug:sfcdebug.obj
 0001:0001a840       sf_debug_symbol_scope_add_dyn_importable 000000018001b840 f   sfc_debug:sfcdebug.obj
 0001:0001a900       sf_debug_symbol_scope_add_dyn 000000018001b900 f   sfc_debug:sfcdebug.obj
 0001:0001a940       sf_debug_symbol_scope_add_eml_importable 000000018001b940 f   sfc_debug:sfcdebug.obj
 0001:0001a980       sf_debug_symbol_scope_add_eml 000000018001b980 f   sfc_debug:sfcdebug.obj
 0001:0001a9c0       sf_debug_symbol_scope_add_eml_dyn_importable 000000018001b9c0 f   sfc_debug:sfcdebug.obj
 0001:0001aa20       sf_debug_symbol_scope_add_eml_dyn 000000018001ba20 f   sfc_debug:sfcdebug.obj
 0001:0001aa80       sf_debug_symbol_switch     000000018001ba80 f   sfc_debug:sfcdebug.obj
 0001:0001aaa0       sf_debug_symbol_scope_add_verbose 000000018001baa0 f   sfc_debug:sfcdebug.obj
 0001:0001ab70       sf_debug_set_machine_data_value_ptr 000000018001bb70 f   sfc_debug:sfcdebug.obj
 0001:0001abb0       sf_debug_set_instance_data_value_ptr 000000018001bbb0 f   sfc_debug:sfcdebug.obj
 0001:0001ac80       sf_debug_unset_instance_data_value_ptr 000000018001bc80 f   sfc_debug:sfcdebug.obj
 0001:0001ad30       sf_debug_set_chart_event_scope 000000018001bd30 f   sfc_debug:sfcdebug.obj
 0001:0001adb0       sf_debug_set_chart_transition_coverage_maps 000000018001bdb0 f   sfc_debug:sfcdebug.obj
 0001:0001aeb0       sf_debug_set_chart_state_coverage_maps 000000018001beb0 f   sfc_debug:sfcdebug.obj
 0001:0001af80       sf_debug_set_instance_transition_coverage_weights 000000018001bf80 f   sfc_debug:sfcdebug.obj
 0001:0001b010       sf_debug_set_instance_state_coverage_weights 000000018001c010 f   sfc_debug:sfcdebug.obj
 0001:0001b260       sf_debug_unload_machine    000000018001c260 f   sfc_debug:sfcdebug.obj
 0001:0001b2b0       sf_debug_load_machine      000000018001c2b0 f   sfc_debug:sfcdebug.obj
 0001:0001b3c0       sf_debug_set_active_instance_in_data_dictionary 000000018001c3c0 f   sfc_debug:sfcdebug.obj
 0001:0001b5a0       sf_debug_set_active_instance 000000018001c5a0 f   sfc_debug:sfcdebug.obj
 0001:0001b700       sf_debug_chart_visiblity_change 000000018001c700 f   sfc_debug:sfcdebug.obj
 0001:0001b7f0       sf_debug_select_chart      000000018001c7f0 f   sfc_debug:sfcdebug.obj
 0001:0001b950       sf_debug_set_instance_cv_ids 000000018001c950 f   sfc_debug:sfcdebug.obj
 0001:0001bc80       sf_debug_select_charts     000000018001cc80 f   sfc_debug:sfcdebug.obj
 0001:0001be30       sf_debug_initialized       000000018001ce30 f   sfc_debug:sfcdebug.obj
 0001:0001be50       sf_debug_is_uninterruptible 000000018001ce50 f   sfc_debug:sfcdebug.obj
 0001:0001be80       sf_debug_initialize_debugger_gui 000000018001ce80 f   sfc_debug:sfcdebug.obj
 0001:0001c260       sf_debug_resume            000000018001d260 f   sfc_debug:sfcdebug.obj
 0001:0001c280       sf_debug_go                000000018001d280 f   sfc_debug:sfcdebug.obj
 0001:0001c290       sf_debug_break             000000018001d290 f   sfc_debug:sfcdebug.obj
 0001:0001c2a0       sf_debug_step_over         000000018001d2a0 f   sfc_debug:sfcdebug.obj
 0001:0001c2b0       sf_debug_step_out          000000018001d2b0 f   sfc_debug:sfcdebug.obj
 0001:0001c2c0       sf_debug_set_disable_all_breakpoints 000000018001d2c0 f   sfc_debug:sfcdebug.obj
 0001:0001c2d0       sf_debug_disable_all_breakpoints_and_go 000000018001d2d0 f   sfc_debug:sfcdebug.obj
 0001:0001c2e0       sf_debug_break_on_chart_entry 000000018001d2e0 f   sfc_debug:sfcdebug.obj
 0001:0001c2f0       sf_debug_break_on_event_broadcast 000000018001d2f0 f   sfc_debug:sfcdebug.obj
 0001:0001c300       sf_debug_break_on_state_entry 000000018001d300 f   sfc_debug:sfcdebug.obj
 0001:0001c310       sf_debug_break_between_times 000000018001d310 f   sfc_debug:sfcdebug.obj
 0001:0001c330       sf_debug_browse_data       000000018001d330 f   sfc_debug:sfcdebug.obj
 0001:0001c340       sf_debug_watch_data        000000018001d340 f   sfc_debug:sfcdebug.obj
 0001:0001c370       sf_debug_assign_data       000000018001d370 f   sfc_debug:sfcdebug.obj
 0001:0001c380       sf_debug_whos              000000018001d380 f   sfc_debug:sfcdebug.obj
 0001:0001c3a0       sf_debug_get_consistency_info 000000018001d3a0 f   sfc_debug:sfcdebug.obj
 0001:0001c3b0       sf_debug_browse_trace      000000018001d3b0 f   sfc_debug:sfcdebug.obj
 0001:0001c3c0       sf_debug_set_breakpoints   000000018001d3c0 f   sfc_debug:sfcdebug.obj
 0001:0001c530       sf_debug_set_eml_breakpoints 000000018001d530 f   sfc_debug:sfcdebug.obj
 0001:0001c690       sf_debug_set_script_breakpoints 000000018001d690 f   sfc_debug:sfcdebug.obj
 0001:0001c710       sf_debug_add_script_breakpoints 000000018001d710 f   sfc_debug:sfcdebug.obj
 0001:0001c780       sf_debug_clear_script_breakpoints 000000018001d780 f   sfc_debug:sfcdebug.obj
 0001:0001c7f0       sf_debug_query_script_breakpoints 000000018001d7f0 f   sfc_debug:sfcdebug.obj
 0001:0001c8a0       sf_debug_get_eml_script_id 000000018001d8a0 f   sfc_debug:sfcdebug.obj
 0001:0001c8f0       sf_debug_set_watch         000000018001d8f0 f   sfc_debug:sfcdebug.obj
 0001:0001cb10       sf_debug_get_instance_handle 000000018001db10 f   sfc_debug:sfcdebug.obj
 0001:0001cba0       sf_debug_get_active_states 000000018001dba0 f   sfc_debug:sfcdebug.obj
 0001:0001cbb0       sf_debug_set_honor_breakpoints 000000018001dbb0 f   sfc_debug:sfcdebug.obj
 0001:0001cbc0       sf_debug_get_animation     000000018001dbc0 f   sfc_debug:sfcdebug.obj
 0001:0001cbd0       sf_debug_set_animation     000000018001dbd0 f   sfc_debug:sfcdebug.obj
 0001:0001cbe0       sf_debug_animate           000000018001dbe0 f   sfc_debug:sfcdebug.obj
 0001:0001cc00       sf_debug_cycle_detection_check 000000018001dc00 f   sfc_debug:sfcdebug.obj
 0001:0001cc10       sf_debug_data_range_check  000000018001dc10 f   sfc_debug:sfcdebug.obj
 0001:0001cc20       sf_debug_transition_conflict_check 000000018001dc20 f   sfc_debug:sfcdebug.obj
 0001:0001cc30       sf_debug_state_consistency_check 000000018001dc30 f   sfc_debug:sfcdebug.obj
 0001:0001cc40       sf_debug_data_range_check_enabled 000000018001dc40 f   sfc_debug:sfcdebug.obj
 0001:0001cc60       sf_debug_transition_conflict_check_enabled 000000018001dc60 f   sfc_debug:sfcdebug.obj
 0001:0001cc80       sf_debug_transition_conflict_check_begin 000000018001dc80 f   sfc_debug:sfcdebug.obj
 0001:0001cca0       sf_debug_transition_conflict_check_end 000000018001dca0 f   sfc_debug:sfcdebug.obj
 0001:0001ccc0       sf_debug_stop_debugging    000000018001dcc0 f   sfc_debug:sfcdebug.obj
 0001:0001ccf0       sf_debug_is_cycle_detected 000000018001dcf0 f   sfc_debug:sfcdebug.obj
 0001:0001cd00       sf_debug_is_array_bounds_detected 000000018001dd00 f   sfc_debug:sfcdebug.obj
 0001:0001cd10       sf_debug_get_state_vectors_data_size 000000018001dd10 f   sfc_debug:sfcdebug.obj
 0001:0001cd50       sf_debug_get_state_vectors_data 000000018001dd50 f   sfc_debug:sfcdebug.obj
 0001:0001ce60       sf_debug_set_state_vectors_data 000000018001de60 f   sfc_debug:sfcdebug.obj
 0001:0001d0f0       sf_debug_get_script_index  000000018001e0f0 f   sfc_debug:sfcdebug.obj
 0001:0001d280       sf_debug_add_script        000000018001e280 f   sfc_debug:sfcdebug.obj
 0001:0001d410       cv_eval_point              000000018001e410 f   sfc_debug:sfcdebug.obj
 0001:0001d580       cv_eval_testobjective      000000018001e580 f   sfc_debug:sfcdebug.obj
 0001:0001d690       sf_debug_cv_init_state     000000018001e690 f   sfc_debug:sfcdebug.obj
 0001:0001d7c0       sf_debug_cv_init_chart     000000018001e7c0 f   sfc_debug:sfcdebug.obj
 0001:0001d8b0       sf_debug_cv_init_trans     000000018001e8b0 f   sfc_debug:sfcdebug.obj
 0001:0001d9c0       sf_debug_cv_init_saturation 000000018001e9c0 f   sfc_debug:sfcdebug.obj
 0001:0001dac0       sf_debug_cv_init_testobjectives 000000018001eac0 f   sfc_debug:sfcdebug.obj
 0001:0001dca0       cv_eml_init_script         000000018001eca0 f   sfc_debug:sfcdebug.obj
 0001:0001ddc0       cv_eml_init_fcn            000000018001edc0 f   sfc_debug:sfcdebug.obj
 0001:0001ded0       cv_eml_init_testobjective  000000018001eed0 f   sfc_debug:sfcdebug.obj
 0001:0001dfb0       cv_eml_init_saturation     000000018001efb0 f   sfc_debug:sfcdebug.obj
 0001:0001e080       cv_eml_init_if             000000018001f080 f   sfc_debug:sfcdebug.obj
 0001:0001e160       cv_eml_init_for            000000018001f160 f   sfc_debug:sfcdebug.obj
 0001:0001e230       cv_eml_init_while          000000018001f230 f   sfc_debug:sfcdebug.obj
 0001:0001e300       cv_eml_init_mcdc           000000018001f300 f   sfc_debug:sfcdebug.obj
 0001:0001e420       cv_eml_init_switch         000000018001f420 f   sfc_debug:sfcdebug.obj
 0001:0001e520       cv_eml_eval                000000018001f520 f   sfc_debug:sfcdebug.obj
 0001:0001e610       sf_debug_bm_is_a_eml_breakpoint 000000018001f610 f   sfc_debug:sfcdebug.obj
 0001:0001e760       sf_debug_temporal_threshold 000000018001f760 f   sfc_debug:sfcdebug.obj
 0001:0001ead0       sf_debug_transition_conflict_error 000000018001fad0 f   sfc_debug:sfcdebug.obj
 0001:0001ee30       sf_debug_state_inconsistency_error 000000018001fe30 f   sfc_debug:sfcdebug.obj
 0001:0001ef50       sf_debug_check_for_state_inconsistency 000000018001ff50 f   sfc_debug:sfcdebug.obj
 0001:0001ef90       sf_debug_cycle_detecton_error 000000018001ff90 f   sfc_debug:sfcdebug.obj
 0001:0001f6e0       sf_debug_size_eq_check_1d  00000001800206e0 f   sfc_debug:sfcdebug.obj
 0001:0001f700       sf_debug_size_eq_check_nd  0000000180020700 f   sfc_debug:sfcdebug.obj
 0001:0001f900       sf_debug_dim_size_eq_check 0000000180020900 f   sfc_debug:sfcdebug.obj
 0001:0001f930       sf_debug_dim_size_geq_check 0000000180020930 f   sfc_debug:sfcdebug.obj
 0001:0001f960       sf_debug_sub_assign_size_check_nd 0000000180020960 f   sfc_debug:sfcdebug.obj
 0001:0001fb40       sf_debug_matrix_matrix_index_check 0000000180020b40 f   sfc_debug:sfcdebug.obj
 0001:0001fb90       sf_debug_vector_vector_index_check 0000000180020b90 f   sfc_debug:sfcdebug.obj
 0001:0001fbe0       sf_debug_for_loop_vector_check 0000000180020be0 f   sfc_debug:sfcdebug.obj
 0001:0001fc80       sf_debug_runtime_error_msgid 0000000180020c80 f   sfc_debug:sfcdebug.obj
 0001:0001fd20       sf_debug_data_array_bounds_error_check 0000000180020d20 f   sfc_debug:sfcdebug.obj
 0001:0001fe30       sf_debug_eml_data_array_bounds_error_check 0000000180020e30 f   sfc_debug:sfcdebug.obj
 0001:000202f0       sf_debug_integer_check     00000001800212f0 f   sfc_debug:sfcdebug.obj
 0001:000203e0       sf_debug_not_nan_check     00000001800213e0 f   sfc_debug:sfcdebug.obj
 0001:000204b0       sf_debug_non_negative_check 00000001800214b0 f   sfc_debug:sfcdebug.obj
 0001:00020580       sf_debug_overflow_detection 0000000180021580 f   sfc_debug:sfcdebug.obj
 0001:00020be0       sf_debug_cast_to_real32_T  0000000180021be0 f   sfc_debug:sfcdebug.obj
 0001:00020cb0       sf_debug_cast_to_int8_T    0000000180021cb0 f   sfc_debug:sfcdebug.obj
 0001:00020d80       sf_debug_cast_to_uint8_T   0000000180021d80 f   sfc_debug:sfcdebug.obj
 0001:00020e50       sf_debug_cast_to_int16_T   0000000180021e50 f   sfc_debug:sfcdebug.obj
 0001:00020f20       sf_debug_cast_to_uint16_T  0000000180021f20 f   sfc_debug:sfcdebug.obj
 0001:00020ff0       sf_debug_cast_to_int32_T   0000000180021ff0 f   sfc_debug:sfcdebug.obj
 0001:000210c0       sf_debug_cast_to_uint32_T  00000001800220c0 f   sfc_debug:sfcdebug.obj
 0001:00021190       sf_debug_data_range_error  0000000180022190 f   sfc_debug:sfcdebug.obj
 0001:000214a0       sf_debug_read_before_write_check 00000001800224a0 f   sfc_debug:sfcdebug.obj
 0001:000218d0       sf_debug_data_range_error_wrapper_min_max 00000001800228d0 f   sfc_debug:sfcdebug.obj
 0001:000219f0       sf_debug_data_range_error_wrapper_min 00000001800229f0 f   sfc_debug:sfcdebug.obj
 0001:00021b00       sf_debug_data_range_error_wrapper_max 0000000180022b00 f   sfc_debug:sfcdebug.obj
 0001:00021c10       sf_debug_data_range_wrapper 0000000180022c10 f   sfc_debug:sfcdebug.obj
 0001:00021cd0       sf_debug_set_current_status_info 0000000180022cd0 f   sfc_debug:sfcdebug.obj
 0001:00022070       sf_debug_register_message_post_receive_info 0000000180023070 f   sfc_debug:sfcdebug.obj
 0001:000222c0       sf_debug_call              00000001800232c0 f   sfc_debug:sfcdebug.obj
 0001:00022c20       sf_debug_initialize_machine 0000000180023c20 f   sfc_debug:sfcdebug.obj
 0001:00022ed0       sf_debug_initialize_chart  0000000180023ed0 f   sfc_debug:sfcdebug.obj
 0001:00023320       sf_debug_ensure_script     0000000180024320 f   sfc_debug:sfcdebug.obj
 0001:000233d0       cv_eval_saturation         00000001800243d0 f   sfc_debug:sfcdebug.obj
 0001:00023550       cv_saturation_accum        0000000180024550 f   sfc_debug:sfcdebug.obj
 0001:00023690       cv_script_init_script      0000000180024690 f   sfc_debug:sfcdebug.obj
 0001:00023780       cv_script_init_fcn         0000000180024780 f   sfc_debug:sfcdebug.obj
 0001:00023840       cv_script_init_testobjective 0000000180024840 f   sfc_debug:sfcdebug.obj
 0001:00023900       cv_script_init_saturation  0000000180024900 f   sfc_debug:sfcdebug.obj
 0001:000239b0       cv_script_init_if          00000001800249b0 f   sfc_debug:sfcdebug.obj
 0001:00023a70       cv_script_init_for         0000000180024a70 f   sfc_debug:sfcdebug.obj
 0001:00023b20       cv_script_init_while       0000000180024b20 f   sfc_debug:sfcdebug.obj
 0001:00023bd0       cv_script_init_mcdc        0000000180024bd0 f   sfc_debug:sfcdebug.obj
 0001:00023cd0       cv_script_init_switch      0000000180024cd0 f   sfc_debug:sfcdebug.obj
 0001:00023db0       cv_script_eval             0000000180024db0 f   sfc_debug:sfcdebug.obj
 0001:00023e80       eml_debug_line_call        0000000180024e80 f   sfc_debug:sfcdebug.obj
 0001:00024050       sf_debug_terminate         0000000180025050 f   sfc_debug:sfcdebug.obj
 0001:00024260       sf_debug_set_script_cv_ids 0000000180025260 f   sfc_debug:sfcdebug.obj
 0001:00024390       sf_debug_api               0000000180025390 f   sfc_debug:sfc_api.obj
 0001:00025c80       sf_debug_sm_terminate      0000000180026c80 f   sfc_debug:sfdb_animation.obj
 0001:00025e30       sf_debug_reset_path_objects 0000000180026e30 f   sfc_debug:sfdb_animation.obj
 0001:00025eb0       sf_debug_sm_reset_object_selection_status 0000000180026eb0 f   sfc_debug:sfdb_animation.obj
 0001:00025f50       sf_debug_sm_reset_state_buffer 0000000180026f50 f   sfc_debug:sfdb_animation.obj
 0001:00026020       sf_debug_sm_store_state_buffer 0000000180027020 f   sfc_debug:sfdb_animation.obj
 0001:000260a0       sf_debug_sm_restore_state_buffer1 00000001800270a0 f   sfc_debug:sfdb_animation.obj
 0001:00026110       sf_debug_sm_restore_state_buffer2 0000000180027110 f   sfc_debug:sfdb_animation.obj
 0001:00026180       sf_debug_sm_chart_active   0000000180027180 f   sfc_debug:sfdb_animation.obj
 0001:000261d0       sf_debug_sm_select_active_objects 00000001800271d0 f   sfc_debug:sfdb_animation.obj
 0001:000266a0       sf_debug_sm_is_chart_active 00000001800276a0 f   sfc_debug:sfdb_animation.obj
 0001:000266e0       sf_debug_sm_is_state_active 00000001800276e0 f   sfc_debug:sfdb_animation.obj
 0001:00026920       sf_debug_sm_get_active_states 0000000180027920 f   sfc_debug:sfdb_animation.obj
 0001:00026ed0       sf_debug_sm_initialize_instance 0000000180027ed0 f   sfc_debug:sfdb_animation.obj
 0001:000270e0       sf_debug_sm_change_object_selection_status 00000001800280e0 f   sfc_debug:sfdb_animation.obj
 0001:000273b0       cv_create_interface        00000001800283b0 f   sfc_debug:cv_sfinterface.obj
 0001:000276c0       cv_init_trans              00000001800286c0 f   sfc_debug:cv_sfinterface.obj
 0001:00027710       cv_init_saturation         0000000180028710 f   sfc_debug:cv_sfinterface.obj
 0001:00027750       cv_init_testobjective      0000000180028750 f   sfc_debug:cv_sfinterface.obj
 0001:00027790       cv_init_state              0000000180028790 f   sfc_debug:cv_sfinterface.obj
 0001:00027800       cv_init_chart              0000000180028800 f   sfc_debug:cv_sfinterface.obj
 0001:00027850       cv_dec_update_call         0000000180028850 f   sfc_debug:cv_sfinterface.obj
 0001:00027890       cv_cond_update_call        0000000180028890 f   sfc_debug:cv_sfinterface.obj
 0001:000278d0       cv_saturation_update_call  00000001800288d0 f   sfc_debug:cv_sfinterface.obj
 0001:00027910       cv_saturation_update_accum 0000000180028910 f   sfc_debug:cv_sfinterface.obj
 0001:00027950       cv_testobjective_update_call 0000000180028950 f   sfc_debug:cv_sfinterface.obj
 0001:00027990       cv_sigrange_update         0000000180028990 f   sfc_debug:cv_sfinterface.obj
 0001:000279d0       cvsf_eml_eval              00000001800289d0 f   sfc_debug:cv_sfinterface.obj
 0001:00027ab0       cvsf_eml_init_script       0000000180028ab0 f   sfc_debug:cv_sfinterface.obj
 0001:00027b40       cvsf_eml_init_fcn          0000000180028b40 f   sfc_debug:cv_sfinterface.obj
 0001:00027ba0       cvsf_eml_init_testobjective 0000000180028ba0 f   sfc_debug:cv_sfinterface.obj
 0001:00027c00       cvsf_eml_init_saturation   0000000180028c00 f   sfc_debug:cv_sfinterface.obj
 0001:00027c50       cvsf_eml_init_if           0000000180028c50 f   sfc_debug:cv_sfinterface.obj
 0001:00027cb0       cvsf_eml_init_for          0000000180028cb0 f   sfc_debug:cv_sfinterface.obj
 0001:00027d00       cvsf_eml_init_while        0000000180028d00 f   sfc_debug:cv_sfinterface.obj
 0001:00027d50       cvsf_eml_init_mcdc         0000000180028d50 f   sfc_debug:cv_sfinterface.obj
 0001:00027de0       cvsf_eml_init_switch       0000000180028de0 f   sfc_debug:cv_sfinterface.obj
 0001:00027e50       cvsf_script_eval           0000000180028e50 f   sfc_debug:cv_sfinterface.obj
 0001:00027f30       cvsf_script_init_script    0000000180028f30 f   sfc_debug:cv_sfinterface.obj
 0001:00027fc0       cvsf_script_init_fcn       0000000180028fc0 f   sfc_debug:cv_sfinterface.obj
 0001:00028020       cvsf_script_init_testobjective 0000000180029020 f   sfc_debug:cv_sfinterface.obj
 0001:00028080       cvsf_script_init_saturation 0000000180029080 f   sfc_debug:cv_sfinterface.obj
 0001:000280d0       cvsf_script_init_if        00000001800290d0 f   sfc_debug:cv_sfinterface.obj
 0001:00028130       cvsf_script_init_for       0000000180029130 f   sfc_debug:cv_sfinterface.obj
 0001:00028180       cvsf_script_init_while     0000000180029180 f   sfc_debug:cv_sfinterface.obj
 0001:000281d0       cvsf_script_init_mcdc      00000001800291d0 f   sfc_debug:cv_sfinterface.obj
 0001:00028260       cvsf_script_init_switch    0000000180029260 f   sfc_debug:cv_sfinterface.obj
 0001:000282d0       cv_destroy_interface       00000001800292d0 f   sfc_debug:cv_sfinterface.obj
 0001:000282f0       cv_create_instance_objects 00000001800292f0 f   sfc_debug:cv_sfinterface.obj
 0001:00028760       cv_is_enabled              0000000180029760 f   sfc_debug:cv_sfinterface.obj
 0001:00028770       sf_debug_cv_initialize_script 0000000180029770 f   sfc_debug:cv_sfinterface.obj
 0001:00028900       sf_debug_cv_initialize_instance 0000000180029900 f   sfc_debug:cv_sfinterface.obj
 0001:00028c90       sf_debug_cv_terminate_chart 0000000180029c90 f   sfc_debug:cv_sfinterface.obj
 0001:00028db0       cv_call_trans_test         0000000180029db0 f   sfc_debug:cv_sfinterface.obj
 0001:00028dc0       cv_call_sub_cond_test      0000000180029dc0 f   sfc_debug:cv_sfinterface.obj
 0001:00028e00       sf_debug_st_initialize_machine 0000000180029e00 f   sfc_debug:sfdb_data_browse.obj
 0001:00028eb0       sf_debug_st_initialize_instance 0000000180029eb0 f   sfc_debug:sfdb_data_browse.obj
 0001:000290c0       sf_debug_st_terminate      000000018002a0c0 f   sfc_debug:sfdb_data_browse.obj
 0001:00029460       sf_debug_st_set_data_value_ptr_in_machine 000000018002a460 f   sfc_debug:sfdb_data_browse.obj
 0001:000294f0       sf_debug_st_set_data_value_ptr_in_instance 000000018002a4f0 f   sfc_debug:sfdb_data_browse.obj
 0001:000295d0       sf_debug_st_unset_data_value_ptr_in_machine 000000018002a5d0 f   sfc_debug:sfdb_data_browse.obj
 0001:00029640       sf_debug_st_unset_data_value_ptr_in_instance 000000018002a640 f   sfc_debug:sfdb_data_browse.obj
 0001:00029900       sf_debug_mx_value          000000018002a900 f   sfc_debug:sfdb_data_browse.obj
 0001:00029960       sf_debug_mx_packed_vector  000000018002a960 f   sfc_debug:sfdb_data_browse.obj
 0001:00029a40       sf_debug_mx_uint_vector    000000018002aa40 f   sfc_debug:sfdb_data_browse.obj
 0001:00029af0       sf_debug_st_get_double_value_from_void_ptr_vector 000000018002aaf0 f   sfc_debug:sfdb_data_browse.obj
 0001:0002a5d0       sf_debug_st_browse_data    000000018002b5d0 f   sfc_debug:sfdb_data_browse.obj
 0001:0002ae10       sf_debug_hm_initialize_instance 000000018002be10 f   sfc_debug:sfdb_handle_management.obj
 0001:0002b2f0       sf_debug_hm_get_object_id  000000018002c2f0 f   sfc_debug:sfdb_handle_management.obj
 0001:0002bea0       sf_debug_hm_update_chart_visibility 000000018002cea0 f   sfc_debug:sfdb_handle_management.obj
 0001:0002d090       sf_debug_object_is_eml_function 000000018002e090 f   sfc_debug:sfdb_handle_management.obj
 0001:0002d100       sf_debug_hm_initialize_ids_in_machine 000000018002e100 f   sfc_debug:sfdb_handle_management.obj
 0001:0002d270       sf_debug_hm_initialize_ids_in_chart 000000018002e270 f   sfc_debug:sfdb_handle_management.obj
 0001:0002d370       sf_debug_hm_initialize_chart 000000018002e370 f   sfc_debug:sfdb_handle_management.obj
 0001:0002da70       sf_debug_hm_terminate      000000018002ea70 f   sfc_debug:sfdb_handle_management.obj
 0001:0002dad0       sf_debug_hm_initialize_machine 000000018002ead0 f   sfc_debug:sfdb_handle_management.obj
 0001:0002e1f0       sf_debug_ss_initialize     000000018002f1f0 f   sfc_debug:sfdb_symbol_scope.obj
 0001:0002e210       sf_debug_ss_terminate      000000018002f210 f   sfc_debug:sfdb_symbol_scope.obj
 0001:0002e2a0       sf_debug_ss_push_symbol_scope 000000018002f2a0 f   sfc_debug:sfdb_symbol_scope.obj
 0001:0002e3a0       sf_debug_ss_push_symbol_scope_eml 000000018002f3a0 f   sfc_debug:sfdb_symbol_scope.obj
 0001:0002e400       sf_debug_ss_pop_symbol_scope 000000018002f400 f   sfc_debug:sfdb_symbol_scope.obj
 0001:0002e4b0       sf_debug_ss_add_symbol     000000018002f4b0 f   sfc_debug:sfdb_symbol_scope.obj
 0001:0002e620       sf_debug_ss_add_symbol_eml 000000018002f620 f   sfc_debug:sfdb_symbol_scope.obj
 0001:0002f520       sf_debug_ss_set_data_value 0000000180030520 f   sfc_debug:sfdb_symbol_scope.obj
 0001:0002f970       getInstanceNumber          0000000180030970 f   sfc_debug:sfdb_symbol_scope.obj
 0001:0002fa40       sf_debug_ss_watch_data     0000000180030a40 f   sfc_debug:sfdb_symbol_scope.obj
 0001:0002fc30       sf_debug_ss_assign_data    0000000180030c30 f   sfc_debug:sfdb_symbol_scope.obj
 0001:00030640       get_data_entry_name        0000000180031640 f   sfc_debug:sfdb_symbol_scope.obj
 0001:00030690       sf_debug_ss_whos           0000000180031690 f   sfc_debug:sfdb_symbol_scope.obj
 0001:00030ce0       sf_debug_cc_initialize_chart 0000000180031ce0 f   sfc_debug:sfdb_coverage.obj
 0001:000316d0       sf_debug_cc_initialize_instance 00000001800326d0 f   sfc_debug:sfdb_coverage.obj
 0001:00032410       sf_debug_cc_terminate      0000000180033410 f   sfc_debug:sfdb_coverage.obj
 0001:00032500       sf_debug_cc_set_transition_maps 0000000180033500 f   sfc_debug:sfdb_coverage.obj
 0001:00032630       sf_debug_cc_set_state_maps 0000000180033630 f   sfc_debug:sfdb_coverage.obj
 0001:00032710       sf_debug_cc_set_transition_weights 0000000180033710 f   sfc_debug:sfdb_coverage.obj
 0001:000329d0       sf_debug_cc_set_state_weights 00000001800339d0 f   sfc_debug:sfdb_coverage.obj
 0001:00032ca0       sf_debug_cc_mark_transition_guard 0000000180033ca0 f   sfc_debug:sfdb_coverage.obj
 0001:00032d30       sf_debug_cc_mark_transition_trigger 0000000180033d30 f   sfc_debug:sfdb_coverage.obj
 0001:00032dc0       sf_debug_cc_mark_transition_decision 0000000180033dc0 f   sfc_debug:sfdb_coverage.obj
 0001:00032e30       sf_debug_cc_mark_transition_condition_action 0000000180033e30 f   sfc_debug:sfdb_coverage.obj
 0001:00032e80       sf_debug_cc_mark_transition_transition_action 0000000180033e80 f   sfc_debug:sfdb_coverage.obj
 0001:00032ed0       sf_debug_cc_mark_state_entry 0000000180033ed0 f   sfc_debug:sfdb_coverage.obj
 0001:00032f20       sf_debug_cc_mark_state_during 0000000180033f20 f   sfc_debug:sfdb_coverage.obj
 0001:00032f70       sf_debug_cc_mark_state_exit 0000000180033f70 f   sfc_debug:sfdb_coverage.obj
 0001:00032fc0       sf_debug_bm_clear_script_breakpoints 0000000180033fc0 f   sfc_debug:sfdb_breakpoints.obj
 0001:00032ff0       sf_debug_bm_set_script_breakpoint 0000000180033ff0 f   sfc_debug:sfdb_breakpoints.obj
 0001:00033070       sf_debug_bm_clear_single_script_breakpoint 0000000180034070 f   sfc_debug:sfdb_breakpoints.obj
 0001:000330f0       sf_debug_bm_query_script_breakpoint 00000001800340f0 f   sfc_debug:sfdb_breakpoints.obj
 0001:00033140       sf_debug_bm_initialize_scripts 0000000180034140 f   sfc_debug:sfdb_breakpoints.obj
 0001:000337d0       sf_debug_bm_terminate      00000001800347d0 f   sfc_debug:sfdb_breakpoints.obj
 0001:00033ab0       sf_debug_bm_remove_all_breakpoints_in_machine 0000000180034ab0 f   sfc_debug:sfdb_breakpoints.obj
 0001:00033b10       sf_debug_bm_remove_all_breakpoints_in_chart 0000000180034b10 f   sfc_debug:sfdb_breakpoints.obj
 0001:00033c60       sf_debug_bm_initialize_global_breakpoints 0000000180034c60 f   sfc_debug:sfdb_breakpoints.obj
 0001:00033de0       sf_debug_bm_set_breakpoint 0000000180034de0 f   sfc_debug:sfdb_breakpoints.obj
 0001:000343a0       sf_debug_bm_set_eml_breakpoint 00000001800353a0 f   sfc_debug:sfdb_breakpoints.obj
 0001:00034430       sf_debug_bm_initialize_machine_breakpoint_map 0000000180035430 f   sfc_debug:sfdb_breakpoints.obj
 0001:00034850       sf_debug_bm_is_a_breakpoint 0000000180035850 f   sfc_debug:sfdb_breakpoints.obj
 0001:00034d70       sf_debug_bm_get_all_breakpoints_in_machine 0000000180035d70 f   sfc_debug:sfdb_breakpoints.obj
 0001:00035070       sf_debug_bm_get_all_breakpoints_in_chart 0000000180036070 f   sfc_debug:sfdb_breakpoints.obj
 0001:00035c00       sf_debug_bm_initialize_machine 0000000180036c00 f   sfc_debug:sfdb_breakpoints.obj
 0001:00035cd0       sf_debug_bm_initialize_chart 0000000180036cd0 f   sfc_debug:sfdb_breakpoints.obj
 0001:000360c0       sf_debug_sc_terminate      00000001800370c0 f   sfc_debug:sfdb_state_consistency.obj
 0001:000363e0       sf_debug_sc_is_chart_consistent 00000001800373e0 f   sfc_debug:sfdb_state_consistency.obj
 0001:00036690       sf_debug_sc_get_consistency_error_info 0000000180037690 f   sfc_debug:sfdb_state_consistency.obj
 0001:00036aa0       sf_debug_tm_terminate      0000000180037aa0 f   sfc_debug:sfdb_call_stack.obj
 0001:00036b50       sf_debug_tm_push_chart_instance 0000000180037b50 f   sfc_debug:sfdb_call_stack.obj
 0001:00036c90       sf_debug_tm_pop_chart_instance 0000000180037c90 f   sfc_debug:sfdb_call_stack.obj
 0001:00036cf0       sf_debug_tm_push_trace_node 0000000180037cf0 f   sfc_debug:sfdb_call_stack.obj
 0001:00036e70       sf_debug_tm_pop_trace_node 0000000180037e70 f   sfc_debug:sfdb_call_stack.obj
 0001:00036ef0       sf_debug_tm_get_current_global_trace_index 0000000180037ef0 f   sfc_debug:sfdb_call_stack.obj
 0001:00036f00       sf_debug_tm_get_current_local_trace_index 0000000180037f00 f   sfc_debug:sfdb_call_stack.obj
 0001:00036f30       sf_debug_tm_set_cycle_detected_flag 0000000180037f30 f   sfc_debug:sfdb_call_stack.obj
 0001:00036f70       sf_debug_tm_set_cycle_started_flag 0000000180037f70 f   sfc_debug:sfdb_call_stack.obj
 0001:00036fb0       sf_debug_tm_get_chart_number_from_stack 0000000180037fb0 f   sfc_debug:sfdb_call_stack.obj
 0001:000371b0       sf_debug_tm_browse_trace   00000001800381b0 f   sfc_debug:sfdb_call_stack.obj
 0001:000374c0       sf_debug_cd_initialize_instance 00000001800384c0 f   sfc_debug:sfdb_cycle_detection.obj
 0001:00037770       sf_debug_cd_mark_processed_transition_in_instance 0000000180038770 f   sfc_debug:sfdb_cycle_detection.obj
 0001:00037810       sf_debug_cd_checksum_push  0000000180038810 f   sfc_debug:sfdb_cycle_detection.obj
 0001:00037ac0       sf_debug_cd_checksum_pop   0000000180038ac0 f   sfc_debug:sfdb_cycle_detection.obj
 0001:00037b30       sf_debug_cd_turn_off_cycle_detection 0000000180038b30 f   sfc_debug:sfdb_cycle_detection.obj
 0001:00037b80       sf_debug_cd_terminate      0000000180038b80 f   sfc_debug:sfdb_cycle_detection.obj
 0001:00037db0       md5_initialize_state       0000000180038db0 f   sfc_debug:ckmd5.obj
 0001:00038840       md5_update_state           0000000180039840 f   sfc_debug:ckmd5.obj
 0001:00038860       md5_get_hash               0000000180039860 f   sfc_debug:ckmd5.obj
 0001:00038890       md5_get_hash_for_a_single_string 0000000180039890 f   sfc_debug:ckmd5.obj
 0001:000388f0       mxGetPr                    00000001800398f0 f   libmx:libmx.dll
 0001:000388f6       mxCreateDoubleScalar       00000001800398f6 f   libmx:libmx.dll
 0001:000388fc       mxCreateDoubleMatrix_730   00000001800398fc f   libmx:libmx.dll
 0001:00038902       mxSetField_730             0000000180039902 f   libmx:libmx.dll
 0001:00038908       mxCreateString             0000000180039908 f   libmx:libmx.dll
 0001:0003890e       mxCreateStructMatrix_730   000000018003990e f   libmx:libmx.dll
 0001:00038914       mxCreateCellMatrix_730     0000000180039914 f   libmx:libmx.dll
 0001:0003891a       mxDestroyArray             000000018003991a f   libmx:libmx.dll
 0001:00038920       mxDuplicateArray           0000000180039920 f   libmx:libmx.dll
 0001:00038926       mxGetString_730            0000000180039926 f   libmx:libmx.dll
 0001:0003892c       mxIsChar                   000000018003992c f   libmx:libmx.dll
 0001:00038932       mxGetClassID               0000000180039932 f   libmx:libmx.dll
 0001:00038938       mxIsNumeric                0000000180039938 f   libmx:libmx.dll
 0001:0003893e       mxIsComplex                000000018003993e f   libmx:libmx.dll
 0001:00038944       mxGetN                     0000000180039944 f   libmx:libmx.dll
 0001:0003894a       mxGetM                     000000018003994a f   libmx:libmx.dll
 0001:00038950       mxCalloc                   0000000180039950 f   libmx:libmx.dll
 0001:00038956       mxGetScalar                0000000180039956 f   libmx:libmx.dll
 0001:0003895c       mxIsLogical                000000018003995c f   libmx:libmx.dll
 0001:00038962       mxCreateDoubleMatrix_700   0000000180039962 f   libmx:libmx.dll
 0001:00038968       mxFree                     0000000180039968 f   libmx:libmx.dll
 0001:0003896e       mxArrayToString            000000018003996e f   libmx:libmx.dll
 0001:00038974       mxCreateCellMatrix_700     0000000180039974 f   libmx:libmx.dll
 0001:0003897a       mxSetCell_700              000000018003997a f   libmx:libmx.dll
 0001:00038980       mxGetCell_700              0000000180039980 f   libmx:libmx.dll
 0001:00038986       mxGetClassName             0000000180039986 f   libmx:libmx.dll
 0001:0003898c       mxSetField_700             000000018003998c f   libmx:libmx.dll
 0001:00038992       mxAddField                 0000000180039992 f   libmx:libmx.dll
 0001:00038998       mxGetField_700             0000000180039998 f   libmx:libmx.dll
 0001:0003899e       mxGetNumberOfElements      000000018003999e f   libmx:libmx.dll
 0001:000389a4       mxIsStruct                 00000001800399a4 f   libmx:libmx.dll
 0001:000389aa       mxIsA                      00000001800399aa f   libmx:libmx.dll
 0001:000389b0       mxIsClass                  00000001800399b0 f   libmx:libmx.dll
 0001:000389b6       mxGetLogicals              00000001800399b6 f   libmx:libmx.dll
 0001:000389bc       mxIsSparse                 00000001800399bc f   libmx:libmx.dll
 0001:000389c2       mxSetFieldByNumber_700     00000001800399c2 f   libmx:libmx.dll
 0001:000389c8       mxGetFieldByNumber_700     00000001800399c8 f   libmx:libmx.dll
 0001:000389ce       mxGetFieldNameByNumber     00000001800399ce f   libmx:libmx.dll
 0001:000389d4       mxGetNumberOfFields        00000001800399d4 f   libmx:libmx.dll
 0001:000389da       mxCreateStructMatrix_700   00000001800399da f   libmx:libmx.dll
 0001:000389e0       mxGetFieldNumber           00000001800399e0 f   libmx:libmx.dll
 0001:000389e6       mxIsNaN                    00000001800399e6 f   libmx:libmx.dll
 0001:000389ec       mxIsEmpty                  00000001800399ec f   libmx:libmx.dll
 0001:000389f2       mxGetData                  00000001800399f2 f   libmx:libmx.dll
 0001:000389f8       mxGetImagData              00000001800399f8 f   libmx:libmx.dll
 0001:000389fe       mxArrayClassIDName         00000001800399fe f   libmx:libmx.dll
 0001:00038a04       mxCreateNumericMatrix_700  0000000180039a04 f   libmx:libmx.dll
 0001:00038a0a       mxCreateStructArray_700    0000000180039a0a f   libmx:libmx.dll
 0001:00038a10       mxCalcSingleSubscript_700  0000000180039a10 f   libmx:libmx.dll
 0001:00038a16       mxGetDimensions_700        0000000180039a16 f   libmx:libmx.dll
 0001:00038a1c       mxGetNumberOfDimensions_700 0000000180039a1c f   libmx:libmx.dll
 0001:00038a22       mxCreateNumericArray_700   0000000180039a22 f   libmx:libmx.dll
 0001:00038a28       mxGetElementSize           0000000180039a28 f   libmx:libmx.dll
 0001:00038a2e       mxCreateStringFromNChars_700 0000000180039a2e f   libmx:libmx.dll
 0001:00038a34       mxGetString_700            0000000180039a34 f   libmx:libmx.dll
 0001:00038a3a       mxIsLogicalScalarTrue      0000000180039a3a f   libmx:libmx.dll
 0001:00038a40       mxCreateLogicalScalar      0000000180039a40 f   libmx:libmx.dll
 0001:00038a46       mexUnlock                  0000000180039a46 f   libmex:libmex.dll
 0001:00038a4c       mexIsLocked                0000000180039a4c f   libmex:libmex.dll
 0001:00038a52       mexWarnMsgTxt              0000000180039a52 f   libmex:libmex.dll
 0001:00038a58       mexCallMATLAB              0000000180039a58 f   libmex:libmex.dll
 0001:00038a5e       mexErrMsgTxt               0000000180039a5e f   libmex:libmex.dll
 0001:00038a64       mexMakeArrayPersistent     0000000180039a64 f   libmex:libmex.dll
 0001:00038a6a       mexSetTrapFlag             0000000180039a6a f   libmex:libmex.dll
 0001:00038a70       mexPutVariable             0000000180039a70 f   libmex:libmex.dll
 0001:00038a76       mexGetVariable             0000000180039a76 f   libmex:libmex.dll
 0001:00038a7c       mexLock                    0000000180039a7c f   libmex:libmex.dll
 0001:00038a82       mexMakeMemoryPersistent    0000000180039a82 f   libmex:libmex.dll
 0001:00038a88       mexFunctionName            0000000180039a88 f   libmex:libmex.dll
 0001:00038a8e       ssRegisterDataTypeFxpFSlopeFixExpBias 0000000180039a8e f   libfixedpoint:libfixedpoint.dll
 0001:00038a94       ssRegisterDataTypeFxpScaledDouble 0000000180039a94 f   libfixedpoint:libfixedpoint.dll
 0001:00038a9a       utMalloc                   0000000180039a9a f   libut:libut.dll
 0001:00038aa0       utFree                     0000000180039aa0 f   libut:libut.dll
 0001:00038aa6       utVSNprintf                0000000180039aa6 f   libut:libut.dll
 0001:00038aac       utCPUtime                  0000000180039aac f   libut:libut.dll
 0001:00038ab2       utCalloc                   0000000180039ab2 f   libut:libut.dll
 0001:00038ab8       utRealloc                  0000000180039ab8 f   libut:libut.dll
 0001:00038abe       emlrtCreateRootTLS         0000000180039abe f   libemlrt:libemlrt.dll
 0001:00038ac4       emlrtDestroyRootTLS        0000000180039ac4 f   libemlrt:libemlrt.dll
 0001:00038aca       emlrtCheckBuiltInR2012b    0000000180039aca f   libemlrt:libemlrt.dll
 0001:00038ad0       emlrtCheckVsBuiltInR2012b  0000000180039ad0 f   libemlrt:libemlrt.dll
 0001:00038ad6       emlrtCheckEnumR2012b       0000000180039ad6 f   libemlrt:libemlrt.dll
 0001:00038adc       emlrtCreateEnumR2012b      0000000180039adc f   libemlrt:libemlrt.dll
 0001:00038ae2       emlrtGetEnumElementR2009a  0000000180039ae2 f   libemlrt:libemlrt.dll
 0001:00038ae8       emlrtCreateReference       0000000180039ae8 f   libemlrt:libemlrt.dll
 0001:00038aee       emlrtImportVsFiArrayR2009b 0000000180039aee f   libemlrt:libemlrt.dll
 0001:00038af4       emlrtNameCapturePostProcessR2012a 0000000180039af4 f   libemlrt:libemlrt.dll
 0001:00038afa       emlrtExtractMessageId      0000000180039afa f   libemlrt:libemlrt.dll
 0001:00038b00       emlrtTranslateMessageIDtoLCPstring 0000000180039b00 f   libemlrt:libemlrt.dll
 0001:00038b06       emlrtForLoopVectorIsValidR2011b 0000000180039b06 f   libemlrt:libemlrt.dll
 0001:00038b0c       emlrtTranslateUTF16MessagetoLCPstring 0000000180039b0c f   libemlrt:libemlrt.dll
 0001:00038b12       emlrtGetEnumUnderlyingArrayR2009a 0000000180039b12 f   libemlrt:libemlrt.dll
 0001:00038b18       emlrtIsEnumR2009a          0000000180039b18 f   libemlrt:libemlrt.dll
 0001:00038b20       __GSHandlerCheckCommon     0000000180039b20 f   MSVCRT:gshandler.obj
 0001:00038b84       __GSHandlerCheck           0000000180039b84 f   MSVCRT:gshandler.obj
 0001:00038ba2       strlen                     0000000180039ba2 f   MSVCRT:MSVCR100.dll
 0001:00038bc0       __security_check_cookie    0000000180039bc0 f   MSVCRT:amdsecgs.obj
 0001:00038be0       memset                     0000000180039be0 f   MSVCRT:MSVCR100.dll
 0001:00038be6       strcmp                     0000000180039be6 f   MSVCRT:MSVCR100.dll
 0001:00038bec       free                       0000000180039bec f   MSVCRT:MSVCR100.dll
 0001:00038bf2       sprintf                    0000000180039bf2 f   MSVCRT:MSVCR100.dll
 0001:00038bf8       malloc                     0000000180039bf8 f   MSVCRT:MSVCR100.dll
 0001:00038bfe       strcat                     0000000180039bfe f   MSVCRT:MSVCR100.dll
 0001:00038c04       memcpy                     0000000180039c04 f   MSVCRT:MSVCR100.dll
 0001:00038c0c       NtCurrentTeb               0000000180039c0c f i MSVCRT:crtdll.obj
 0001:00038c78       _CRT_INIT                  0000000180039c78 f   MSVCRT:crtdll.obj
 0001:00039010       _DllMainCRTStartup         000000018003a010 f   MSVCRT:crtdll.obj
 0001:0003904e       strncpy                    000000018003a04e f   MSVCRT:MSVCR100.dll
 0001:00039070       _alloca_probe              000000018003a070     MSVCRT:chkstk.obj
 0001:00039070       __chkstk                   000000018003a070 f   MSVCRT:chkstk.obj
 0001:000390be       longjmp                    000000018003a0be f   MSVCRT:MSVCR100.dll
 0001:000390c4       strncmp                    000000018003a0c4 f   MSVCRT:MSVCR100.dll
 0001:000390ca       ceil                       000000018003a0ca f   MSVCRT:MSVCR100.dll
 0001:000390d0       strrchr                    000000018003a0d0 f   MSVCRT:MSVCR100.dll
 0001:000390d6       _setjmp                    000000018003a0d6 f   MSVCRT:MSVCR100.dll
 0001:000390dc       ldexp                      000000018003a0dc f   MSVCRT:MSVCR100.dll
 0001:000390e4       __report_gsfailure         000000018003a0e4 f   MSVCRT:gs_report.obj
 0001:00039230       __clean_type_info_names    000000018003a230 f   MSVCRT:tncleanup.obj
 0001:0003923c       _onexit                    000000018003a23c f   MSVCRT:atonexit.obj
 0001:000392ec       atexit                     000000018003a2ec f   MSVCRT:atonexit.obj
 0001:00039304       _RTC_Initialize            000000018003a304 f   MSVCRT:_initsect_.obj
 0001:0003933c       _RTC_Terminate             000000018003a33c f   MSVCRT:_initsect_.obj
 0001:00039374       _malloc_crt                000000018003a374 f   MSVCRT:MSVCR100.dll
 0001:00039380       _ValidateImageBase         000000018003a380 f   MSVCRT:pesect.obj
 0001:000393b0       _FindPESection             000000018003a3b0 f   MSVCRT:pesect.obj
 0001:00039400       _IsNonwritableInCurrentImage 000000018003a400 f   MSVCRT:pesect.obj
 0001:00039442       _initterm                  000000018003a442 f   MSVCRT:MSVCR100.dll
 0001:00039448       _initterm_e                000000018003a448 f   MSVCRT:MSVCR100.dll
 0001:0003944e       _encoded_null              000000018003a44e f   MSVCRT:MSVCR100.dll
 0001:00039454       _amsg_exit                 000000018003a454 f   MSVCRT:MSVCR100.dll
 0001:0003945a       __C_specific_handler       000000018003a45a f   MSVCRT:MSVCR100.dll
 0001:00039460       __CppXcptFilter            000000018003a460 f   MSVCRT:MSVCR100.dll
 0001:00039468       DllMain                    000000018003a468 f   MSVCRT:dllmain.obj
 0001:0003948c       __security_init_cookie     000000018003a48c f   MSVCRT:gs_support.obj
 0001:00039540       __crt_debugger_hook        000000018003a540 f   MSVCRT:MSVCR100.dll
 0001:00039546       __clean_type_info_names_internal 000000018003a546 f   MSVCRT:MSVCR100.dll
 0001:0003954c       _unlock                    000000018003a54c f   MSVCRT:MSVCR100.dll
 0001:00039552       __dllonexit                000000018003a552 f   MSVCRT:MSVCR100.dll
 0001:00039558       _lock                      000000018003a558 f   MSVCRT:MSVCR100.dll
 0001:0003955e       EncodePointer              000000018003a55e f   kernel32:KERNEL32.dll
 0001:00039564       DecodePointer              000000018003a564 f   kernel32:KERNEL32.dll
 0001:0003956a       Sleep                      000000018003a56a f   kernel32:KERNEL32.dll
 0001:00039570       TerminateProcess           000000018003a570 f   kernel32:KERNEL32.dll
 0001:00039576       GetCurrentProcess          000000018003a576 f   kernel32:KERNEL32.dll
 0001:0003957c       UnhandledExceptionFilter   000000018003a57c f   kernel32:KERNEL32.dll
 0001:00039582       SetUnhandledExceptionFilter 000000018003a582 f   kernel32:KERNEL32.dll
 0001:00039588       IsDebuggerPresent          000000018003a588 f   kernel32:KERNEL32.dll
 0001:0003958e       RtlVirtualUnwind           000000018003a58e f   kernel32:KERNEL32.dll
 0001:00039594       RtlLookupFunctionEntry     000000018003a594 f   kernel32:KERNEL32.dll
 0001:0003959a       RtlCaptureContext          000000018003a59a f   kernel32:KERNEL32.dll
 0001:000395a0       DisableThreadLibraryCalls  000000018003a5a0 f   kernel32:KERNEL32.dll
 0001:000395a6       QueryPerformanceCounter    000000018003a5a6 f   kernel32:KERNEL32.dll
 0001:000395ac       GetTickCount               000000018003a5ac f   kernel32:KERNEL32.dll
 0001:000395b2       GetCurrentThreadId         000000018003a5b2 f   kernel32:KERNEL32.dll
 0001:000395b8       GetCurrentProcessId        000000018003a5b8 f   kernel32:KERNEL32.dll
 0001:000395be       GetSystemTimeAsFileTime    000000018003a5be f   kernel32:KERNEL32.dll
 0002:00000000       __imp_GetSystemTimeAsFileTime 000000018003b000     kernel32:KERNEL32.dll
 0002:00000008       __imp_GetCurrentProcessId  000000018003b008     kernel32:KERNEL32.dll
 0002:00000010       __imp_GetCurrentThreadId   000000018003b010     kernel32:KERNEL32.dll
 0002:00000018       __imp_GetTickCount         000000018003b018     kernel32:KERNEL32.dll
 0002:00000020       __imp_QueryPerformanceCounter 000000018003b020     kernel32:KERNEL32.dll
 0002:00000028       __imp_DisableThreadLibraryCalls 000000018003b028     kernel32:KERNEL32.dll
 0002:00000030       __imp_RtlCaptureContext    000000018003b030     kernel32:KERNEL32.dll
 0002:00000038       __imp_RtlLookupFunctionEntry 000000018003b038     kernel32:KERNEL32.dll
 0002:00000040       __imp_RtlVirtualUnwind     000000018003b040     kernel32:KERNEL32.dll
 0002:00000048       __imp_IsDebuggerPresent    000000018003b048     kernel32:KERNEL32.dll
 0002:00000050       __imp_SetUnhandledExceptionFilter 000000018003b050     kernel32:KERNEL32.dll
 0002:00000058       __imp_UnhandledExceptionFilter 000000018003b058     kernel32:KERNEL32.dll
 0002:00000060       __imp_GetCurrentProcess    000000018003b060     kernel32:KERNEL32.dll
 0002:00000068       __imp_TerminateProcess     000000018003b068     kernel32:KERNEL32.dll
 0002:00000070       __imp_Sleep                000000018003b070     kernel32:KERNEL32.dll
 0002:00000078       __imp_DecodePointer        000000018003b078     kernel32:KERNEL32.dll
 0002:00000080       __imp_EncodePointer        000000018003b080     kernel32:KERNEL32.dll
 0002:00000088       \177KERNEL32_NULL_THUNK_DATA 000000018003b088     kernel32:KERNEL32.dll
 0002:00000090       __imp__onexit              000000018003b090     MSVCRT:MSVCR100.dll
 0002:00000098       __imp__lock                000000018003b098     MSVCRT:MSVCR100.dll
 0002:000000a0       __imp___dllonexit          000000018003b0a0     MSVCRT:MSVCR100.dll
 0002:000000a8       __imp__unlock              000000018003b0a8     MSVCRT:MSVCR100.dll
 0002:000000b0       __imp___clean_type_info_names_internal 000000018003b0b0     MSVCRT:MSVCR100.dll
 0002:000000b8       __imp___crt_debugger_hook  000000018003b0b8     MSVCRT:MSVCR100.dll
 0002:000000c0       __imp___CppXcptFilter      000000018003b0c0     MSVCRT:MSVCR100.dll
 0002:000000c8       __imp___C_specific_handler 000000018003b0c8     MSVCRT:MSVCR100.dll
 0002:000000d0       __imp__amsg_exit           000000018003b0d0     MSVCRT:MSVCR100.dll
 0002:000000d8       __imp__encoded_null        000000018003b0d8     MSVCRT:MSVCR100.dll
 0002:000000e0       __imp__initterm_e          000000018003b0e0     MSVCRT:MSVCR100.dll
 0002:000000e8       __imp__initterm            000000018003b0e8     MSVCRT:MSVCR100.dll
[...]
 0001:0000f500       sf_mex_check_fimath        0000000180010500 f   sfc_mex:sfc_mex.obj
 0001:00010060       size_mismatch_error        0000000180011060 f   sfc_mex:sfc_mex.obj
 0001:00010ad0       check_array_dimensions     0000000180011ad0 f   sfc_mex:sfc_mex.obj
 0001:00010b40       check_input_mxarray        0000000180011b40 f   sfc_mex:sfc_mex.obj
 0001:00011280       sf_numeric_value_to_double 0000000180012280 f   sfc_mex:sfc_mex.obj
 0001:000112d0       ml_generic_out_of_bounds_check 00000001800122d0 f   sfc_mex:sfc_mex.obj
 0001:00011490       ml_get_element_value_from_array 0000000180012490 f   sfc_mex:sfc_mex.obj
 0001:00011830       _ml_generic_castability_check 0000000180012830 f   sfc_mex:sfc_mex.obj
 0001:00011f80       ml_generic_castability_check 0000000180012f80 f   sfc_mex:sfc_mex.obj
 0001:00012020       ml_check_mx_array_for_single_castability 0000000180013020 f   sfc_mex:sfc_mex.obj
 0001:000120c0       ml_check_mx_array_for_logical_castability 00000001800130c0 f   sfc_mex:sfc_mex.obj
 0001:00012160       ml_check_mx_array_for_int8_castability 0000000180013160 f   sfc_mex:sfc_mex.obj
 0001:00012210       ml_check_mx_array_for_uint8_castability 0000000180013210 f   sfc_mex:sfc_mex.obj
 0001:00012270       ml_check_mx_array_for_int16_castability 0000000180013270 f   sfc_mex:sfc_mex.obj
 0001:000122d0       ml_check_mx_array_for_uint16_castability 00000001800132d0 f   sfc_mex:sfc_mex.obj
 0001:00012330       ml_check_mx_array_for_int32_castability 0000000180013330 f   sfc_mex:sfc_mex.obj
 0001:00012390       ml_check_mx_array_for_uint32_castability 0000000180013390 f   sfc_mex:sfc_mex.obj
 0001:000123f0       ml_check_mx_array_for_castability 00000001800133f0 f   sfc_mex:sfc_mex.obj
 0001:00012c10       set_data_value             0000000180013c10 f   sfc_mex:sfc_mex.obj
 0001:00012f80       get_data_value             0000000180013f80 f   sfc_mex:sfc_mex.obj
 0001:00013090       get_next_element_address   0000000180014090 f   sfc_mex:sfc_mex.obj
 0001:00013160       sf_normalize_index         0000000180014160 f   sfc_mex:sfc_mex.obj
 0001:00013510       ml_array_index_bound_check 0000000180014510 f   sfc_mex:sfc_mex.obj
 0001:00014090       mx_value                   0000000180015090 f   sfc_mex:sfc_mex.obj
 0001:000140e0       sf_create_numeric_array    00000001800150e0 f   sfc_mex:sfc_mex.obj
 0001:00014180       sf_mex_assign_to_mx_array  0000000180015180 f   sfc_mex:sfc_mex.obj
 0001:000144f0       assign_from_mx_array       00000001800154f0 f   sfc_mex:sfc_mex.obj
 0001:00014c50       sf_mex_import_v            0000000180015c50 f   sfc_mex:sfc_mex.obj
 0001:00015360       get_machine_and_chart_file_number 0000000180016360 f   sfc_mex:sfc_sf.obj
 0001:00015450       get_sfun_block_specialization 0000000180016450 f   sfc_mex:sfc_sf.obj
 0001:00015500       call_sf_machine_global_method_dispatcher 0000000180016500 f   sfc_mex:sfc_sf.obj
 0001:00015750       mdl_zeroCrossings_processing 0000000180016750 f   sfc_mex:sfc_sf.obj
 0001:00015830       mdl_derivatives_processing 0000000180016830 f   sfc_mex:sfc_sf.obj
 0001:00015b10       mdl_outputs_continuous_legacy 0000000180016b10 f   sfc_mex:sfc_sf.obj
 0001:00015b90       mdl_outputs_processing     0000000180016b90 f   sfc_mex:sfc_sf.obj
 0001:00015e00       mdl_enable_processing      0000000180016e00 f   sfc_mex:sfc_sf.obj
 0001:00015ee0       mdl_disable_processing     0000000180016ee0 f   sfc_mex:sfc_sf.obj
 0001:00016d70       sf_call_output_fcn_enable_disable 0000000180017d70 f   sfc_mex:sfc_sf.obj
 0001:00016ff0       set_dwork_information_from_mx_array 0000000180017ff0 f   sfc_mex:sfc_sf.obj
 0001:000178e0       ptr2mxStruct               00000001800188e0 f   sfc_mex:sfc_sf.obj
 0001:00017bf0       SNPRINTF_WRAPPER           0000000180018bf0 f   sfc_debug:sfcdebug.obj
 0001:00017c20       sf_debug_chart_instance_initialized 0000000180018c20 f   sfc_debug:sfcdebug.obj
 0001:00017dc0       sfrtAddSize                0000000180018dc0 f   sfc_debug:sfcdebug.obj
 0001:00017e80       sfrtGenSizeString          0000000180018e80 f   sfc_debug:sfcdebug.obj
 0001:000185d0       fill_single_message_info   00000001800195d0 f   sfc_debug:sfcdebug.obj
 0001:00018850       sf_debug_sim_status_listener 0000000180019850 f   sfc_debug:sfcdebug.obj
 0001:00018de0       sf_debug_form_mask_bits    0000000180019de0 f   sfc_debug:sfcdebug.obj
 0001:00018e00       sf_debug_form_sf_data_type_offsets 0000000180019e00 f   sfc_debug:sfcdebug.obj
 0001:00018ec0       sf_debug_free_all          0000000180019ec0 f   sfc_debug:sfcdebug.obj
 0001:00019050       sf_debug_append_debugger_context 000000018001a050 f   sfc_debug:sfcdebug.obj
 0001:000193c0       local_strdup               000000018001a3c0 f   sfc_debug:sfcdebug.obj
 0001:0001a340       sf_debug_em_terminate      000000018001b340 f   sfc_debug:sfcdebug.obj
 0001:0001a380       sf_debug_push_eml_function 000000018001b380 f   sfc_debug:sfcdebug.obj
 0001:0001a420       sf_debug_pop_eml_function  000000018001b420 f   sfc_debug:sfcdebug.obj
 0001:0001b0c0       sf_debug_get_machine_number_from_id_or_name 000000018001c0c0 f   sfc_debug:sfcdebug.obj
 0001:0001b210       sf_debug_get_chart_number_from_id 000000018001c210 f   sfc_debug:sfcdebug.obj
 0001:0001bff0       sf_debug_transfer_control_to_debugger_GUI 000000018001cff0 f   sfc_debug:sfcdebug.obj
 0001:0001cf60       sf_debug_scripts_rehash    000000018001df60 f   sfc_debug:sfcdebug.obj
 0001:0001d170       sf_debug_get_script_line_count 000000018001e170 f   sfc_debug:sfcdebug.obj
 0001:0001dbc0       cv_eml_state_cvId          000000018001ebc0 f   sfc_debug:sfcdebug.obj
 0001:0001dc30       cv_eml_trans_cvId          000000018001ec30 f   sfc_debug:sfcdebug.obj
 0001:0001f0b0       sf_debug_data_array_bounds_error 00000001800200b0 f   sfc_debug:sfcdebug.obj
 0001:0001f460       eml_debug_runtime_error_doclink 0000000180020460 f   sfc_debug:sfcdebug.obj
 0001:0001f5d0       sf_debug_runtime_error     00000001800205d0 f   sfc_debug:sfcdebug.obj
 0001:0001f640       sf_debug_matlab_error      0000000180020640 f   sfc_debug:sfcdebug.obj
 0001:0001ffb0       sf_debug_data_value_error  0000000180020fb0 f   sfc_debug:sfcdebug.obj
 0001:00020880       sf_debug_data_loss_error   0000000180021880 f   sfc_debug:sfcdebug.obj
 0001:000217a0       call_cv_range_check        00000001800227a0 f   sfc_debug:sfcdebug.obj
 0001:00022000       sf_debug_invoke_cycle_detection_code 0000000180023000 f   sfc_debug:sfcdebug.obj
 0001:00022b70       sf_reset_debug_info_struct 0000000180023b70 f   sfc_debug:sfcdebug.obj
 0001:00023360       cv_script_cvId             0000000180024360 f   sfc_debug:sfcdebug.obj
 0001:00024520       sfc_api_chart_visible      0000000180025520 f   sfc_debug:sfc_api.obj
 0001:000245b0       sfc_api_active_instance    00000001800255b0 f   sfc_debug:sfc_api.obj
 0001:00024640       sfc_api_machine_load       0000000180025640 f   sfc_debug:sfc_api.obj
 0001:00024730       sfc_api_debugger_alive     0000000180025730 f   sfc_debug:sfc_api.obj
 0001:00024740       sfc_api_go                 0000000180025740 f   sfc_debug:sfc_api.obj
 0001:00024750       sfc_api_step_over          0000000180025750 f   sfc_debug:sfc_api.obj
 0001:00024760       sfc_api_step_out           0000000180025760 f   sfc_debug:sfc_api.obj
 0001:00024770       sfc_api_resume             0000000180025770 f   sfc_debug:sfc_api.obj
 0001:00024780       sfc_api_break              0000000180025780 f   sfc_debug:sfc_api.obj
 0001:00024790       sfc_api_stop_debugging     0000000180025790 f   sfc_debug:sfc_api.obj
 0001:000247f0       sfc_api_is_cycle_detected  00000001800257f0 f   sfc_debug:sfc_api.obj
 0001:00024850       sfc_api_is_array_bounds_detected 0000000180025850 f   sfc_debug:sfc_api.obj
 0001:000248b0       sfc_api_set_disable_all_breakpoints 00000001800258b0 f   sfc_debug:sfc_api.obj
 0001:00024930       sfc_api_disable_all_breakpoints_and_go 0000000180025930 f   sfc_debug:sfc_api.obj
 0001:00024940       sfc_api_close              0000000180025940 f   sfc_debug:sfc_api.obj
 0001:00024950       sfc_api_browse_data        0000000180025950 f   sfc_debug:sfc_api.obj
 0001:000249d0       sfc_api_watch_data         00000001800259d0 f   sfc_debug:sfc_api.obj
 0001:00024ae0       sfc_api_extract_message_post_receive_info 0000000180025ae0 f   sfc_debug:sfc_api.obj
 0001:00024b00       sfc_api_assign_data        0000000180025b00 f   sfc_debug:sfc_api.obj
 0001:00024bb0       sfc_api_whos               0000000180025bb0 f   sfc_debug:sfc_api.obj
 0001:00024c40       sfc_api_get_consistency_info 0000000180025c40 f   sfc_debug:sfc_api.obj
 0001:00024c50       sfc_api_browse_trace       0000000180025c50 f   sfc_debug:sfc_api.obj
 0001:00024c60       sfc_api_break_on_chart_entry 0000000180025c60 f   sfc_debug:sfc_api.obj
 0001:00024c90       sfc_api_break_on_event_broadcast 0000000180025c90 f   sfc_debug:sfc_api.obj
 0001:00024cc0       sfc_api_break_on_state_entry 0000000180025cc0 f   sfc_debug:sfc_api.obj
 0001:00024cf0       sfc_api_set_watch          0000000180025cf0 f   sfc_debug:sfc_api.obj
 0001:00024da0       sfc_api_set_breakpoints    0000000180025da0 f   sfc_debug:sfc_api.obj
 0001:00024e60       sfc_api_set_eml_breakpoints 0000000180025e60 f   sfc_debug:sfc_api.obj
 0001:00024f00       sfc_api_set_script_breakpoints 0000000180025f00 f   sfc_debug:sfc_api.obj
 0001:00024f60       sfc_api_add_script_breakpoints 0000000180025f60 f   sfc_debug:sfc_api.obj
 0001:00024fc0       sfc_api_clear_script_breakpoints 0000000180025fc0 f   sfc_debug:sfc_api.obj
 0001:00025020       sfc_api_query_script_breakpoints 0000000180026020 f   sfc_debug:sfc_api.obj
 0001:00025090       sfc_api_get_script_id      0000000180026090 f   sfc_debug:sfc_api.obj
 0001:00025150       sfc_api_get_active_states  0000000180026150 f   sfc_debug:sfc_api.obj
 0001:000251e0       sfc_api_break_between_times 00000001800261e0 f   sfc_debug:sfc_api.obj
 0001:00025250       sfc_api_get_instance_handle 0000000180026250 f   sfc_debug:sfc_api.obj
 0001:00025320       sfc_api_set_animation      0000000180026320 f   sfc_debug:sfc_api.obj
 0001:00025370       sfc_api_select_chart       0000000180026370 f   sfc_debug:sfc_api.obj
 0001:000253e0       sfc_api_select_charts      00000001800263e0 f   sfc_debug:sfc_api.obj
 0001:00025410       sfc_api_cycle_detection_check 0000000180026410 f   sfc_debug:sfc_api.obj
 0001:00025460       sfc_api_data_range_check   0000000180026460 f   sfc_debug:sfc_api.obj
 0001:000254b0       sfc_api_transition_conflict_check 00000001800264b0 f   sfc_debug:sfc_api.obj
 0001:00025500       sfc_api_state_consistency_check 0000000180026500 f   sfc_debug:sfc_api.obj
 0001:00025550       sfc_api_set_instance_cv_ids 0000000180026550 f   sfc_debug:sfc_api.obj
 0001:00025680       sfc_api_set_script_cv_ids  0000000180026680 f   sfc_debug:sfc_api.obj
 0001:00025750       sfc_api_get_current_machine_id 0000000180026750 f   sfc_debug:sfc_api.obj
 0001:00025780       sfc_api_get_current_machine_number 0000000180026780 f   sfc_debug:sfc_api.obj
 0001:000257b0       sfc_api_get_current_chart_number 00000001800267b0 f   sfc_debug:sfc_api.obj
 0001:000257e0       sfc_api_get_current_instance_number 00000001800267e0 f   sfc_debug:sfc_api.obj
 0001:00025810       sfc_api_get_current_instance_handle 0000000180026810 f   sfc_debug:sfc_api.obj
 0001:00025830       sfc_api_get_current_is_minor_time_step 0000000180026830 f   sfc_debug:sfc_api.obj
 0001:00025860       sfc_api_get_current_machine_name 0000000180026860 f   sfc_debug:sfc_api.obj
 0001:00025880       sfc_api_get_current_chart_id 0000000180026880 f   sfc_debug:sfc_api.obj
 0001:000258b0       sfc_api_get_current_object_type 00000001800268b0 f   sfc_debug:sfc_api.obj
 0001:000258e0       sfc_api_get_current_event_type 00000001800268e0 f   sfc_debug:sfc_api.obj
 0001:00025910       sfc_api_get_current_object_id 0000000180026910 f   sfc_debug:sfc_api.obj
 0001:00025940       sfc_get_current_active_event_type 0000000180026940 f   sfc_debug:sfc_api.obj
 0001:00025970       sfc_api_get_current_active_event_id 0000000180026970 f   sfc_debug:sfc_api.obj
 0001:000259a0       sfc_api_get_current_simulation_time 00000001800269a0 f   sfc_debug:sfc_api.obj
 0001:000259c0       sfc_get_current_tag_type   00000001800269c0 f   sfc_debug:sfc_api.obj
 0001:000259f0       sfc_get_current_coverage_percentage 00000001800269f0 f   sfc_debug:sfc_api.obj
 0001:00025a10       sfc_get_current_statement_context 0000000180026a10 f   sfc_debug:sfc_api.obj
 0001:00025a30       sfc_get_current_optional_integer 0000000180026a30 f   sfc_debug:sfc_api.obj
 0001:00025a60       sfc_get_current_statement_info 0000000180026a60 f   sfc_debug:sfc_api.obj
 0001:00025b00       sfc_api_get                0000000180026b00 f   sfc_debug:sfc_api.obj
 0001:00026760       sf_debug_sm_fill_state_activity_data 0000000180027760 f   sfc_debug:sfdb_animation.obj
 0001:00028fa0       void_ptr_stack_vector_free_total 0000000180029fa0 f   sfc_debug:sfdb_data_browse.obj
 0001:00029020       sf_debug_st_terminate_machine 000000018002a020 f   sfc_debug:sfdb_data_browse.obj
 0001:00029060       sf_debug_st_terminate_instance 000000018002a060 f   sfc_debug:sfdb_data_browse.obj
 0001:00029410       push_on_to_void_ptr_stack  000000018002a410 f   sfc_debug:sfdb_data_browse.obj
 0001:000295a0       pop_from_void_ptr_stack    000000018002a5a0 f   sfc_debug:sfdb_data_browse.obj
 0001:000296d0       sf_debug_st_get_data_value 000000018002a6d0 f   sfc_debug:sfdb_data_browse.obj
 0001:00029c00       mx_value                   000000018002ac00 f   sfc_debug:sfdb_data_browse.obj
 0001:00029c40       sf_debug_st_fill_data_struct 000000018002ac40 f   sfc_debug:sfdb_data_browse.obj
 0001:00029f80       data_type_format_strings   000000018002af80 f   sfc_debug:sfdb_data_browse.obj
 0001:0002a030       sf_debug_st_fill_data      000000018002b030 f   sfc_debug:sfdb_data_browse.obj
 0001:0002ad20       sf_debug_hm_get_simulink_handle 000000018002bd20 f   sfc_debug:sfdb_handle_management.obj
 0001:0002b7d0       sf_debug_hm_initialize_globals 000000018002c7d0 f   sfc_debug:sfdb_handle_management.obj
 0001:0002b8d0       sf_debug_hm_get_machine_debug_flag 000000018002c8d0 f   sfc_debug:sfdb_handle_management.obj
 0001:0002ba40       sf_debug_hm_get_machine_id 000000018002ca40 f   sfc_debug:sfdb_handle_management.obj
 0001:0002bb60       sf_debug_hm_get_chart_id   000000018002cb60 f   sfc_debug:sfdb_handle_management.obj
 0001:0002bd00       sf_debug_hm_register_executing_SFunction 000000018002cd00 f   sfc_debug:sfdb_handle_management.obj
 0001:0002c090       sf_debug_hm_form_object_boolean_properties 000000018002d090 f   sfc_debug:sfdb_handle_management.obj
 0001:0002c360       sf_debug_hm_form_object_properties 000000018002d360 f   sfc_debug:sfdb_handle_management.obj
 0001:0002c5a0       sf_debug_hm_terminate_charts 000000018002d5a0 f   sfc_debug:sfdb_handle_management.obj
 0001:0002cc80       sf_debug_hm_terminate_machines 000000018002dc80 f   sfc_debug:sfdb_handle_management.obj
 0001:0002e6f0       sf_debug_ss_copy_dimension 000000018002f6f0 f   sfc_debug:sfdb_symbol_scope.obj
 0001:0002e7b0       sf_debug_ss_get_number_elements 000000018002f7b0 f   sfc_debug:sfdb_symbol_scope.obj
 0001:0002e7d0       sf_debug_ss_fill_data_struct 000000018002f7d0 f   sfc_debug:sfdb_symbol_scope.obj
 0001:0002eb20       sf_debug_ss_reset_data_info 000000018002fb20 f   sfc_debug:sfdb_symbol_scope.obj
 0001:0002eb80       sf_debug_fill_data_info_by_symbol_scope_entry 000000018002fb80 f   sfc_debug:sfdb_symbol_scope.obj
 0001:0002ec40       sf_debug_fill_data_info_by_data_vector 000000018002fc40 f   sfc_debug:sfdb_symbol_scope.obj
 0001:0002ee90       get_data_info_helper       000000018002fe90 f   sfc_debug:sfdb_symbol_scope.obj
 0001:0002f180       sf_debug_ss_get_data_info  0000000180030180 f   sfc_debug:sfdb_symbol_scope.obj
 0001:0002f3a0       sf_debug_select_mex_function 00000001800303a0 f   sfc_debug:sfdb_symbol_scope.obj
 0001:0002f3d0       sf_debug_is_dyn_matrix_initialized 00000001800303d0 f   sfc_debug:sfdb_symbol_scope.obj
 0001:0002f3f0       sf_debug_ss_set_data_value_try 00000001800303f0 f   sfc_debug:sfdb_symbol_scope.obj
 0001:0002f5e0       sf_debug_ss_get_data_value 00000001800305e0 f   sfc_debug:sfdb_symbol_scope.obj
 0001:0002fd40       sf_debug_ss_data_bytes_string 0000000180030d40 f   sfc_debug:sfdb_symbol_scope.obj
 0001:0002fdd0       sf_debug_ss_data_class_string 0000000180030dd0 f   sfc_debug:sfdb_symbol_scope.obj
 0001:00030150       sf_debug_ss_data_size_string 0000000180031150 f   sfc_debug:sfdb_symbol_scope.obj
 0001:00030230       sf_debug_ss_data_create_data_info_struct 0000000180031230 f   sfc_debug:sfdb_symbol_scope.obj
 0001:000304e0       sf_debug_ss_data_create_name_value_pair 00000001800314e0 f   sfc_debug:sfdb_symbol_scope.obj
 0001:00030580       sf_debug_ss_data_get_whos_info 0000000180031580 f   sfc_debug:sfdb_symbol_scope.obj
 0001:00030590       same_named_data_in_data_array 0000000180031590 f   sfc_debug:sfdb_symbol_scope.obj
 0001:00031d20       sf_debug_cc_terminate_chart 0000000180032d20 f   sfc_debug:sfdb_coverage.obj
 0001:00032030       sf_debug_cc_terminate_instance 0000000180033030 f   sfc_debug:sfdb_coverage.obj
 0001:00032c00       sf_debug_cc_mark_object_if_needed 0000000180033c00 f   sfc_debug:sfdb_coverage.obj
 0001:00033480       sf_debug_bm_initialize_eml 0000000180034480 f   sfc_debug:sfdb_breakpoints.obj
 0001:00034540       sf_debug_bm_map_debug_tag_to_breakpoint_tag 0000000180035540 f   sfc_debug:sfdb_breakpoints.obj
 0001:00034620       sf_debug_bm_is_a_eml_breakpoint_impl 0000000180035620 f   sfc_debug:sfdb_breakpoints.obj
 0001:00035f50       sf_debug_sc_push_on_error_stack 0000000180036f50 f   sfc_debug:sfdb_state_consistency.obj
 0001:00036070       sf_debug_sc_reset_error_stack 0000000180037070 f   sfc_debug:sfdb_state_consistency.obj
 0001:00036200       sf_debug_sc_is_state_inconsistent 0000000180037200 f   sfc_debug:sfdb_state_consistency.obj
 0001:000364f0       sf_debug_sc_fill_consistency_info 00000001800374f0 f   sfc_debug:sfdb_state_consistency.obj
 0001:00036a90       void_assertion_fcn         0000000180037a90 f   sfc_debug:sfdb_call_stack.obj
 0001:00036fe0       sf_debug_tm_fill_local_trace 0000000180037fe0 f   sfc_debug:sfdb_call_stack.obj
 0001:00037580       sf_debug_cd_terminate_instance 0000000180038580 f   sfc_debug:sfdb_cycle_detection.obj
 0001:000375e0       sf_debug_cd_free_checksum_stack 00000001800385e0 f   sfc_debug:sfdb_cycle_detection.obj
 0001:00037630       sf_debug_cd_reset_pack_strings 0000000180038630 f   sfc_debug:sfdb_cycle_detection.obj
 0001:00037cd0       md5file_clear              0000000180038cd0 f   sfc_debug:ckmd5.obj
 0001:00037d00       Encode                     0000000180038d00 f   sfc_debug:ckmd5.obj
 0001:00037d50       Decode                     0000000180038d50 f   sfc_debug:ckmd5.obj
 0001:00037df0       MD5Transform               0000000180038df0 f   sfc_debug:ckmd5.obj
 0001:00038650       md5file_addn               0000000180039650 f   sfc_debug:ckmd5.obj
 0001:00038720       md5file_hash               0000000180039720 f   sfc_debug:ckmd5.obj
 0001:00038c18       pre_c_init                 0000000180039c18 f   MSVCRT:crtdll.obj
 0001:00038ed4       __DllMainCRTStartup        0000000180039ed4 f   MSVCRT:crtdll.obj
 0001:000395d0       __DllMainCRTStartup$filt$0 000000018003a5d0 f   MSVCRT:crtdll.obj
 0001:00039600       __DllMainCRTStartup$fin$1  000000018003a600 f   MSVCRT:crtdll.obj
 0001:0003961a       _onexit$fin$0              000000018003a61a f   MSVCRT:atonexit.obj
 0001:00039640       _IsNonwritableInCurrentImage$filt$0 000000018003a640 f   MSVCRT:pesect.obj
